Archive member included to satisfy reference by file (symbol)

c:/intelfpga_lite/18.1/nios2eds/bin/gnu/h-x86_64-mingw32/bin/../lib/gcc/nios2-elf/5.3.0/../../../../../H-x86_64-mingw32/nios2-elf/lib\libsmallc.a(lib_a-malloc.o)
                              obj/default/hello_world.o (malloc)
c:/intelfpga_lite/18.1/nios2eds/bin/gnu/h-x86_64-mingw32/bin/../lib/gcc/nios2-elf/5.3.0/../../../../../H-x86_64-mingw32/nios2-elf/lib\libsmallc.a(lib_a-nano-freer.o)
                              c:/intelfpga_lite/18.1/nios2eds/bin/gnu/h-x86_64-mingw32/bin/../lib/gcc/nios2-elf/5.3.0/../../../../../H-x86_64-mingw32/nios2-elf/lib\libsmallc.a(lib_a-malloc.o) (_free_r)
c:/intelfpga_lite/18.1/nios2eds/bin/gnu/h-x86_64-mingw32/bin/../lib/gcc/nios2-elf/5.3.0/../../../../../H-x86_64-mingw32/nios2-elf/lib\libsmallc.a(lib_a-nano-mallocr.o)
                              c:/intelfpga_lite/18.1/nios2eds/bin/gnu/h-x86_64-mingw32/bin/../lib/gcc/nios2-elf/5.3.0/../../../../../H-x86_64-mingw32/nios2-elf/lib\libsmallc.a(lib_a-malloc.o) (_malloc_r)
c:/intelfpga_lite/18.1/nios2eds/bin/gnu/h-x86_64-mingw32/bin/../lib/gcc/nios2-elf/5.3.0/../../../../../H-x86_64-mingw32/nios2-elf/lib\libsmallc.a(lib_a-puts.o)
                              obj/default/hello_world.o (puts)
c:/intelfpga_lite/18.1/nios2eds/bin/gnu/h-x86_64-mingw32/bin/../lib/gcc/nios2-elf/5.3.0/../../../../../H-x86_64-mingw32/nios2-elf/lib\libsmallc.a(lib_a-sbrkr.o)
                              c:/intelfpga_lite/18.1/nios2eds/bin/gnu/h-x86_64-mingw32/bin/../lib/gcc/nios2-elf/5.3.0/../../../../../H-x86_64-mingw32/nios2-elf/lib\libsmallc.a(lib_a-nano-mallocr.o) (_sbrk_r)
c:/intelfpga_lite/18.1/nios2eds/bin/gnu/h-x86_64-mingw32/bin/../lib/gcc/nios2-elf/5.3.0/../../../../../H-x86_64-mingw32/nios2-elf/lib\libsmallc.a(lib_a-strlen.o)
                              c:/intelfpga_lite/18.1/nios2eds/bin/gnu/h-x86_64-mingw32/bin/../lib/gcc/nios2-elf/5.3.0/../../../../../H-x86_64-mingw32/nios2-elf/lib\libsmallc.a(lib_a-puts.o) (strlen)
c:/intelfpga_lite/18.1/nios2eds/bin/gnu/h-x86_64-mingw32/bin/../lib/gcc/nios2-elf/5.3.0/../../../../../H-x86_64-mingw32/nios2-elf/lib\libsmallc.a(lib_a-fvwrite_small_dev.o)
                              c:/intelfpga_lite/18.1/nios2eds/bin/gnu/h-x86_64-mingw32/bin/../lib/gcc/nios2-elf/5.3.0/../../../../../H-x86_64-mingw32/nios2-elf/lib\libsmallc.a(lib_a-puts.o) (__sfvwrite_small_dev)
c:/intelfpga_lite/18.1/nios2eds/bin/gnu/h-x86_64-mingw32/bin/../lib/gcc/nios2-elf/5.3.0/../../../../../H-x86_64-mingw32/nios2-elf/lib\libsmallc.a(lib_a-impure.o)
                              c:/intelfpga_lite/18.1/nios2eds/bin/gnu/h-x86_64-mingw32/bin/../lib/gcc/nios2-elf/5.3.0/../../../../../H-x86_64-mingw32/nios2-elf/lib\libsmallc.a(lib_a-malloc.o) (_impure_ptr)
c:/intelfpga_lite/18.1/nios2eds/bin/gnu/h-x86_64-mingw32/bin/../lib/gcc/nios2-elf/5.3.0/../../../../../H-x86_64-mingw32/nios2-elf/lib\libsmallc.a(lib_a-int_errno.o)
                              c:/intelfpga_lite/18.1/nios2eds/bin/gnu/h-x86_64-mingw32/bin/../lib/gcc/nios2-elf/5.3.0/../../../../../H-x86_64-mingw32/nios2-elf/lib\libsmallc.a(lib_a-sbrkr.o) (errno)
c:/intelfpga_lite/18.1/nios2eds/bin/gnu/h-x86_64-mingw32/bin/../lib/gcc/nios2-elf/5.3.0/../../../../../H-x86_64-mingw32/nios2-elf/lib\libsmallc.a(lib_a-writer.o)
                              c:/intelfpga_lite/18.1/nios2eds/bin/gnu/h-x86_64-mingw32/bin/../lib/gcc/nios2-elf/5.3.0/../../../../../H-x86_64-mingw32/nios2-elf/lib\libsmallc.a(lib_a-fvwrite_small_dev.o) (_write_r)
../Test_39_bsp/\libhal_bsp.a(alt_load.o)
                              ../Test_39_bsp//obj/HAL/src/crt0.o (alt_load)
../Test_39_bsp/\libhal_bsp.a(alt_main.o)
                              ../Test_39_bsp//obj/HAL/src/crt0.o (alt_main)
../Test_39_bsp/\libhal_bsp.a(alt_sbrk.o)
                              c:/intelfpga_lite/18.1/nios2eds/bin/gnu/h-x86_64-mingw32/bin/../lib/gcc/nios2-elf/5.3.0/../../../../../H-x86_64-mingw32/nios2-elf/lib\libsmallc.a(lib_a-sbrkr.o) (sbrk)
../Test_39_bsp/\libhal_bsp.a(alt_usleep.o)
                              obj/default/hello_world.o (usleep)
../Test_39_bsp/\libhal_bsp.a(alt_write.o)
                              c:/intelfpga_lite/18.1/nios2eds/bin/gnu/h-x86_64-mingw32/bin/../lib/gcc/nios2-elf/5.3.0/../../../../../H-x86_64-mingw32/nios2-elf/lib\libsmallc.a(lib_a-writer.o) (write)
../Test_39_bsp/\libhal_bsp.a(alt_sys_init.o)
                              ../Test_39_bsp/\libhal_bsp.a(alt_main.o) (alt_irq_init)
../Test_39_bsp/\libhal_bsp.a(altera_avalon_jtag_uart_fd.o)
                              ../Test_39_bsp/\libhal_bsp.a(alt_sys_init.o) (altera_avalon_jtag_uart_read_fd)
../Test_39_bsp/\libhal_bsp.a(altera_avalon_jtag_uart_read.o)
                              ../Test_39_bsp/\libhal_bsp.a(altera_avalon_jtag_uart_fd.o) (altera_avalon_jtag_uart_read)
../Test_39_bsp/\libhal_bsp.a(altera_avalon_jtag_uart_write.o)
                              ../Test_39_bsp/\libhal_bsp.a(altera_avalon_jtag_uart_fd.o) (altera_avalon_jtag_uart_write)
[...]
Memory Configuration

Name             Origin             Length             Attributes
mem_if_lpddr2_emif_0 0x0000000000000000 0x0000000010000000
reset            0x0000000010008000 0x0000000000000020
onchip_mem       0x0000000010008020 0x0000000000007fdf
*default*        0x0000000000000000 0xffffffffffffffff

Linker script and memory map

LOAD ../Test_39_bsp//obj/HAL/src/crt0.o
LOAD obj/default/hello_world.o
LOAD c:/intelfpga_lite/18.1/nios2eds/bin/gnu/h-x86_64-mingw32/bin/../lib/gcc/nios2-elf/5.3.0/../../../../../H-x86_64-mingw32/nios2-elf/lib\libstdc++.a
LOAD c:/intelfpga_lite/18.1/nios2eds/bin/gnu/h-x86_64-mingw32/bin/../lib/gcc/nios2-elf/5.3.0/../../../../../H-x86_64-mingw32/nios2-elf/lib\libm.a
LOAD c:/intelfpga_lite/18.1/nios2eds/bin/gnu/h-x86_64-mingw32/bin/../lib/gcc/nios2-elf/5.3.0\libgcc.a
START GROUP
LOAD c:/intelfpga_lite/18.1/nios2eds/bin/gnu/h-x86_64-mingw32/bin/../lib/gcc/nios2-elf/5.3.0/../../../../../H-x86_64-mingw32/nios2-elf/lib\libsmallc.a
LOAD c:/intelfpga_lite/18.1/nios2eds/bin/gnu/h-x86_64-mingw32/bin/../lib/gcc/nios2-elf/5.3.0\libgcc.a
LOAD ../Test_39_bsp/\libhal_bsp.a
LOAD c:/intelfpga_lite/18.1/nios2eds/bin/gnu/h-x86_64-mingw32/bin/../lib/gcc/nios2-elf/5.3.0/../../../../../H-x86_64-mingw32/nios2-elf/lib\libm.a
END GROUP
LOAD c:/intelfpga_lite/18.1/nios2eds/bin/gnu/h-x86_64-mingw32/bin/../lib/gcc/nios2-elf/5.3.0\libgcc.a
                0x0000000000000000                __alt_mem_mem_if_lpddr2_emif_0 = 0x0
                0x0000000010008000                __alt_mem_onchip_mem = 0x10008000

.entry          0x0000000010008000       0x20
 *(.entry)
 .entry         0x0000000010008000       0x20 ../Test_39_bsp//obj/HAL/src/crt0.o
                0x0000000010008000                __reset

.exceptions     0x0000000010008020      0x224
                0x0000000010008020                PROVIDE (__ram_exceptions_start, ABSOLUTE (.))
                0x0000000010008020                . = ALIGN (0x20)
 *(.irq)
 *(.exceptions.entry.label)
 .exceptions.entry.label
                0x0000000010008020        0x0 ../Test_39_bsp/\libhal_bsp.a(alt_irq_entry.o)
                0x0000000010008020                alt_irq_entry
 .exceptions.entry.label
                0x0000000010008020        0x0 ../Test_39_bsp/\libhal_bsp.a(alt_exception_entry.o)
                0x0000000010008020                alt_exception
 *(.exceptions.entry.user)
 *(.exceptions.entry.ecc_fatal)
 *(.exceptions.entry)
 .exceptions.entry
                0x0000000010008020       0x54 ../Test_39_bsp/\libhal_bsp.a(alt_exception_entry.o)
 *(.exceptions.irqtest.user)
 *(.exceptions.irqtest)
 .exceptions.irqtest
                0x0000000010008074       0x10 ../Test_39_bsp/\libhal_bsp.a(alt_irq_entry.o)
 *(.exceptions.irqhandler.user)
 *(.exceptions.irqhandler)
 .exceptions.irqhandler
                0x0000000010008084        0x4 ../Test_39_bsp/\libhal_bsp.a(alt_irq_entry.o)
 *(.exceptions.irqreturn.user)
 *(.exceptions.irqreturn)
 .exceptions.irqreturn
                0x0000000010008088        0x4 ../Test_39_bsp/\libhal_bsp.a(alt_irq_entry.o)
 *(.exceptions.notirq.label)
 .exceptions.notirq.label
                0x000000001000808c        0x0 ../Test_39_bsp/\libhal_bsp.a(alt_irq_entry.o)
 *(.exceptions.notirq.user)
 *(.exceptions.notirq)
 .exceptions.notirq
                0x000000001000808c        0x8 ../Test_39_bsp/\libhal_bsp.a(alt_exception_entry.o)
 *(.exceptions.soft.user)
 *(.exceptions.soft)
 *(.exceptions.unknown.user)
 *(.exceptions.unknown)
 .exceptions.unknown
                0x0000000010008094       0x14 ../Test_39_bsp/\libhal_bsp.a(alt_exception_entry.o)
 *(.exceptions.exit.label)
 .exceptions.exit.label
                0x00000000100080a8        0x0 ../Test_39_bsp/\libhal_bsp.a(alt_irq_entry.o)
 .exceptions.exit.label
                0x00000000100080a8        0x0 ../Test_39_bsp/\libhal_bsp.a(alt_exception_entry.o)
 *(.exceptions.exit.user)
 *(.exceptions.exit)
 .exceptions.exit
                0x00000000100080a8       0x54 ../Test_39_bsp/\libhal_bsp.a(alt_exception_entry.o)
 *(.exceptions)
 .exceptions    0x00000000100080fc       0xd4 ../Test_39_bsp/\libhal_bsp.a(alt_irq_handler.o)
                0x00000000100080fc                alt_irq_handler
 .exceptions    0x00000000100081d0       0x74 ../Test_39_bsp/\libhal_bsp.a(alt_instruction_exception_entry.o)
                0x00000000100081d0                alt_instruction_exception_entry
                0x0000000010008244                PROVIDE (__ram_exceptions_end, ABSOLUTE (.))
                0x0000000010008020                PROVIDE (__flash_exceptions_start, LOADADDR (.exceptions))

.text           0x0000000010008244     0x2eac
                [!provide]                        PROVIDE (stext, ABSOLUTE (.))
 *(.interp)
 *(.hash)
 *(.dynsym)
 *(.dynstr)
 *(.gnu.version)
 *(.gnu.version_d)
 *(.gnu.version_r)
 *(.rel.init)
 *(.rela.init)
 *(.rel.text .rel.text.* .rel.gnu.linkonce.t.*)
 *(.rela.text .rela.text.* .rela.gnu.linkonce.t.*)
 *(.rel.fini)
 *(.rela.fini)
 *(.rel.rodata .rel.rodata.* .rel.gnu.linkonce.r.*)
 *(.rela.rodata .rela.rodata.* .rela.gnu.linkonce.r.*)
 *(.rel.data .rel.data.* .rel.gnu.linkonce.d.*)
 *(.rela.data .rela.data.* .rela.gnu.linkonce.d.*)
 *(.rel.tdata .rel.tdata.* .rel.gnu.linkonce.td.*)
 *(.rela.tdata .rela.tdata.* .rela.gnu.linkonce.td.*)
 *(.rel.tbss .rel.tbss.* .rel.gnu.linkonce.tb.*)
 *(.rela.tbss .rela.tbss.* .rela.gnu.linkonce.tb.*)
 *(.rel.ctors)
 *(.rela.ctors)
 *(.rel.dtors)
 *(.rela.dtors)
 *(.rel.got)
 *(.rela.got)
 *(.rel.sdata .rel.sdata.* .rel.gnu.linkonce.s.*)
 *(.rela.sdata .rela.sdata.* .rela.gnu.linkonce.s.*)
 *(.rel.sbss .rel.sbss.* .rel.gnu.linkonce.sb.*)
 *(.rela.sbss .rela.sbss.* .rela.gnu.linkonce.sb.*)
 *(.rel.sdata2 .rel.sdata2.* .rel.gnu.linkonce.s2.*)
 *(.rela.sdata2 .rela.sdata2.* .rela.gnu.linkonce.s2.*)
 *(.rel.sbss2 .rel.sbss2.* .rel.gnu.linkonce.sb2.*)
 *(.rela.sbss2 .rela.sbss2.* .rela.gnu.linkonce.sb2.*)
 *(.rel.bss .rel.bss.* .rel.gnu.linkonce.b.*)
 *(.rela.bss .rela.bss.* .rela.gnu.linkonce.b.*)
 *(.rel.plt)
 *(.rela.plt)
 *(.rel.dyn)
 *(.init)
 *(.plt)
 *(.text .stub .text.* .gnu.linkonce.t.*)
 .text          0x0000000010008244       0x3c ../Test_39_bsp//obj/HAL/src/crt0.o
                0x0000000010008244                _start
 .text          0x0000000010008280      0xa28 obj/default/hello_world.o
                0x0000000010008280                isKthBitSet
                0x00000000100082c8                main
 .text          0x0000000010008ca8        0x0 c:/intelfpga_lite/18.1/nios2eds/bin/gnu/h-x86_64-mingw32/bin/../lib/gcc/nios2-elf/5.3.0/../../../../../H-x86_64-mingw32/nios2-elf/lib\libsmallc.a(lib_a-malloc.o)
 .text.malloc   0x0000000010008ca8       0x14 c:/intelfpga_lite/18.1/nios2eds/bin/gnu/h-x86_64-mingw32/bin/../lib/gcc/nios2-elf/5.3.0/../../../../../H-x86_64-mingw32/nios2-elf/lib\libsmallc.a(lib_a-malloc.o)
                0x0000000010008ca8                malloc
 .text.free     0x0000000010008cbc       0x14 c:/intelfpga_lite/18.1/nios2eds/bin/gnu/h-x86_64-mingw32/bin/../lib/gcc/nios2-elf/5.3.0/../../../../../H-x86_64-mingw32/nios2-elf/lib\libsmallc.a(lib_a-malloc.o)
                0x0000000010008cbc                free
 .text          0x0000000010008cd0        0x0 c:/intelfpga_lite/18.1/nios2eds/bin/gnu/h-x86_64-mingw32/bin/../lib/gcc/nios2-elf/5.3.0/../../../../../H-x86_64-mingw32/nios2-elf/lib\libsmallc.a(lib_a-nano-freer.o)
 .text._free_r  0x0000000010008cd0       0xe4 c:/intelfpga_lite/18.1/nios2eds/bin/gnu/h-x86_64-mingw32/bin/../lib/gcc/nios2-elf/5.3.0/../../../../../H-x86_64-mingw32/nios2-elf/lib\libsmallc.a(lib_a-nano-freer.o)
                0x0000000010008cd0                _free_r
 .text          0x0000000010008db4        0x0 c:/intelfpga_lite/18.1/nios2eds/bin/gnu/h-x86_64-mingw32/bin/../lib/gcc/nios2-elf/5.3.0/../../../../../H-x86_64-mingw32/nios2-elf/lib\libsmallc.a(lib_a-nano-mallocr.o)
 .text._malloc_r
                0x0000000010008db4      0x158 c:/intelfpga_lite/18.1/nios2eds/bin/gnu/h-x86_64-mingw32/bin/../lib/gcc/nios2-elf/5.3.0/../../../../../H-x86_64-mingw32/nios2-elf/lib\libsmallc.a(lib_a-nano-mallocr.o)
                0x0000000010008db4                _malloc_r
 .text          0x0000000010008f0c        0x0 c:/intelfpga_lite/18.1/nios2eds/bin/gnu/h-x86_64-mingw32/bin/../lib/gcc/nios2-elf/5.3.0/../../../../../H-x86_64-mingw32/nios2-elf/lib\libsmallc.a(lib_a-puts.o)
 .text._puts_r  0x0000000010008f0c       0x80 c:/intelfpga_lite/18.1/nios2eds/bin/gnu/h-x86_64-mingw32/bin/../lib/gcc/nios2-elf/5.3.0/../../../../../H-x86_64-mingw32/nios2-elf/lib\libsmallc.a(lib_a-puts.o)
                0x0000000010008f0c                _puts_r
 .text.puts     0x0000000010008f8c       0x14 c:/intelfpga_lite/18.1/nios2eds/bin/gnu/h-x86_64-mingw32/bin/../lib/gcc/nios2-elf/5.3.0/../../../../../H-x86_64-mingw32/nios2-elf/lib\libsmallc.a(lib_a-puts.o)
                0x0000000010008f8c                puts
 .text          0x0000000010008fa0        0x0 c:/intelfpga_lite/18.1/nios2eds/bin/gnu/h-x86_64-mingw32/bin/../lib/gcc/nios2-elf/5.3.0/../../../../../H-x86_64-mingw32/nios2-elf/lib\libsmallc.a(lib_a-sbrkr.o)
 .text._sbrk_r  0x0000000010008fa0       0x50 c:/intelfpga_lite/18.1/nios2eds/bin/gnu/h-x86_64-mingw32/bin/../lib/gcc/nios2-elf/5.3.0/../../../../../H-x86_64-mingw32/nios2-elf/lib\libsmallc.a(lib_a-sbrkr.o)
                0x0000000010008fa0                _sbrk_r
 .text          0x0000000010008ff0        0x0 c:/intelfpga_lite/18.1/nios2eds/bin/gnu/h-x86_64-mingw32/bin/../lib/gcc/nios2-elf/5.3.0/../../../../../H-x86_64-mingw32/nios2-elf/lib\libsmallc.a(lib_a-strlen.o)
 .text.strlen   0x0000000010008ff0       0x1c c:/intelfpga_lite/18.1/nios2eds/bin/gnu/h-x86_64-mingw32/bin/../lib/gcc/nios2-elf/5.3.0/../../../../../H-x86_64-mingw32/nios2-elf/lib\libsmallc.a(lib_a-strlen.o)
                0x0000000010008ff0                strlen
 .text          0x000000001000900c        0x0 c:/intelfpga_lite/18.1/nios2eds/bin/gnu/h-x86_64-mingw32/bin/../lib/gcc/nios2-elf/5.3.0/../../../../../H-x86_64-mingw32/nios2-elf/lib\libsmallc.a(lib_a-fvwrite_small_dev.o)
 .text.__sfvwrite_small_dev
                0x000000001000900c       0xb8 c:/intelfpga_lite/18.1/nios2eds/bin/gnu/h-x86_64-mingw32/bin/../lib/gcc/nios2-elf/5.3.0/../../../../../H-x86_64-mingw32/nios2-elf/lib\libsmallc.a(lib_a-fvwrite_small_dev.o)
                0x000000001000900c                __sfvwrite_small_dev
 .text          0x00000000100090c4        0x0 c:/intelfpga_lite/18.1/nios2eds/bin/gnu/h-x86_64-mingw32/bin/../lib/gcc/nios2-elf/5.3.0/../../../../../H-x86_64-mingw32/nios2-elf/lib\libsmallc.a(lib_a-impure.o)
 .text          0x00000000100090c4        0x0 c:/intelfpga_lite/18.1/nios2eds/bin/gnu/h-x86_64-mingw32/bin/../lib/gcc/nios2-elf/5.3.0/../../../../../H-x86_64-mingw32/nios2-elf/lib\libsmallc.a(lib_a-int_errno.o)
 .text          0x00000000100090c4        0x0 c:/intelfpga_lite/18.1/nios2eds/bin/gnu/h-x86_64-mingw32/bin/../lib/gcc/nios2-elf/5.3.0/../../../../../H-x86_64-mingw32/nios2-elf/lib\libsmallc.a(lib_a-writer.o)
 .text._write_r
                0x00000000100090c4       0x58 c:/intelfpga_lite/18.1/nios2eds/bin/gnu/h-x86_64-mingw32/bin/../lib/gcc/nios2-elf/5.3.0/../../../../../H-x86_64-mingw32/nios2-elf/lib\libsmallc.a(lib_a-writer.o)
                0x00000000100090c4                _write_r
 .text          0x000000001000911c       0xec ../Test_39_bsp/\libhal_bsp.a(alt_load.o)
                0x0000000010009184                alt_load
 .text          0x0000000010009208       0x7c ../Test_39_bsp/\libhal_bsp.a(alt_main.o)
                0x0000000010009208                alt_main
 .text          0x0000000010009284       0xb0 ../Test_39_bsp/\libhal_bsp.a(alt_sbrk.o)
                0x0000000010009284                sbrk
 .text          0x0000000010009334       0x30 ../Test_39_bsp/\libhal_bsp.a(alt_usleep.o)
                0x0000000010009334                usleep
 .text          0x0000000010009364      0x134 ../Test_39_bsp/\libhal_bsp.a(alt_write.o)
                0x00000000100093a0                write
 .text          0x0000000010009498       0xc8 ../Test_39_bsp/\libhal_bsp.a(alt_sys_init.o)
                0x00000000100094cc                alt_irq_init
                0x0000000010009504                alt_sys_init
 .text          0x0000000010009560       0xc0 ../Test_39_bsp/\libhal_bsp.a(altera_avalon_jtag_uart_fd.o)
                0x0000000010009560                altera_avalon_jtag_uart_read_fd
                0x00000000100095c0                altera_avalon_jtag_uart_write_fd
 .text          0x0000000010009620       0xec ../Test_39_bsp/\libhal_bsp.a(altera_avalon_jtag_uart_read.o)
                0x0000000010009620                altera_avalon_jtag_uart_read
 .text          0x000000001000970c       0x94 ../Test_39_bsp/\libhal_bsp.a(altera_avalon_jtag_uart_write.o)
                0x000000001000970c                altera_avalon_jtag_uart_write
 .text          0x00000000100097a0       0xf4 ../Test_39_bsp/\libhal_bsp.a(altera_avalon_timer_sc.o)
                0x0000000010009818                alt_avalon_timer_sc_init
 .text          0x0000000010009894       0xc0 ../Test_39_bsp/\libhal_bsp.a(altera_avalon_uart_fd.o)
                0x0000000010009894                altera_avalon_uart_read_fd
                0x00000000100098f4                altera_avalon_uart_write_fd
 .text          0x0000000010009954      0x100 ../Test_39_bsp/\libhal_bsp.a(altera_avalon_uart_read.o)
                0x0000000010009990                altera_avalon_uart_read
 .text          0x0000000010009a54      0x11c ../Test_39_bsp/\libhal_bsp.a(altera_avalon_uart_write.o)
                0x0000000010009a90                altera_avalon_uart_write
 .text          0x0000000010009b70      0x158 ../Test_39_bsp/\libhal_bsp.a(alt_busy_sleep.o)
                0x0000000010009b70                alt_busy_sleep
 .text          0x0000000010009cc8      0x10c ../Test_39_bsp/\libhal_bsp.a(alt_close.o)
                0x0000000010009d04                close
 .text          0x0000000010009dd4       0x20 ../Test_39_bsp/\libhal_bsp.a(alt_dcache_flush_all.o)
                0x0000000010009dd4                alt_dcache_flush_all
 .text          0x0000000010009df4       0x2c ../Test_39_bsp/\libhal_bsp.a(alt_dev.o)
 .text          0x0000000010009e20       0xe0 ../Test_39_bsp/\libhal_bsp.a(alt_dev_llist_insert.o)
                0x0000000010009e5c                alt_dev_llist_insert
 .text          0x0000000010009f00       0x60 ../Test_39_bsp/\libhal_bsp.a(alt_do_ctors.o)
                0x0000000010009f00                _do_ctors
 .text          0x0000000010009f60       0x60 ../Test_39_bsp/\libhal_bsp.a(alt_do_dtors.o)
                0x0000000010009f60                _do_dtors
 .text          0x0000000010009fc0        0x0 ../Test_39_bsp/\libhal_bsp.a(alt_errno.o)
 .text          0x0000000010009fc0       0x34 ../Test_39_bsp/\libhal_bsp.a(alt_icache_flush_all.o)
                0x0000000010009fc0                alt_icache_flush_all
 .text          0x0000000010009ff4      0x1b0 ../Test_39_bsp/\libhal_bsp.a(alt_iic.o)
                0x0000000010009ff4                alt_ic_isr_register
                0x000000001000a044                alt_ic_irq_enable
                0x000000001000a0cc                alt_ic_irq_disable
                0x000000001000a158                alt_ic_irq_enabled
 .text          0x000000001000a1a4       0xf0 ../Test_39_bsp/\libhal_bsp.a(alt_iic_isr_register.o)
                0x000000001000a1a4                alt_iic_isr_register
 .text          0x000000001000a294      0x140 ../Test_39_bsp/\libhal_bsp.a(alt_io_redirect.o)
                0x000000001000a358                alt_io_redirect
 .text          0x000000001000a3d4        0x0 ../Test_39_bsp/\libhal_bsp.a(alt_irq_entry.o)
 .text          0x000000001000a3d4        0x0 ../Test_39_bsp/\libhal_bsp.a(alt_irq_handler.o)
 .text          0x000000001000a3d4        0x0 ../Test_39_bsp/\libhal_bsp.a(alt_irq_vars.o)
 .text          0x000000001000a3d4      0x254 ../Test_39_bsp/\libhal_bsp.a(alt_open.o)
                0x000000001000a4d4                open
 .text          0x000000001000a628       0x64 ../Test_39_bsp/\libhal_bsp.a(alt_release_fd.o)
                0x000000001000a628                alt_release_fd
 .text          0x000000001000a68c      0x1a4 ../Test_39_bsp/\libhal_bsp.a(alt_tick.o)
                0x000000001000a68c                alt_alarm_stop
                0x000000001000a728                alt_tick
 .text          0x000000001000a830       0x24 ../Test_39_bsp/\libhal_bsp.a(altera_nios2_gen2_irq.o)
                0x000000001000a830                altera_nios2_gen2_irq_init
 .text          0x000000001000a854        0x0 ../Test_39_bsp/\libhal_bsp.a(alt_exception_entry.o)
 .text          0x000000001000a854       0x90 ../Test_39_bsp/\libhal_bsp.a(alt_find_dev.o)
                0x000000001000a854                alt_find_dev
 .text          0x000000001000a8e4      0x108 ../Test_39_bsp/\libhal_bsp.a(alt_find_file.o)
                0x000000001000a8e4                alt_find_file
 .text          0x000000001000a9ec       0xa4 ../Test_39_bsp/\libhal_bsp.a(alt_get_fd.o)
                0x000000001000a9ec                alt_get_fd
 .text          0x000000001000aa90       0x90 ../Test_39_bsp/\libhal_bsp.a(alt_icache_flush.o)
                0x000000001000aa90                alt_icache_flush
 .text          0x000000001000ab20       0x9c ../Test_39_bsp/\libhal_bsp.a(alt_instruction_exception_entry.o)
                0x000000001000ab20                alt_exception_cause_generated_bad_addr
 .text          0x000000001000abbc        0x0 c:/intelfpga_lite/18.1/nios2eds/bin/gnu/h-x86_64-mingw32/bin/../lib/gcc/nios2-elf/5.3.0/../../../../../H-x86_64-mingw32/nios2-elf/lib\libsmallc.a(lib_a-atexit.o)
 .text.atexit   0x000000001000abbc       0x14 c:/intelfpga_lite/18.1/nios2eds/bin/gnu/h-x86_64-mingw32/bin/../lib/gcc/nios2-elf/5.3.0/../../../../../H-x86_64-mingw32/nios2-elf/lib\libsmallc.a(lib_a-atexit.o)
                0x000000001000abbc                atexit
 .text          0x000000001000abd0        0x0 c:/intelfpga_lite/18.1/nios2eds/bin/gnu/h-x86_64-mingw32/bin/../lib/gcc/nios2-elf/5.3.0/../../../../../H-x86_64-mingw32/nios2-elf/lib\libsmallc.a(lib_a-exit.o)
 .text.exit     0x000000001000abd0       0x20 c:/intelfpga_lite/18.1/nios2eds/bin/gnu/h-x86_64-mingw32/bin/../lib/gcc/nios2-elf/5.3.0/../../../../../H-x86_64-mingw32/nios2-elf/lib\libsmallc.a(lib_a-exit.o)
                0x000000001000abd0                exit
 .text          0x000000001000abf0        0x0 c:/intelfpga_lite/18.1/nios2eds/bin/gnu/h-x86_64-mingw32/bin/../lib/gcc/nios2-elf/5.3.0/../../../../../H-x86_64-mingw32/nios2-elf/lib\libsmallc.a(lib_a-memcmp.o)
 .text.memcmp   0x000000001000abf0       0x30 c:/intelfpga_lite/18.1/nios2eds/bin/gnu/h-x86_64-mingw32/bin/../lib/gcc/nios2-elf/5.3.0/../../../../../H-x86_64-mingw32/nios2-elf/lib\libsmallc.a(lib_a-memcmp.o)
                0x000000001000abf0                memcmp
 .text          0x000000001000ac20        0x0 c:/intelfpga_lite/18.1/nios2eds/bin/gnu/h-x86_64-mingw32/bin/../lib/gcc/nios2-elf/5.3.0/../../../../../H-x86_64-mingw32/nios2-elf/lib\libsmallc.a(lib_a-__atexit.o)
 .text.__register_exitproc
                0x000000001000ac20      0x158 c:/intelfpga_lite/18.1/nios2eds/bin/gnu/h-x86_64-mingw32/bin/../lib/gcc/nios2-elf/5.3.0/../../../../../H-x86_64-mingw32/nios2-elf/lib\libsmallc.a(lib_a-__atexit.o)
                0x000000001000ac20                __register_exitproc
 .text          0x000000001000ad78        0x0 c:/intelfpga_lite/18.1/nios2eds/bin/gnu/h-x86_64-mingw32/bin/../lib/gcc/nios2-elf/5.3.0/../../../../../H-x86_64-mingw32/nios2-elf/lib\libsmallc.a(lib_a-__call_atexit.o)
 .text.__call_exitprocs
                0x000000001000ad78      0x190 c:/intelfpga_lite/18.1/nios2eds/bin/gnu/h-x86_64-mingw32/bin/../lib/gcc/nios2-elf/5.3.0/../../../../../H-x86_64-mingw32/nios2-elf/lib\libsmallc.a(lib_a-__call_atexit.o)
                0x000000001000ad78                __call_exitprocs
 .text          0x000000001000af08      0x1b4 c:/intelfpga_lite/18.1/nios2eds/bin/gnu/h-x86_64-mingw32/bin/../lib/gcc/nios2-elf/5.3.0\libgcc.a(lib2-divmod.o)
                0x000000001000af08                __divsi3
                0x000000001000af8c                __modsi3
                0x000000001000b000                __udivsi3
                0x000000001000b064                __umodsi3
 .text          0x000000001000b0bc       0x34 ../Test_39_bsp/\libhal_bsp.a(alt_exit.o)
                0x000000001000b0bc                _exit
 *(.gnu.warning.*)
 *(.fini)
                [!provide]                        PROVIDE (__etext, ABSOLUTE (.))
                [!provide]                        PROVIDE (_etext, ABSOLUTE (.))
                [!provide]                        PROVIDE (etext, ABSOLUTE (.))
 *(.eh_frame_hdr)
                0x000000001000b0f0                . = ALIGN (0x4)
                [!provide]                        PROVIDE (__preinit_array_start, ABSOLUTE (.))
 *(.preinit_array)
                [!provide]                        PROVIDE (__preinit_array_end, ABSOLUTE (.))
                [!provide]                        PROVIDE (__init_array_start, ABSOLUTE (.))
 *(.init_array)
                [!provide]                        PROVIDE (__init_array_end, ABSOLUTE (.))
                [!provide]                        PROVIDE (__fini_array_start, ABSOLUTE (.))
 *(.fini_array)
                [!provide]                        PROVIDE (__fini_array_end, ABSOLUTE (.))
 *(.eh_frame)
 *(.gcc_except_table .gcc_except_table.*)
 *(.dynamic)
                0x000000001000b0f0                PROVIDE (__CTOR_LIST__, ABSOLUTE (.))
 *(.ctors)
 *(SORT(.ctors.*))
                0x000000001000b0f0                PROVIDE (__CTOR_END__, ABSOLUTE (.))
                0x000000001000b0f0                PROVIDE (__DTOR_LIST__, ABSOLUTE (.))
 *(.dtors)
 *(SORT(.dtors.*))
                0x000000001000b0f0                PROVIDE (__DTOR_END__, ABSOLUTE (.))
 *(.jcr)
                0x000000001000b0f0                . = ALIGN (0x4)

.rodata         0x0000000000000000      0x328 load address 0x000000001000b0f0
                0x0000000000000000                PROVIDE (__ram_rodata_start, ABSOLUTE (.))
                0x0000000000000000                . = ALIGN (0x4)
 *(.rodata .rodata.* .gnu.linkonce.r.*)
 .rodata        0x0000000000000000      0x2ea obj/default/hello_world.o
 *fill*         0x00000000000002ea        0x2 
 .rodata.str1.4
                0x00000000000002ec        0x4 c:/intelfpga_lite/18.1/nios2eds/bin/gnu/h-x86_64-mingw32/bin/../lib/gcc/nios2-elf/5.3.0/../../../../../H-x86_64-mingw32/nios2-elf/lib\libsmallc.a(lib_a-puts.o)
                                          0x2 (size before relaxing)
 .rodata        0x00000000000002f0        0xf ../Test_39_bsp/\libhal_bsp.a(alt_main.o)
 *fill*         0x00000000000002ff        0x1 
 .rodata        0x0000000000000300       0x1c ../Test_39_bsp/\libhal_bsp.a(alt_sys_init.o)
 .rodata        0x000000000000031c        0xa ../Test_39_bsp/\libhal_bsp.a(alt_dev.o)
 *(.rodata1)
                0x0000000000000328                . = ALIGN (0x4)
 *fill*         0x0000000000000326        0x2 
                0x0000000000000328                PROVIDE (__ram_rodata_end, ABSOLUTE (.))
                0x000000001000b0f0                PROVIDE (__flash_rodata_start, LOADADDR (.rodata))

.rwdata         0x0000000000000328      0x310 load address 0x000000001000b418
                0x0000000000000328                PROVIDE (__ram_rwdata_start, ABSOLUTE (.))
                0x0000000000000328                . = ALIGN (0x4)
 *(.got.plt)
 *(.got)
 *(.data1)
 *(.data .data.* .gnu.linkonce.d.*)
 .data          0x0000000000000328        0x0 ../Test_39_bsp//obj/HAL/src/crt0.o
 .data          0x0000000000000328        0x0 obj/default/hello_world.o
 .data          0x0000000000000328        0x0 c:/intelfpga_lite/18.1/nios2eds/bin/gnu/h-x86_64-mingw32/bin/../lib/gcc/nios2-elf/5.3.0/../../../../../H-x86_64-mingw32/nios2-elf/lib\libsmallc.a(lib_a-malloc.o)
 .data          0x0000000000000328        0x0 c:/intelfpga_lite/18.1/nios2eds/bin/gnu/h-x86_64-mingw32/bin/../lib/gcc/nios2-elf/5.3.0/../../../../../H-x86_64-mingw32/nios2-elf/lib\libsmallc.a(lib_a-nano-freer.o)
 .data          0x0000000000000328        0x0 c:/intelfpga_lite/18.1/nios2eds/bin/gnu/h-x86_64-mingw32/bin/../lib/gcc/nios2-elf/5.3.0/../../../../../H-x86_64-mingw32/nios2-elf/lib\libsmallc.a(lib_a-nano-mallocr.o)
 .data          0x0000000000000328        0x0 c:/intelfpga_lite/18.1/nios2eds/bin/gnu/h-x86_64-mingw32/bin/../lib/gcc/nios2-elf/5.3.0/../../../../../H-x86_64-mingw32/nios2-elf/lib\libsmallc.a(lib_a-puts.o)
 .data          0x0000000000000328        0x0 c:/intelfpga_lite/18.1/nios2eds/bin/gnu/h-x86_64-mingw32/bin/../lib/gcc/nios2-elf/5.3.0/../../../../../H-x86_64-mingw32/nios2-elf/lib\libsmallc.a(lib_a-sbrkr.o)
 .data          0x0000000000000328        0x0 c:/intelfpga_lite/18.1/nios2eds/bin/gnu/h-x86_64-mingw32/bin/../lib/gcc/nios2-elf/5.3.0/../../../../../H-x86_64-mingw32/nios2-elf/lib\libsmallc.a(lib_a-strlen.o)
 .data          0x0000000000000328        0x0 c:/intelfpga_lite/18.1/nios2eds/bin/gnu/h-x86_64-mingw32/bin/../lib/gcc/nios2-elf/5.3.0/../../../../../H-x86_64-mingw32/nios2-elf/lib\libsmallc.a(lib_a-fvwrite_small_dev.o)
 .data          0x0000000000000328        0x0 c:/intelfpga_lite/18.1/nios2eds/bin/gnu/h-x86_64-mingw32/bin/../lib/gcc/nios2-elf/5.3.0/../../../../../H-x86_64-mingw32/nios2-elf/lib\libsmallc.a(lib_a-impure.o)
 .data.impure_data
                0x0000000000000328       0xe0 c:/intelfpga_lite/18.1/nios2eds/bin/gnu/h-x86_64-mingw32/bin/../lib/gcc/nios2-elf/5.3.0/../../../../../H-x86_64-mingw32/nios2-elf/lib\libsmallc.a(lib_a-impure.o)
 .data          0x0000000000000408        0x0 c:/intelfpga_lite/18.1/nios2eds/bin/gnu/h-x86_64-mingw32/bin/../lib/gcc/nios2-elf/5.3.0/../../../../../H-x86_64-mingw32/nios2-elf/lib\libsmallc.a(lib_a-int_errno.o)
 .data          0x0000000000000408        0x0 c:/intelfpga_lite/18.1/nios2eds/bin/gnu/h-x86_64-mingw32/bin/../lib/gcc/nios2-elf/5.3.0/../../../../../H-x86_64-mingw32/nios2-elf/lib\libsmallc.a(lib_a-writer.o)
 .data          0x0000000000000408        0x0 ../Test_39_bsp/\libhal_bsp.a(alt_load.o)
 .data          0x0000000000000408        0x0 ../Test_39_bsp/\libhal_bsp.a(alt_main.o)
 .data          0x0000000000000408        0x0 ../Test_39_bsp/\libhal_bsp.a(alt_sbrk.o)
 .data          0x0000000000000408        0x0 ../Test_39_bsp/\libhal_bsp.a(alt_usleep.o)
 .data          0x0000000000000408        0x0 ../Test_39_bsp/\libhal_bsp.a(alt_write.o)
 .data          0x0000000000000408       0x58 ../Test_39_bsp/\libhal_bsp.a(alt_sys_init.o)
 .data          0x0000000000000460        0x0 ../Test_39_bsp/\libhal_bsp.a(altera_avalon_jtag_uart_fd.o)
 .data          0x0000000000000460        0x0 ../Test_39_bsp/\libhal_bsp.a(altera_avalon_jtag_uart_read.o)
 .data          0x0000000000000460        0x0 ../Test_39_bsp/\libhal_bsp.a(altera_avalon_jtag_uart_write.o)
 .data          0x0000000000000460        0x0 ../Test_39_bsp/\libhal_bsp.a(altera_avalon_timer_sc.o)
 .data          0x0000000000000460        0x0 ../Test_39_bsp/\libhal_bsp.a(altera_avalon_uart_fd.o)
 .data          0x0000000000000460        0x0 ../Test_39_bsp/\libhal_bsp.a(altera_avalon_uart_read.o)
 .data          0x0000000000000460        0x0 ../Test_39_bsp/\libhal_bsp.a(altera_avalon_uart_write.o)
 .data          0x0000000000000460        0x0 ../Test_39_bsp/\libhal_bsp.a(alt_busy_sleep.o)
 .data          0x0000000000000460        0x0 ../Test_39_bsp/\libhal_bsp.a(alt_close.o)
 .data          0x0000000000000460        0x0 ../Test_39_bsp/\libhal_bsp.a(alt_dcache_flush_all.o)
 .data          0x0000000000000460      0x1a8 ../Test_39_bsp/\libhal_bsp.a(alt_dev.o)
                0x0000000000000460                alt_dev_null
                0x0000000000000488                alt_fd_list
 .data          0x0000000000000608        0x0 ../Test_39_bsp/\libhal_bsp.a(alt_dev_llist_insert.o)
 .data          0x0000000000000608        0x0 ../Test_39_bsp/\libhal_bsp.a(alt_do_ctors.o)
 .data          0x0000000000000608        0x0 ../Test_39_bsp/\libhal_bsp.a(alt_do_dtors.o)
 .data          0x0000000000000608        0x0 ../Test_39_bsp/\libhal_bsp.a(alt_errno.o)
 .data          0x0000000000000608        0x0 ../Test_39_bsp/\libhal_bsp.a(alt_icache_flush_all.o)
 .data          0x0000000000000608        0x0 ../Test_39_bsp/\libhal_bsp.a(alt_iic.o)
 .data          0x0000000000000608        0x0 ../Test_39_bsp/\libhal_bsp.a(alt_iic_isr_register.o)
 .data          0x0000000000000608        0x0 ../Test_39_bsp/\libhal_bsp.a(alt_io_redirect.o)
 .data          0x0000000000000608        0x0 ../Test_39_bsp/\libhal_bsp.a(alt_irq_entry.o)
 .data          0x0000000000000608        0x0 ../Test_39_bsp/\libhal_bsp.a(alt_irq_handler.o)
 .data          0x0000000000000608        0x0 ../Test_39_bsp/\libhal_bsp.a(alt_irq_vars.o)
 .data          0x0000000000000608        0x0 ../Test_39_bsp/\libhal_bsp.a(alt_open.o)
 .data          0x0000000000000608        0x0 ../Test_39_bsp/\libhal_bsp.a(alt_release_fd.o)
 .data          0x0000000000000608        0x0 ../Test_39_bsp/\libhal_bsp.a(alt_tick.o)
 .data          0x0000000000000608        0x0 ../Test_39_bsp/\libhal_bsp.a(altera_nios2_gen2_irq.o)
 .data          0x0000000000000608        0x0 ../Test_39_bsp/\libhal_bsp.a(alt_exception_entry.o)
 .data          0x0000000000000608        0x0 ../Test_39_bsp/\libhal_bsp.a(alt_find_dev.o)
 .data          0x0000000000000608        0x0 ../Test_39_bsp/\libhal_bsp.a(alt_find_file.o)
 .data          0x0000000000000608        0x0 ../Test_39_bsp/\libhal_bsp.a(alt_get_fd.o)
 .data          0x0000000000000608        0x0 ../Test_39_bsp/\libhal_bsp.a(alt_icache_flush.o)
 .data          0x0000000000000608        0x0 ../Test_39_bsp/\libhal_bsp.a(alt_instruction_exception_entry.o)
 .data          0x0000000000000608        0x0 c:/intelfpga_lite/18.1/nios2eds/bin/gnu/h-x86_64-mingw32/bin/../lib/gcc/nios2-elf/5.3.0/../../../../../H-x86_64-mingw32/nios2-elf/lib\libsmallc.a(lib_a-atexit.o)
 .data          0x0000000000000608        0x0 c:/intelfpga_lite/18.1/nios2eds/bin/gnu/h-x86_64-mingw32/bin/../lib/gcc/nios2-elf/5.3.0/../../../../../H-x86_64-mingw32/nios2-elf/lib\libsmallc.a(lib_a-exit.o)
 .data          0x0000000000000608        0x0 c:/intelfpga_lite/18.1/nios2eds/bin/gnu/h-x86_64-mingw32/bin/../lib/gcc/nios2-elf/5.3.0/../../../../../H-x86_64-mingw32/nios2-elf/lib\libsmallc.a(lib_a-memcmp.o)
 .data          0x0000000000000608        0x0 c:/intelfpga_lite/18.1/nios2eds/bin/gnu/h-x86_64-mingw32/bin/../lib/gcc/nios2-elf/5.3.0/../../../../../H-x86_64-mingw32/nios2-elf/lib\libsmallc.a(lib_a-__atexit.o)
 .data          0x0000000000000608        0x0 c:/intelfpga_lite/18.1/nios2eds/bin/gnu/h-x86_64-mingw32/bin/../lib/gcc/nios2-elf/5.3.0/../../../../../H-x86_64-mingw32/nios2-elf/lib\libsmallc.a(lib_a-__call_atexit.o)
 .data          0x0000000000000608        0x0 c:/intelfpga_lite/18.1/nios2eds/bin/gnu/h-x86_64-mingw32/bin/../lib/gcc/nios2-elf/5.3.0\libgcc.a(lib2-divmod.o)
 .data          0x0000000000000608        0x0 ../Test_39_bsp/\libhal_bsp.a(alt_exit.o)
                0x0000000000008608                _gp = ABSOLUTE ((. + 0x8000))
                [!provide]                        PROVIDE (gp, _gp)
 *(.rwdata .rwdata.*)
 *(.sdata .sdata.* .gnu.linkonce.s.*)
 .sdata._global_impure_ptr
                0x0000000000000608        0x4 c:/intelfpga_lite/18.1/nios2eds/bin/gnu/h-x86_64-mingw32/bin/../lib/gcc/nios2-elf/5.3.0/../../../../../H-x86_64-mingw32/nios2-elf/lib\libsmallc.a(lib_a-impure.o)
                0x0000000000000608                _global_impure_ptr
 .sdata._impure_ptr
                0x000000000000060c        0x4 c:/intelfpga_lite/18.1/nios2eds/bin/gnu/h-x86_64-mingw32/bin/../lib/gcc/nios2-elf/5.3.0/../../../../../H-x86_64-mingw32/nios2-elf/lib\libsmallc.a(lib_a-impure.o)
                0x000000000000060c                _impure_ptr
 .sdata         0x0000000000000610        0x4 ../Test_39_bsp/\libhal_bsp.a(alt_sbrk.o)
 .sdata         0x0000000000000614       0x14 ../Test_39_bsp/\libhal_bsp.a(alt_dev.o)
                0x0000000000000614                alt_fs_list
                0x000000000000061c                alt_dev_list
                0x0000000000000624                alt_max_fd
 .sdata         0x0000000000000628        0x4 ../Test_39_bsp/\libhal_bsp.a(alt_errno.o)
                0x0000000000000628                alt_errno
 .sdata         0x000000000000062c        0x4 ../Test_39_bsp/\libhal_bsp.a(alt_irq_vars.o)
                0x000000000000062c                alt_priority_mask
 .sdata         0x0000000000000630        0x8 ../Test_39_bsp/\libhal_bsp.a(alt_tick.o)
                0x0000000000000630                alt_alarm_list
 *(.sdata2 .sdata2.* .gnu.linkonce.s2.*)
                0x0000000000000638                . = ALIGN (0x4)
                0x0000000000000638                _edata = ABSOLUTE (.)
                [!provide]                        PROVIDE (edata, ABSOLUTE (.))
                0x0000000000000638                PROVIDE (__ram_rwdata_end, ABSOLUTE (.))
                0x000000001000b418                PROVIDE (__flash_rwdata_start, LOADADDR (.rwdata))

.bss            0x0000000000000638      0x128 load address 0x000000001000b728
                0x0000000000000638                __bss_start = ABSOLUTE (.)
                [!provide]                        PROVIDE (__sbss_start, ABSOLUTE (.))
                [!provide]                        PROVIDE (___sbss_start, ABSOLUTE (.))
 *(.dynsbss)
 *(.sbss .sbss.* .gnu.linkonce.sb.*)
 .sbss.__malloc_sbrk_start
                0x0000000000000638        0x4 c:/intelfpga_lite/18.1/nios2eds/bin/gnu/h-x86_64-mingw32/bin/../lib/gcc/nios2-elf/5.3.0/../../../../../H-x86_64-mingw32/nios2-elf/lib\libsmallc.a(lib_a-nano-mallocr.o)
                0x0000000000000638                __malloc_sbrk_start
 .sbss.__malloc_free_list
                0x000000000000063c        0x4 c:/intelfpga_lite/18.1/nios2eds/bin/gnu/h-x86_64-mingw32/bin/../lib/gcc/nios2-elf/5.3.0/../../../../../H-x86_64-mingw32/nios2-elf/lib\libsmallc.a(lib_a-nano-mallocr.o)
                0x000000000000063c                __malloc_free_list
 .sbss          0x0000000000000640        0x4 c:/intelfpga_lite/18.1/nios2eds/bin/gnu/h-x86_64-mingw32/bin/../lib/gcc/nios2-elf/5.3.0/../../../../../H-x86_64-mingw32/nios2-elf/lib\libsmallc.a(lib_a-int_errno.o)
                0x0000000000000640                errno
 .sbss          0x0000000000000644        0xc ../Test_39_bsp/\libhal_bsp.a(alt_main.o)
                0x0000000000000644                alt_argc
                0x0000000000000648                alt_argv
                0x000000000000064c                alt_envp
 .sbss          0x0000000000000650        0x4 ../Test_39_bsp/\libhal_bsp.a(alt_irq_vars.o)
                0x0000000000000650                alt_irq_active
 .sbss          0x0000000000000654        0x8 ../Test_39_bsp/\libhal_bsp.a(alt_tick.o)
                0x0000000000000654                _alt_tick_rate
                0x0000000000000658                _alt_nticks
 .sbss          0x000000000000065c        0x4 ../Test_39_bsp/\libhal_bsp.a(alt_instruction_exception_entry.o)
                0x000000000000065c                alt_instruction_exception_handler
 *(.sbss2 .sbss2.* .gnu.linkonce.sb2.*)
 *(.scommon)
                [!provide]                        PROVIDE (__sbss_end, ABSOLUTE (.))
                [!provide]                        PROVIDE (___sbss_end, ABSOLUTE (.))
 *(.dynbss)
 *(.bss .bss.* .gnu.linkonce.b.*)
 .bss           0x0000000000000660        0x0 ../Test_39_bsp//obj/HAL/src/crt0.o
 .bss           0x0000000000000660        0x0 obj/default/hello_world.o
 .bss           0x0000000000000660        0x0 c:/intelfpga_lite/18.1/nios2eds/bin/gnu/h-x86_64-mingw32/bin/../lib/gcc/nios2-elf/5.3.0/../../../../../H-x86_64-mingw32/nios2-elf/lib\libsmallc.a(lib_a-malloc.o)
 .bss           0x0000000000000660        0x0 c:/intelfpga_lite/18.1/nios2eds/bin/gnu/h-x86_64-mingw32/bin/../lib/gcc/nios2-elf/5.3.0/../../../../../H-x86_64-mingw32/nios2-elf/lib\libsmallc.a(lib_a-nano-freer.o)
 .bss           0x0000000000000660        0x0 c:/intelfpga_lite/18.1/nios2eds/bin/gnu/h-x86_64-mingw32/bin/../lib/gcc/nios2-elf/5.3.0/../../../../../H-x86_64-mingw32/nios2-elf/lib\libsmallc.a(lib_a-nano-mallocr.o)
 .bss           0x0000000000000660        0x0 c:/intelfpga_lite/18.1/nios2eds/bin/gnu/h-x86_64-mingw32/bin/../lib/gcc/nios2-elf/5.3.0/../../../../../H-x86_64-mingw32/nios2-elf/lib\libsmallc.a(lib_a-puts.o)
 .bss           0x0000000000000660        0x0 c:/intelfpga_lite/18.1/nios2eds/bin/gnu/h-x86_64-mingw32/bin/../lib/gcc/nios2-elf/5.3.0/../../../../../H-x86_64-mingw32/nios2-elf/lib\libsmallc.a(lib_a-sbrkr.o)
 .bss           0x0000000000000660        0x0 c:/intelfpga_lite/18.1/nios2eds/bin/gnu/h-x86_64-mingw32/bin/../lib/gcc/nios2-elf/5.3.0/../../../../../H-x86_64-mingw32/nios2-elf/lib\libsmallc.a(lib_a-strlen.o)
 .bss           0x0000000000000660        0x0 c:/intelfpga_lite/18.1/nios2eds/bin/gnu/h-x86_64-mingw32/bin/../lib/gcc/nios2-elf/5.3.0/../../../../../H-x86_64-mingw32/nios2-elf/lib\libsmallc.a(lib_a-fvwrite_small_dev.o)
 .bss           0x0000000000000660        0x0 c:/intelfpga_lite/18.1/nios2eds/bin/gnu/h-x86_64-mingw32/bin/../lib/gcc/nios2-elf/5.3.0/../../../../../H-x86_64-mingw32/nios2-elf/lib\libsmallc.a(lib_a-impure.o)
 .bss           0x0000000000000660        0x0 c:/intelfpga_lite/18.1/nios2eds/bin/gnu/h-x86_64-mingw32/bin/../lib/gcc/nios2-elf/5.3.0/../../../../../H-x86_64-mingw32/nios2-elf/lib\libsmallc.a(lib_a-int_errno.o)
 .bss           0x0000000000000660        0x0 c:/intelfpga_lite/18.1/nios2eds/bin/gnu/h-x86_64-mingw32/bin/../lib/gcc/nios2-elf/5.3.0/../../../../../H-x86_64-mingw32/nios2-elf/lib\libsmallc.a(lib_a-writer.o)
 .bss           0x0000000000000660        0x0 ../Test_39_bsp/\libhal_bsp.a(alt_load.o)
 .bss           0x0000000000000660        0x0 ../Test_39_bsp/\libhal_bsp.a(alt_main.o)
 .bss           0x0000000000000660        0x0 ../Test_39_bsp/\libhal_bsp.a(alt_sbrk.o)
 .bss           0x0000000000000660        0x0 ../Test_39_bsp/\libhal_bsp.a(alt_usleep.o)
 .bss           0x0000000000000660        0x0 ../Test_39_bsp/\libhal_bsp.a(alt_write.o)
 .bss           0x0000000000000660        0x0 ../Test_39_bsp/\libhal_bsp.a(alt_sys_init.o)
 .bss           0x0000000000000660        0x0 ../Test_39_bsp/\libhal_bsp.a(altera_avalon_jtag_uart_fd.o)
 .bss           0x0000000000000660        0x0 ../Test_39_bsp/\libhal_bsp.a(altera_avalon_jtag_uart_read.o)
 .bss           0x0000000000000660        0x0 ../Test_39_bsp/\libhal_bsp.a(altera_avalon_jtag_uart_write.o)
 .bss           0x0000000000000660        0x0 ../Test_39_bsp/\libhal_bsp.a(altera_avalon_timer_sc.o)
 .bss           0x0000000000000660        0x0 ../Test_39_bsp/\libhal_bsp.a(altera_avalon_uart_fd.o)
 .bss           0x0000000000000660        0x0 ../Test_39_bsp/\libhal_bsp.a(altera_avalon_uart_read.o)
 .bss           0x0000000000000660        0x0 ../Test_39_bsp/\libhal_bsp.a(altera_avalon_uart_write.o)
 .bss           0x0000000000000660        0x0 ../Test_39_bsp/\libhal_bsp.a(alt_busy_sleep.o)
 .bss           0x0000000000000660        0x0 ../Test_39_bsp/\libhal_bsp.a(alt_close.o)
 .bss           0x0000000000000660        0x0 ../Test_39_bsp/\libhal_bsp.a(alt_dcache_flush_all.o)
 .bss           0x0000000000000660        0x0 ../Test_39_bsp/\libhal_bsp.a(alt_dev.o)
 .bss           0x0000000000000660        0x0 ../Test_39_bsp/\libhal_bsp.a(alt_dev_llist_insert.o)
 .bss           0x0000000000000660        0x0 ../Test_39_bsp/\libhal_bsp.a(alt_do_ctors.o)
 .bss           0x0000000000000660        0x0 ../Test_39_bsp/\libhal_bsp.a(alt_do_dtors.o)
 .bss           0x0000000000000660        0x0 ../Test_39_bsp/\libhal_bsp.a(alt_errno.o)
 .bss           0x0000000000000660        0x0 ../Test_39_bsp/\libhal_bsp.a(alt_icache_flush_all.o)
 .bss           0x0000000000000660        0x0 ../Test_39_bsp/\libhal_bsp.a(alt_iic.o)
 .bss           0x0000000000000660        0x0 ../Test_39_bsp/\libhal_bsp.a(alt_iic_isr_register.o)
 .bss           0x0000000000000660        0x0 ../Test_39_bsp/\libhal_bsp.a(alt_io_redirect.o)
 .bss           0x0000000000000660        0x0 ../Test_39_bsp/\libhal_bsp.a(alt_irq_entry.o)
 .bss           0x0000000000000660        0x0 ../Test_39_bsp/\libhal_bsp.a(alt_irq_handler.o)
 .bss           0x0000000000000660        0x0 ../Test_39_bsp/\libhal_bsp.a(alt_irq_vars.o)
 .bss           0x0000000000000660        0x0 ../Test_39_bsp/\libhal_bsp.a(alt_open.o)
 .bss           0x0000000000000660        0x0 ../Test_39_bsp/\libhal_bsp.a(alt_release_fd.o)
 .bss           0x0000000000000660        0x0 ../Test_39_bsp/\libhal_bsp.a(alt_tick.o)
 .bss           0x0000000000000660        0x0 ../Test_39_bsp/\libhal_bsp.a(altera_nios2_gen2_irq.o)
 .bss           0x0000000000000660        0x0 ../Test_39_bsp/\libhal_bsp.a(alt_exception_entry.o)
 .bss           0x0000000000000660        0x0 ../Test_39_bsp/\libhal_bsp.a(alt_find_dev.o)
 .bss           0x0000000000000660        0x0 ../Test_39_bsp/\libhal_bsp.a(alt_find_file.o)
 .bss           0x0000000000000660        0x0 ../Test_39_bsp/\libhal_bsp.a(alt_get_fd.o)
 .bss           0x0000000000000660        0x0 ../Test_39_bsp/\libhal_bsp.a(alt_icache_flush.o)
 .bss           0x0000000000000660        0x0 ../Test_39_bsp/\libhal_bsp.a(alt_instruction_exception_entry.o)
 .bss           0x0000000000000660        0x0 c:/intelfpga_lite/18.1/nios2eds/bin/gnu/h-x86_64-mingw32/bin/../lib/gcc/nios2-elf/5.3.0/../../../../../H-x86_64-mingw32/nios2-elf/lib\libsmallc.a(lib_a-atexit.o)
 .bss           0x0000000000000660        0x0 c:/intelfpga_lite/18.1/nios2eds/bin/gnu/h-x86_64-mingw32/bin/../lib/gcc/nios2-elf/5.3.0/../../../../../H-x86_64-mingw32/nios2-elf/lib\libsmallc.a(lib_a-exit.o)
 .bss           0x0000000000000660        0x0 c:/intelfpga_lite/18.1/nios2eds/bin/gnu/h-x86_64-mingw32/bin/../lib/gcc/nios2-elf/5.3.0/../../../../../H-x86_64-mingw32/nios2-elf/lib\libsmallc.a(lib_a-memcmp.o)
 .bss           0x0000000000000660        0x0 c:/intelfpga_lite/18.1/nios2eds/bin/gnu/h-x86_64-mingw32/bin/../lib/gcc/nios2-elf/5.3.0/../../../../../H-x86_64-mingw32/nios2-elf/lib\libsmallc.a(lib_a-__atexit.o)
 .bss           0x0000000000000660        0x0 c:/intelfpga_lite/18.1/nios2eds/bin/gnu/h-x86_64-mingw32/bin/../lib/gcc/nios2-elf/5.3.0/../../../../../H-x86_64-mingw32/nios2-elf/lib\libsmallc.a(lib_a-__call_atexit.o)
 .bss           0x0000000000000660        0x0 c:/intelfpga_lite/18.1/nios2eds/bin/gnu/h-x86_64-mingw32/bin/../lib/gcc/nios2-elf/5.3.0\libgcc.a(lib2-divmod.o)
 .bss           0x0000000000000660        0x0 ../Test_39_bsp/\libhal_bsp.a(alt_exit.o)
 *(COMMON)
 COMMON         0x0000000000000660      0x100 ../Test_39_bsp/\libhal_bsp.a(alt_irq_handler.o)
                0x0000000000000660                alt_irq
                0x0000000000000760                . = ALIGN (0x4)
                0x0000000000000760                __bss_end = ABSOLUTE (.)

.mem_if_lpddr2_emif_0
                0x0000000000000760        0x0 load address 0x000000001000b728
                [!provide]                        PROVIDE (_alt_partition_mem_if_lpddr2_emif_0_start, ABSOLUTE (.))
 *(.mem_if_lpddr2_emif_0 .mem_if_lpddr2_emif_0. mem_if_lpddr2_emif_0.*)
                0x0000000000000760                . = ALIGN (0x4)
                [!provide]                        PROVIDE (_alt_partition_mem_if_lpddr2_emif_0_end, ABSOLUTE (.))
                0x0000000000000760                _end = ABSOLUTE (.)
                0x0000000000000760                end = ABSOLUTE (.)
                0x0000000000000760                __alt_stack_base = ABSOLUTE (.)
                [!provide]                        PROVIDE (_alt_partition_mem_if_lpddr2_emif_0_load_addr, LOADADDR (.mem_if_lpddr2_emif_0))

.onchip_mem     0x000000001000b728        0x0
                [!provide]                        PROVIDE (_alt_partition_onchip_mem_start, ABSOLUTE (.))
 *(.onchip_mem .onchip_mem. onchip_mem.*)
                0x000000001000b728                . = ALIGN (0x4)
                [!provide]                        PROVIDE (_alt_partition_onchip_mem_end, ABSOLUTE (.))
                [!provide]                        PROVIDE (_alt_partition_onchip_mem_load_addr, LOADADDR (.onchip_mem))

.stab
 *(.stab)

.stabstr
 *(.stabstr)

.stab.excl
 *(.stab.excl)

.stab.exclstr
 *(.stab.exclstr)

.stab.index
 *(.stab.index)

.stab.indexstr
 *(.stab.indexstr)

.comment        0x0000000000000000       0x23
 *(.comment)
 .comment       0x0000000000000000       0x23 obj/default/hello_world.o
                                         0x24 (size before relaxing)
 .comment       0x0000000000000023       0x24 c:/intelfpga_lite/18.1/nios2eds/bin/gnu/h-x86_64-mingw32/bin/../lib/gcc/nios2-elf/5.3.0/../../../../../H-x86_64-mingw32/nios2-elf/lib\libsmallc.a(lib_a-malloc.o)
 .comment       0x0000000000000023       0x24 c:/intelfpga_lite/18.1/nios2eds/bin/gnu/h-x86_64-mingw32/bin/../lib/gcc/nios2-elf/5.3.0/../../../../../H-x86_64-mingw32/nios2-elf/lib\libsmallc.a(lib_a-nano-freer.o)
 .comment       0x0000000000000023       0x24 c:/intelfpga_lite/18.1/nios2eds/bin/gnu/h-x86_64-mingw32/bin/../lib/gcc/nios2-elf/5.3.0/../../../../../H-x86_64-mingw32/nios2-elf/lib\libsmallc.a(lib_a-nano-mallocr.o)
 .comment       0x0000000000000023       0x24 c:/intelfpga_lite/18.1/nios2eds/bin/gnu/h-x86_64-mingw32/bin/../lib/gcc/nios2-elf/5.3.0/../../../../../H-x86_64-mingw32/nios2-elf/lib\libsmallc.a(lib_a-puts.o)
 .comment       0x0000000000000023       0x24 c:/intelfpga_lite/18.1/nios2eds/bin/gnu/h-x86_64-mingw32/bin/../lib/gcc/nios2-elf/5.3.0/../../../../../H-x86_64-mingw32/nios2-elf/lib\libsmallc.a(lib_a-sbrkr.o)
 .comment       0x0000000000000023       0x24 c:/intelfpga_lite/18.1/nios2eds/bin/gnu/h-x86_64-mingw32/bin/../lib/gcc/nios2-elf/5.3.0/../../../../../H-x86_64-mingw32/nios2-elf/lib\libsmallc.a(lib_a-strlen.o)
 .comment       0x0000000000000023       0x24 c:/intelfpga_lite/18.1/nios2eds/bin/gnu/h-x86_64-mingw32/bin/../lib/gcc/nios2-elf/5.3.0/../../../../../H-x86_64-mingw32/nios2-elf/lib\libsmallc.a(lib_a-fvwrite_small_dev.o)
 .comment       0x0000000000000023       0x24 c:/intelfpga_lite/18.1/nios2eds/bin/gnu/h-x86_64-mingw32/bin/../lib/gcc/nios2-elf/5.3.0/../../../../../H-x86_64-mingw32/nios2-elf/lib\libsmallc.a(lib_a-impure.o)
 .comment       0x0000000000000023       0x24 c:/intelfpga_lite/18.1/nios2eds/bin/gnu/h-x86_64-mingw32/bin/../lib/gcc/nios2-elf/5.3.0/../../../../../H-x86_64-mingw32/nios2-elf/lib\libsmallc.a(lib_a-int_errno.o)
 .comment       0x0000000000000023       0x24 c:/intelfpga_lite/18.1/nios2eds/bin/gnu/h-x86_64-mingw32/bin/../lib/gcc/nios2-elf/5.3.0/../../../../../H-x86_64-mingw32/nios2-elf/lib\libsmallc.a(lib_a-writer.o)
 .comment       0x0000000000000023       0x24 ../Test_39_bsp/\libhal_bsp.a(alt_load.o)
 .comment       0x0000000000000023       0x24 ../Test_39_bsp/\libhal_bsp.a(alt_main.o)
 .comment       0x0000000000000023       0x24 ../Test_39_bsp/\libhal_bsp.a(alt_sbrk.o)
 .comment       0x0000000000000023       0x24 ../Test_39_bsp/\libhal_bsp.a(alt_usleep.o)
 .comment       0x0000000000000023       0x24 ../Test_39_bsp/\libhal_bsp.a(alt_write.o)
 .comment       0x0000000000000023       0x24 ../Test_39_bsp/\libhal_bsp.a(alt_sys_init.o)
 .comment       0x0000000000000023       0x24 ../Test_39_bsp/\libhal_bsp.a(altera_avalon_jtag_uart_fd.o)
 .comment       0x0000000000000023       0x24 ../Test_39_bsp/\libhal_bsp.a(altera_avalon_jtag_uart_read.o)
 .comment       0x0000000000000023       0x24 ../Test_39_bsp/\libhal_bsp.a(altera_avalon_jtag_uart_write.o)
 .comment       0x0000000000000023       0x24 ../Test_39_bsp/\libhal_bsp.a(altera_avalon_timer_sc.o)
 .comment       0x0000000000000023       0x24 ../Test_39_bsp/\libhal_bsp.a(altera_avalon_uart_fd.o)
 .comment       0x0000000000000023       0x24 ../Test_39_bsp/\libhal_bsp.a(altera_avalon_uart_read.o)
 .comment       0x0000000000000023       0x24 ../Test_39_bsp/\libhal_bsp.a(altera_avalon_uart_write.o)
 .comment       0x0000000000000023       0x24 ../Test_39_bsp/\libhal_bsp.a(alt_busy_sleep.o)
 .comment       0x0000000000000023       0x24 ../Test_39_bsp/\libhal_bsp.a(alt_close.o)
 .comment       0x0000000000000023       0x24 ../Test_39_bsp/\libhal_bsp.a(alt_dcache_flush_all.o)
 .comment       0x0000000000000023       0x24 ../Test_39_bsp/\libhal_bsp.a(alt_dev.o)
 .comment       0x0000000000000023       0x24 ../Test_39_bsp/\libhal_bsp.a(alt_dev_llist_insert.o)
 .comment       0x0000000000000023       0x24 ../Test_39_bsp/\libhal_bsp.a(alt_do_ctors.o)
 .comment       0x0000000000000023       0x24 ../Test_39_bsp/\libhal_bsp.a(alt_do_dtors.o)
 .comment       0x0000000000000023       0x24 ../Test_39_bsp/\libhal_bsp.a(alt_errno.o)
 .comment       0x0000000000000023       0x24 ../Test_39_bsp/\libhal_bsp.a(alt_icache_flush_all.o)
 .comment       0x0000000000000023       0x24 ../Test_39_bsp/\libhal_bsp.a(alt_iic.o)
 .comment       0x0000000000000023       0x24 ../Test_39_bsp/\libhal_bsp.a(alt_iic_isr_register.o)
 .comment       0x0000000000000023       0x24 ../Test_39_bsp/\libhal_bsp.a(alt_io_redirect.o)
 .comment       0x0000000000000023       0x24 ../Test_39_bsp/\libhal_bsp.a(alt_irq_handler.o)
 .comment       0x0000000000000023       0x24 ../Test_39_bsp/\libhal_bsp.a(alt_irq_vars.o)
 .comment       0x0000000000000023       0x24 ../Test_39_bsp/\libhal_bsp.a(alt_open.o)
 .comment       0x0000000000000023       0x24 ../Test_39_bsp/\libhal_bsp.a(alt_release_fd.o)
 .comment       0x0000000000000023       0x24 ../Test_39_bsp/\libhal_bsp.a(alt_tick.o)
 .comment       0x0000000000000023       0x24 ../Test_39_bsp/\libhal_bsp.a(altera_nios2_gen2_irq.o)
 .comment       0x0000000000000023       0x24 ../Test_39_bsp/\libhal_bsp.a(alt_find_dev.o)
 .comment       0x0000000000000023       0x24 ../Test_39_bsp/\libhal_bsp.a(alt_find_file.o)
 .comment       0x0000000000000023       0x24 ../Test_39_bsp/\libhal_bsp.a(alt_get_fd.o)
 .comment       0x0000000000000023       0x24 ../Test_39_bsp/\libhal_bsp.a(alt_icache_flush.o)
 .comment       0x0000000000000023       0x24 ../Test_39_bsp/\libhal_bsp.a(alt_instruction_exception_entry.o)
 .comment       0x0000000000000023       0x24 c:/intelfpga_lite/18.1/nios2eds/bin/gnu/h-x86_64-mingw32/bin/../lib/gcc/nios2-elf/5.3.0/../../../../../H-x86_64-mingw32/nios2-elf/lib\libsmallc.a(lib_a-atexit.o)
 .comment       0x0000000000000023       0x24 c:/intelfpga_lite/18.1/nios2eds/bin/gnu/h-x86_64-mingw32/bin/../lib/gcc/nios2-elf/5.3.0/../../../../../H-x86_64-mingw32/nios2-elf/lib\libsmallc.a(lib_a-exit.o)
 .comment       0x0000000000000023       0x24 c:/intelfpga_lite/18.1/nios2eds/bin/gnu/h-x86_64-mingw32/bin/../lib/gcc/nios2-elf/5.3.0/../../../../../H-x86_64-mingw32/nios2-elf/lib\libsmallc.a(lib_a-memcmp.o)
 .comment       0x0000000000000023       0x24 c:/intelfpga_lite/18.1/nios2eds/bin/gnu/h-x86_64-mingw32/bin/../lib/gcc/nios2-elf/5.3.0/../../../../../H-x86_64-mingw32/nios2-elf/lib\libsmallc.a(lib_a-__atexit.o)
 .comment       0x0000000000000023       0x24 c:/intelfpga_lite/18.1/nios2eds/bin/gnu/h-x86_64-mingw32/bin/../lib/gcc/nios2-elf/5.3.0/../../../../../H-x86_64-mingw32/nios2-elf/lib\libsmallc.a(lib_a-__call_atexit.o)
 .comment       0x0000000000000023       0x24 c:/intelfpga_lite/18.1/nios2eds/bin/gnu/h-x86_64-mingw32/bin/../lib/gcc/nios2-elf/5.3.0\libgcc.a(lib2-divmod.o)
 .comment       0x0000000000000023       0x24 ../Test_39_bsp/\libhal_bsp.a(alt_exit.o)

.debug
 *(.debug)

.line
 *(.line)

.debug_srcinfo
 *(.debug_srcinfo)

.debug_sfnames
 *(.debug_sfnames)

.debug_aranges  0x0000000000000000      0x748
 *(.debug_aranges)
 .debug_aranges
                0x0000000000000000       0x28 ../Test_39_bsp//obj/HAL/src/crt0.o
 .debug_aranges
                0x0000000000000028       0x20 obj/default/hello_world.o
 .debug_aranges
                0x0000000000000048       0x28 c:/intelfpga_lite/18.1/nios2eds/bin/gnu/h-x86_64-mingw32/bin/../lib/gcc/nios2-elf/5.3.0/../../../../../H-x86_64-mingw32/nios2-elf/lib\libsmallc.a(lib_a-malloc.o)
 .debug_aranges
                0x0000000000000070       0x20 c:/intelfpga_lite/18.1/nios2eds/bin/gnu/h-x86_64-mingw32/bin/../lib/gcc/nios2-elf/5.3.0/../../../../../H-x86_64-mingw32/nios2-elf/lib\libsmallc.a(lib_a-nano-freer.o)
 .debug_aranges
                0x0000000000000090       0x20 c:/intelfpga_lite/18.1/nios2eds/bin/gnu/h-x86_64-mingw32/bin/../lib/gcc/nios2-elf/5.3.0/../../../../../H-x86_64-mingw32/nios2-elf/lib\libsmallc.a(lib_a-nano-mallocr.o)
 .debug_aranges
                0x00000000000000b0       0x28 c:/intelfpga_lite/18.1/nios2eds/bin/gnu/h-x86_64-mingw32/bin/../lib/gcc/nios2-elf/5.3.0/../../../../../H-x86_64-mingw32/nios2-elf/lib\libsmallc.a(lib_a-puts.o)
 .debug_aranges
                0x00000000000000d8       0x20 c:/intelfpga_lite/18.1/nios2eds/bin/gnu/h-x86_64-mingw32/bin/../lib/gcc/nios2-elf/5.3.0/../../../../../H-x86_64-mingw32/nios2-elf/lib\libsmallc.a(lib_a-sbrkr.o)
 .debug_aranges
                0x00000000000000f8       0x20 c:/intelfpga_lite/18.1/nios2eds/bin/gnu/h-x86_64-mingw32/bin/../lib/gcc/nios2-elf/5.3.0/../../../../../H-x86_64-mingw32/nios2-elf/lib\libsmallc.a(lib_a-strlen.o)
 .debug_aranges
                0x0000000000000118       0x20 c:/intelfpga_lite/18.1/nios2eds/bin/gnu/h-x86_64-mingw32/bin/../lib/gcc/nios2-elf/5.3.0/../../../../../H-x86_64-mingw32/nios2-elf/lib\libsmallc.a(lib_a-fvwrite_small_dev.o)
 .debug_aranges
                0x0000000000000138       0x18 c:/intelfpga_lite/18.1/nios2eds/bin/gnu/h-x86_64-mingw32/bin/../lib/gcc/nios2-elf/5.3.0/../../../../../H-x86_64-mingw32/nios2-elf/lib\libsmallc.a(lib_a-impure.o)
 .debug_aranges
                0x0000000000000150       0x18 c:/intelfpga_lite/18.1/nios2eds/bin/gnu/h-x86_64-mingw32/bin/../lib/gcc/nios2-elf/5.3.0/../../../../../H-x86_64-mingw32/nios2-elf/lib\libsmallc.a(lib_a-int_errno.o)
 .debug_aranges
                0x0000000000000168       0x20 c:/intelfpga_lite/18.1/nios2eds/bin/gnu/h-x86_64-mingw32/bin/../lib/gcc/nios2-elf/5.3.0/../../../../../H-x86_64-mingw32/nios2-elf/lib\libsmallc.a(lib_a-writer.o)
 .debug_aranges
                0x0000000000000188       0x20 ../Test_39_bsp/\libhal_bsp.a(alt_load.o)
 .debug_aranges
                0x00000000000001a8       0x20 ../Test_39_bsp/\libhal_bsp.a(alt_main.o)
 .debug_aranges
                0x00000000000001c8       0x20 ../Test_39_bsp/\libhal_bsp.a(alt_sbrk.o)
 .debug_aranges
                0x00000000000001e8       0x20 ../Test_39_bsp/\libhal_bsp.a(alt_usleep.o)
 .debug_aranges
                0x0000000000000208       0x20 ../Test_39_bsp/\libhal_bsp.a(alt_write.o)
 .debug_aranges
                0x0000000000000228       0x20 ../Test_39_bsp/\libhal_bsp.a(alt_sys_init.o)
 .debug_aranges
                0x0000000000000248       0x20 ../Test_39_bsp/\libhal_bsp.a(altera_avalon_jtag_uart_fd.o)
 .debug_aranges
                0x0000000000000268       0x20 ../Test_39_bsp/\libhal_bsp.a(altera_avalon_jtag_uart_read.o)
 .debug_aranges
                0x0000000000000288       0x20 ../Test_39_bsp/\libhal_bsp.a(altera_avalon_jtag_uart_write.o)
 .debug_aranges
                0x00000000000002a8       0x20 ../Test_39_bsp/\libhal_bsp.a(altera_avalon_timer_sc.o)
 .debug_aranges
                0x00000000000002c8       0x20 ../Test_39_bsp/\libhal_bsp.a(altera_avalon_uart_fd.o)
 .debug_aranges
                0x00000000000002e8       0x20 ../Test_39_bsp/\libhal_bsp.a(altera_avalon_uart_read.o)
 .debug_aranges
                0x0000000000000308       0x20 ../Test_39_bsp/\libhal_bsp.a(altera_avalon_uart_write.o)
 .debug_aranges
                0x0000000000000328       0x20 ../Test_39_bsp/\libhal_bsp.a(alt_busy_sleep.o)
 .debug_aranges
                0x0000000000000348       0x20 ../Test_39_bsp/\libhal_bsp.a(alt_close.o)
 .debug_aranges
                0x0000000000000368       0x20 ../Test_39_bsp/\libhal_bsp.a(alt_dcache_flush_all.o)
 .debug_aranges
                0x0000000000000388       0x20 ../Test_39_bsp/\libhal_bsp.a(alt_dev.o)
 .debug_aranges
                0x00000000000003a8       0x20 ../Test_39_bsp/\libhal_bsp.a(alt_dev_llist_insert.o)
 .debug_aranges
                0x00000000000003c8       0x20 ../Test_39_bsp/\libhal_bsp.a(alt_do_ctors.o)
 .debug_aranges
                0x00000000000003e8       0x20 ../Test_39_bsp/\libhal_bsp.a(alt_do_dtors.o)
 .debug_aranges
                0x0000000000000408       0x18 ../Test_39_bsp/\libhal_bsp.a(alt_errno.o)
 .debug_aranges
                0x0000000000000420       0x20 ../Test_39_bsp/\libhal_bsp.a(alt_icache_flush_all.o)
 .debug_aranges
                0x0000000000000440       0x20 ../Test_39_bsp/\libhal_bsp.a(alt_iic.o)
 .debug_aranges
                0x0000000000000460       0x20 ../Test_39_bsp/\libhal_bsp.a(alt_iic_isr_register.o)
 .debug_aranges
                0x0000000000000480       0x20 ../Test_39_bsp/\libhal_bsp.a(alt_io_redirect.o)
 .debug_aranges
                0x00000000000004a0       0x30 ../Test_39_bsp/\libhal_bsp.a(alt_irq_entry.o)
 .debug_aranges
                0x00000000000004d0       0x20 ../Test_39_bsp/\libhal_bsp.a(alt_irq_handler.o)
 .debug_aranges
                0x00000000000004f0       0x18 ../Test_39_bsp/\libhal_bsp.a(alt_irq_vars.o)
 .debug_aranges
                0x0000000000000508       0x20 ../Test_39_bsp/\libhal_bsp.a(alt_open.o)
 .debug_aranges
                0x0000000000000528       0x20 ../Test_39_bsp/\libhal_bsp.a(alt_release_fd.o)
 .debug_aranges
                0x0000000000000548       0x20 ../Test_39_bsp/\libhal_bsp.a(alt_tick.o)
 .debug_aranges
                0x0000000000000568       0x20 ../Test_39_bsp/\libhal_bsp.a(altera_nios2_gen2_irq.o)
 .debug_aranges
                0x0000000000000588       0x38 ../Test_39_bsp/\libhal_bsp.a(alt_exception_entry.o)
 .debug_aranges
                0x00000000000005c0       0x20 ../Test_39_bsp/\libhal_bsp.a(alt_find_dev.o)
 .debug_aranges
                0x00000000000005e0       0x20 ../Test_39_bsp/\libhal_bsp.a(alt_find_file.o)
 .debug_aranges
                0x0000000000000600       0x20 ../Test_39_bsp/\libhal_bsp.a(alt_get_fd.o)
 .debug_aranges
                0x0000000000000620       0x20 ../Test_39_bsp/\libhal_bsp.a(alt_icache_flush.o)
 .debug_aranges
                0x0000000000000640       0x28 ../Test_39_bsp/\libhal_bsp.a(alt_instruction_exception_entry.o)
 .debug_aranges
                0x0000000000000668       0x20 c:/intelfpga_lite/18.1/nios2eds/bin/gnu/h-x86_64-mingw32/bin/../lib/gcc/nios2-elf/5.3.0/../../../../../H-x86_64-mingw32/nios2-elf/lib\libsmallc.a(lib_a-atexit.o)
 .debug_aranges
                0x0000000000000688       0x20 c:/intelfpga_lite/18.1/nios2eds/bin/gnu/h-x86_64-mingw32/bin/../lib/gcc/nios2-elf/5.3.0/../../../../../H-x86_64-mingw32/nios2-elf/lib\libsmallc.a(lib_a-exit.o)
 .debug_aranges
                0x00000000000006a8       0x20 c:/intelfpga_lite/18.1/nios2eds/bin/gnu/h-x86_64-mingw32/bin/../lib/gcc/nios2-elf/5.3.0/../../../../../H-x86_64-mingw32/nios2-elf/lib\libsmallc.a(lib_a-memcmp.o)
 .debug_aranges
                0x00000000000006c8       0x20 c:/intelfpga_lite/18.1/nios2eds/bin/gnu/h-x86_64-mingw32/bin/../lib/gcc/nios2-elf/5.3.0/../../../../../H-x86_64-mingw32/nios2-elf/lib\libsmallc.a(lib_a-__atexit.o)
 .debug_aranges
                0x00000000000006e8       0x20 c:/intelfpga_lite/18.1/nios2eds/bin/gnu/h-x86_64-mingw32/bin/../lib/gcc/nios2-elf/5.3.0/../../../../../H-x86_64-mingw32/nios2-elf/lib\libsmallc.a(lib_a-__call_atexit.o)
 .debug_aranges
                0x0000000000000708       0x20 c:/intelfpga_lite/18.1/nios2eds/bin/gnu/h-x86_64-mingw32/bin/../lib/gcc/nios2-elf/5.3.0\libgcc.a(lib2-divmod.o)
 .debug_aranges
                0x0000000000000728       0x20 ../Test_39_bsp/\libhal_bsp.a(alt_exit.o)

.debug_pubnames
 *(.debug_pubnames)

.debug_info     0x0000000000000000     0x975b
 *(.debug_info .gnu.linkonce.wi.*)
 .debug_info    0x0000000000000000       0x9a ../Test_39_bsp//obj/HAL/src/crt0.o
 .debug_info    0x000000000000009a      0x264 obj/default/hello_world.o
 .debug_info    0x00000000000002fe      0x619 c:/intelfpga_lite/18.1/nios2eds/bin/gnu/h-x86_64-mingw32/bin/../lib/gcc/nios2-elf/5.3.0/../../../../../H-x86_64-mingw32/nios2-elf/lib\libsmallc.a(lib_a-malloc.o)
 .debug_info    0x0000000000000917      0x68c c:/intelfpga_lite/18.1/nios2eds/bin/gnu/h-x86_64-mingw32/bin/../lib/gcc/nios2-elf/5.3.0/../../../../../H-x86_64-mingw32/nios2-elf/lib\libsmallc.a(lib_a-nano-freer.o)
 .debug_info    0x0000000000000fa3      0x752 c:/intelfpga_lite/18.1/nios2eds/bin/gnu/h-x86_64-mingw32/bin/../lib/gcc/nios2-elf/5.3.0/../../../../../H-x86_64-mingw32/nios2-elf/lib\libsmallc.a(lib_a-nano-mallocr.o)
 .debug_info    0x00000000000016f5      0x66d c:/intelfpga_lite/18.1/nios2eds/bin/gnu/h-x86_64-mingw32/bin/../lib/gcc/nios2-elf/5.3.0/../../../../../H-x86_64-mingw32/nios2-elf/lib\libsmallc.a(lib_a-puts.o)
 .debug_info    0x0000000000001d62      0x608 c:/intelfpga_lite/18.1/nios2eds/bin/gnu/h-x86_64-mingw32/bin/../lib/gcc/nios2-elf/5.3.0/../../../../../H-x86_64-mingw32/nios2-elf/lib\libsmallc.a(lib_a-sbrkr.o)
 .debug_info    0x000000000000236a       0xc9 c:/intelfpga_lite/18.1/nios2eds/bin/gnu/h-x86_64-mingw32/bin/../lib/gcc/nios2-elf/5.3.0/../../../../../H-x86_64-mingw32/nios2-elf/lib\libsmallc.a(lib_a-strlen.o)
 .debug_info    0x0000000000002433      0x62b c:/intelfpga_lite/18.1/nios2eds/bin/gnu/h-x86_64-mingw32/bin/../lib/gcc/nios2-elf/5.3.0/../../../../../H-x86_64-mingw32/nios2-elf/lib\libsmallc.a(lib_a-fvwrite_small_dev.o)
 .debug_info    0x0000000000002a5e      0x5a9 c:/intelfpga_lite/18.1/nios2eds/bin/gnu/h-x86_64-mingw32/bin/../lib/gcc/nios2-elf/5.3.0/../../../../../H-x86_64-mingw32/nios2-elf/lib\libsmallc.a(lib_a-impure.o)
 .debug_info    0x0000000000003007       0x8a c:/intelfpga_lite/18.1/nios2eds/bin/gnu/h-x86_64-mingw32/bin/../lib/gcc/nios2-elf/5.3.0/../../../../../H-x86_64-mingw32/nios2-elf/lib\libsmallc.a(lib_a-int_errno.o)
 .debug_info    0x0000000000003091      0x630 c:/intelfpga_lite/18.1/nios2eds/bin/gnu/h-x86_64-mingw32/bin/../lib/gcc/nios2-elf/5.3.0/../../../../../H-x86_64-mingw32/nios2-elf/lib\libsmallc.a(lib_a-writer.o)
 .debug_info    0x00000000000036c1      0x145 ../Test_39_bsp/\libhal_bsp.a(alt_load.o)
 .debug_info    0x0000000000003806      0x131 ../Test_39_bsp/\libhal_bsp.a(alt_main.o)
 .debug_info    0x0000000000003937      0x1ac ../Test_39_bsp/\libhal_bsp.a(alt_sbrk.o)
 .debug_info    0x0000000000003ae3       0xb0 ../Test_39_bsp/\libhal_bsp.a(alt_usleep.o)
 .debug_info    0x0000000000003b93      0x4b7 ../Test_39_bsp/\libhal_bsp.a(alt_write.o)
 .debug_info    0x000000000000404a      0x444 ../Test_39_bsp/\libhal_bsp.a(alt_sys_init.o)
 .debug_info    0x000000000000448e      0x3a7 ../Test_39_bsp/\libhal_bsp.a(altera_avalon_jtag_uart_fd.o)
 .debug_info    0x0000000000004835      0x1b2 ../Test_39_bsp/\libhal_bsp.a(altera_avalon_jtag_uart_read.o)
 .debug_info    0x00000000000049e7      0x195 ../Test_39_bsp/\libhal_bsp.a(altera_avalon_jtag_uart_write.o)
 .debug_info    0x0000000000004b7c      0x226 ../Test_39_bsp/\libhal_bsp.a(altera_avalon_timer_sc.o)
 .debug_info    0x0000000000004da2      0x388 ../Test_39_bsp/\libhal_bsp.a(altera_avalon_uart_fd.o)
 .debug_info    0x000000000000512a      0x1a6 ../Test_39_bsp/\libhal_bsp.a(altera_avalon_uart_read.o)
 .debug_info    0x00000000000052d0      0x1b9 ../Test_39_bsp/\libhal_bsp.a(altera_avalon_uart_write.o)
 .debug_info    0x0000000000005489       0xd7 ../Test_39_bsp/\libhal_bsp.a(alt_busy_sleep.o)
 .debug_info    0x0000000000005560      0x321 ../Test_39_bsp/\libhal_bsp.a(alt_close.o)
 .debug_info    0x0000000000005881       0x92 ../Test_39_bsp/\libhal_bsp.a(alt_dcache_flush_all.o)
 .debug_info    0x0000000000005913      0x49c ../Test_39_bsp/\libhal_bsp.a(alt_dev.o)
 .debug_info    0x0000000000005daf      0x1a9 ../Test_39_bsp/\libhal_bsp.a(alt_dev_llist_insert.o)
 .debug_info    0x0000000000005f58       0x83 ../Test_39_bsp/\libhal_bsp.a(alt_do_ctors.o)
 .debug_info    0x0000000000005fdb       0x83 ../Test_39_bsp/\libhal_bsp.a(alt_do_dtors.o)
 .debug_info    0x000000000000605e       0xa6 ../Test_39_bsp/\libhal_bsp.a(alt_errno.o)
 .debug_info    0x0000000000006104       0x92 ../Test_39_bsp/\libhal_bsp.a(alt_icache_flush_all.o)
 .debug_info    0x0000000000006196      0x350 ../Test_39_bsp/\libhal_bsp.a(alt_iic.o)
 .debug_info    0x00000000000064e6      0x1ef ../Test_39_bsp/\libhal_bsp.a(alt_iic_isr_register.o)
 .debug_info    0x00000000000066d5      0x4a5 ../Test_39_bsp/\libhal_bsp.a(alt_io_redirect.o)
 .debug_info    0x0000000000006b7a       0xa3 ../Test_39_bsp/\libhal_bsp.a(alt_irq_entry.o)
 .debug_info    0x0000000000006c1d      0x187 ../Test_39_bsp/\libhal_bsp.a(alt_irq_handler.o)
 .debug_info    0x0000000000006da4       0x88 ../Test_39_bsp/\libhal_bsp.a(alt_irq_vars.o)
 .debug_info    0x0000000000006e2c      0x3bb ../Test_39_bsp/\libhal_bsp.a(alt_open.o)
 .debug_info    0x00000000000071e7      0x2b0 ../Test_39_bsp/\libhal_bsp.a(alt_release_fd.o)
 .debug_info    0x0000000000007497      0x299 ../Test_39_bsp/\libhal_bsp.a(alt_tick.o)
 .debug_info    0x0000000000007730       0x92 ../Test_39_bsp/\libhal_bsp.a(altera_nios2_gen2_irq.o)
 .debug_info    0x00000000000077c2       0xa9 ../Test_39_bsp/\libhal_bsp.a(alt_exception_entry.o)
 .debug_info    0x000000000000786b      0x2e9 ../Test_39_bsp/\libhal_bsp.a(alt_find_dev.o)
 .debug_info    0x0000000000007b54      0x2e6 ../Test_39_bsp/\libhal_bsp.a(alt_find_file.o)
 .debug_info    0x0000000000007e3a      0x310 ../Test_39_bsp/\libhal_bsp.a(alt_get_fd.o)
 .debug_info    0x000000000000814a       0xdc ../Test_39_bsp/\libhal_bsp.a(alt_icache_flush.o)
 .debug_info    0x0000000000008226      0x1e7 ../Test_39_bsp/\libhal_bsp.a(alt_instruction_exception_entry.o)
 .debug_info    0x000000000000840d       0xfe c:/intelfpga_lite/18.1/nios2eds/bin/gnu/h-x86_64-mingw32/bin/../lib/gcc/nios2-elf/5.3.0/../../../../../H-x86_64-mingw32/nios2-elf/lib\libsmallc.a(lib_a-atexit.o)
 .debug_info    0x000000000000850b       0xe5 c:/intelfpga_lite/18.1/nios2eds/bin/gnu/h-x86_64-mingw32/bin/../lib/gcc/nios2-elf/5.3.0/../../../../../H-x86_64-mingw32/nios2-elf/lib\libsmallc.a(lib_a-exit.o)
 .debug_info    0x00000000000085f0       0xf4 c:/intelfpga_lite/18.1/nios2eds/bin/gnu/h-x86_64-mingw32/bin/../lib/gcc/nios2-elf/5.3.0/../../../../../H-x86_64-mingw32/nios2-elf/lib\libsmallc.a(lib_a-memcmp.o)
 .debug_info    0x00000000000086e4      0x64a c:/intelfpga_lite/18.1/nios2eds/bin/gnu/h-x86_64-mingw32/bin/../lib/gcc/nios2-elf/5.3.0/../../../../../H-x86_64-mingw32/nios2-elf/lib\libsmallc.a(lib_a-__atexit.o)
 .debug_info    0x0000000000008d2e      0x67b c:/intelfpga_lite/18.1/nios2eds/bin/gnu/h-x86_64-mingw32/bin/../lib/gcc/nios2-elf/5.3.0/../../../../../H-x86_64-mingw32/nios2-elf/lib\libsmallc.a(lib_a-__call_atexit.o)
 .debug_info    0x00000000000093a9      0x2c6 c:/intelfpga_lite/18.1/nios2eds/bin/gnu/h-x86_64-mingw32/bin/../lib/gcc/nios2-elf/5.3.0\libgcc.a(lib2-divmod.o)
 .debug_info    0x000000000000966f       0xec ../Test_39_bsp/\libhal_bsp.a(alt_exit.o)

.debug_abbrev   0x0000000000000000     0x365a
 *(.debug_abbrev)
 .debug_abbrev  0x0000000000000000       0x12 ../Test_39_bsp//obj/HAL/src/crt0.o
 .debug_abbrev  0x0000000000000012      0x144 obj/default/hello_world.o
 .debug_abbrev  0x0000000000000156      0x1af c:/intelfpga_lite/18.1/nios2eds/bin/gnu/h-x86_64-mingw32/bin/../lib/gcc/nios2-elf/5.3.0/../../../../../H-x86_64-mingw32/nios2-elf/lib\libsmallc.a(lib_a-malloc.o)
 .debug_abbrev  0x0000000000000305      0x1dd c:/intelfpga_lite/18.1/nios2eds/bin/gnu/h-x86_64-mingw32/bin/../lib/gcc/nios2-elf/5.3.0/../../../../../H-x86_64-mingw32/nios2-elf/lib\libsmallc.a(lib_a-nano-freer.o)
 .debug_abbrev  0x00000000000004e2      0x269 c:/intelfpga_lite/18.1/nios2eds/bin/gnu/h-x86_64-mingw32/bin/../lib/gcc/nios2-elf/5.3.0/../../../../../H-x86_64-mingw32/nios2-elf/lib\libsmallc.a(lib_a-nano-mallocr.o)
 .debug_abbrev  0x000000000000074b      0x1d6 c:/intelfpga_lite/18.1/nios2eds/bin/gnu/h-x86_64-mingw32/bin/../lib/gcc/nios2-elf/5.3.0/../../../../../H-x86_64-mingw32/nios2-elf/lib\libsmallc.a(lib_a-puts.o)
 .debug_abbrev  0x0000000000000921      0x1c5 c:/intelfpga_lite/18.1/nios2eds/bin/gnu/h-x86_64-mingw32/bin/../lib/gcc/nios2-elf/5.3.0/../../../../../H-x86_64-mingw32/nios2-elf/lib\libsmallc.a(lib_a-sbrkr.o)
 .debug_abbrev  0x0000000000000ae6       0x7f c:/intelfpga_lite/18.1/nios2eds/bin/gnu/h-x86_64-mingw32/bin/../lib/gcc/nios2-elf/5.3.0/../../../../../H-x86_64-mingw32/nios2-elf/lib\libsmallc.a(lib_a-strlen.o)
 .debug_abbrev  0x0000000000000b65      0x1bc c:/intelfpga_lite/18.1/nios2eds/bin/gnu/h-x86_64-mingw32/bin/../lib/gcc/nios2-elf/5.3.0/../../../../../H-x86_64-mingw32/nios2-elf/lib\libsmallc.a(lib_a-fvwrite_small_dev.o)
 .debug_abbrev  0x0000000000000d21      0x14a c:/intelfpga_lite/18.1/nios2eds/bin/gnu/h-x86_64-mingw32/bin/../lib/gcc/nios2-elf/5.3.0/../../../../../H-x86_64-mingw32/nios2-elf/lib\libsmallc.a(lib_a-impure.o)
 .debug_abbrev  0x0000000000000e6b       0x37 c:/intelfpga_lite/18.1/nios2eds/bin/gnu/h-x86_64-mingw32/bin/../lib/gcc/nios2-elf/5.3.0/../../../../../H-x86_64-mingw32/nios2-elf/lib\libsmallc.a(lib_a-int_errno.o)
 .debug_abbrev  0x0000000000000ea2      0x1a6 c:/intelfpga_lite/18.1/nios2eds/bin/gnu/h-x86_64-mingw32/bin/../lib/gcc/nios2-elf/5.3.0/../../../../../H-x86_64-mingw32/nios2-elf/lib\libsmallc.a(lib_a-writer.o)
 .debug_abbrev  0x0000000000001048       0x9f ../Test_39_bsp/\libhal_bsp.a(alt_load.o)
 .debug_abbrev  0x00000000000010e7       0xba ../Test_39_bsp/\libhal_bsp.a(alt_main.o)
 .debug_abbrev  0x00000000000011a1      0x112 ../Test_39_bsp/\libhal_bsp.a(alt_sbrk.o)
 .debug_abbrev  0x00000000000012b3       0x60 ../Test_39_bsp/\libhal_bsp.a(alt_usleep.o)
 .debug_abbrev  0x0000000000001313      0x133 ../Test_39_bsp/\libhal_bsp.a(alt_write.o)
 .debug_abbrev  0x0000000000001446      0x157 ../Test_39_bsp/\libhal_bsp.a(alt_sys_init.o)
 .debug_abbrev  0x000000000000159d       0xf7 ../Test_39_bsp/\libhal_bsp.a(altera_avalon_jtag_uart_fd.o)
 .debug_abbrev  0x0000000000001694       0xd5 ../Test_39_bsp/\libhal_bsp.a(altera_avalon_jtag_uart_read.o)
 .debug_abbrev  0x0000000000001769       0xd5 ../Test_39_bsp/\libhal_bsp.a(altera_avalon_jtag_uart_write.o)
 .debug_abbrev  0x000000000000183e      0x155 ../Test_39_bsp/\libhal_bsp.a(altera_avalon_timer_sc.o)
 .debug_abbrev  0x0000000000001993       0xf0 ../Test_39_bsp/\libhal_bsp.a(altera_avalon_uart_fd.o)
 .debug_abbrev  0x0000000000001a83       0xd9 ../Test_39_bsp/\libhal_bsp.a(altera_avalon_uart_read.o)
 .debug_abbrev  0x0000000000001b5c       0xe0 ../Test_39_bsp/\libhal_bsp.a(altera_avalon_uart_write.o)
 .debug_abbrev  0x0000000000001c3c       0x7e ../Test_39_bsp/\libhal_bsp.a(alt_busy_sleep.o)
 .debug_abbrev  0x0000000000001cba      0x11f ../Test_39_bsp/\libhal_bsp.a(alt_close.o)
 .debug_abbrev  0x0000000000001dd9       0x42 ../Test_39_bsp/\libhal_bsp.a(alt_dcache_flush_all.o)
 .debug_abbrev  0x0000000000001e1b       0xd9 ../Test_39_bsp/\libhal_bsp.a(alt_dev.o)
 .debug_abbrev  0x0000000000001ef4      0x114 ../Test_39_bsp/\libhal_bsp.a(alt_dev_llist_insert.o)
 .debug_abbrev  0x0000000000002008       0x79 ../Test_39_bsp/\libhal_bsp.a(alt_do_ctors.o)
 .debug_abbrev  0x0000000000002081       0x79 ../Test_39_bsp/\libhal_bsp.a(alt_do_dtors.o)
 .debug_abbrev  0x00000000000020fa       0x5a ../Test_39_bsp/\libhal_bsp.a(alt_errno.o)
 .debug_abbrev  0x0000000000002154       0x42 ../Test_39_bsp/\libhal_bsp.a(alt_icache_flush_all.o)
 .debug_abbrev  0x0000000000002196      0x163 ../Test_39_bsp/\libhal_bsp.a(alt_iic.o)
 .debug_abbrev  0x00000000000022f9      0x169 ../Test_39_bsp/\libhal_bsp.a(alt_iic_isr_register.o)
 .debug_abbrev  0x0000000000002462      0x114 ../Test_39_bsp/\libhal_bsp.a(alt_io_redirect.o)
 .debug_abbrev  0x0000000000002576       0x12 ../Test_39_bsp/\libhal_bsp.a(alt_irq_entry.o)
 .debug_abbrev  0x0000000000002588      0x122 ../Test_39_bsp/\libhal_bsp.a(alt_irq_handler.o)
 .debug_abbrev  0x00000000000026aa       0x40 ../Test_39_bsp/\libhal_bsp.a(alt_irq_vars.o)
 .debug_abbrev  0x00000000000026ea      0x148 ../Test_39_bsp/\libhal_bsp.a(alt_open.o)
 .debug_abbrev  0x0000000000002832       0xde ../Test_39_bsp/\libhal_bsp.a(alt_release_fd.o)
 .debug_abbrev  0x0000000000002910      0x15a ../Test_39_bsp/\libhal_bsp.a(alt_tick.o)
 .debug_abbrev  0x0000000000002a6a       0x42 ../Test_39_bsp/\libhal_bsp.a(altera_nios2_gen2_irq.o)
 .debug_abbrev  0x0000000000002aac       0x12 ../Test_39_bsp/\libhal_bsp.a(alt_exception_entry.o)
 .debug_abbrev  0x0000000000002abe       0xf0 ../Test_39_bsp/\libhal_bsp.a(alt_find_dev.o)
 .debug_abbrev  0x0000000000002bae       0xf0 ../Test_39_bsp/\libhal_bsp.a(alt_find_file.o)
 .debug_abbrev  0x0000000000002c9e      0x10d ../Test_39_bsp/\libhal_bsp.a(alt_get_fd.o)
 .debug_abbrev  0x0000000000002dab       0x8c ../Test_39_bsp/\libhal_bsp.a(alt_icache_flush.o)
 .debug_abbrev  0x0000000000002e37       0xdc ../Test_39_bsp/\libhal_bsp.a(alt_instruction_exception_entry.o)
 .debug_abbrev  0x0000000000002f13       0xaa c:/intelfpga_lite/18.1/nios2eds/bin/gnu/h-x86_64-mingw32/bin/../lib/gcc/nios2-elf/5.3.0/../../../../../H-x86_64-mingw32/nios2-elf/lib\libsmallc.a(lib_a-atexit.o)
 .debug_abbrev  0x0000000000002fbd       0x8b c:/intelfpga_lite/18.1/nios2eds/bin/gnu/h-x86_64-mingw32/bin/../lib/gcc/nios2-elf/5.3.0/../../../../../H-x86_64-mingw32/nios2-elf/lib\libsmallc.a(lib_a-exit.o)
 .debug_abbrev  0x0000000000003048       0x7f c:/intelfpga_lite/18.1/nios2eds/bin/gnu/h-x86_64-mingw32/bin/../lib/gcc/nios2-elf/5.3.0/../../../../../H-x86_64-mingw32/nios2-elf/lib\libsmallc.a(lib_a-memcmp.o)
 .debug_abbrev  0x00000000000030c7      0x1e6 c:/intelfpga_lite/18.1/nios2eds/bin/gnu/h-x86_64-mingw32/bin/../lib/gcc/nios2-elf/5.3.0/../../../../../H-x86_64-mingw32/nios2-elf/lib\libsmallc.a(lib_a-__atexit.o)
 .debug_abbrev  0x00000000000032ad      0x1f6 c:/intelfpga_lite/18.1/nios2eds/bin/gnu/h-x86_64-mingw32/bin/../lib/gcc/nios2-elf/5.3.0/../../../../../H-x86_64-mingw32/nios2-elf/lib\libsmallc.a(lib_a-__call_atexit.o)
 .debug_abbrev  0x00000000000034a3      0x10e c:/intelfpga_lite/18.1/nios2eds/bin/gnu/h-x86_64-mingw32/bin/../lib/gcc/nios2-elf/5.3.0\libgcc.a(lib2-divmod.o)
 .debug_abbrev  0x00000000000035b1       0xa9 ../Test_39_bsp/\libhal_bsp.a(alt_exit.o)

.debug_line     0x0000000000000000     0x3b13
 *(.debug_line)
 .debug_line    0x0000000000000000       0x6c ../Test_39_bsp//obj/HAL/src/crt0.o
 .debug_line    0x000000000000006c      0x2c6 obj/default/hello_world.o
 .debug_line    0x0000000000000332      0x1e6 c:/intelfpga_lite/18.1/nios2eds/bin/gnu/h-x86_64-mingw32/bin/../lib/gcc/nios2-elf/5.3.0/../../../../../H-x86_64-mingw32/nios2-elf/lib\libsmallc.a(lib_a-malloc.o)
 .debug_line    0x0000000000000518      0x19f c:/intelfpga_lite/18.1/nios2eds/bin/gnu/h-x86_64-mingw32/bin/../lib/gcc/nios2-elf/5.3.0/../../../../../H-x86_64-mingw32/nios2-elf/lib\libsmallc.a(lib_a-nano-freer.o)
 .debug_line    0x00000000000006b7      0x222 c:/intelfpga_lite/18.1/nios2eds/bin/gnu/h-x86_64-mingw32/bin/../lib/gcc/nios2-elf/5.3.0/../../../../../H-x86_64-mingw32/nios2-elf/lib\libsmallc.a(lib_a-nano-mallocr.o)
 .debug_line    0x00000000000008d9      0x203 c:/intelfpga_lite/18.1/nios2eds/bin/gnu/h-x86_64-mingw32/bin/../lib/gcc/nios2-elf/5.3.0/../../../../../H-x86_64-mingw32/nios2-elf/lib\libsmallc.a(lib_a-puts.o)
 .debug_line    0x0000000000000adc      0x1dd c:/intelfpga_lite/18.1/nios2eds/bin/gnu/h-x86_64-mingw32/bin/../lib/gcc/nios2-elf/5.3.0/../../../../../H-x86_64-mingw32/nios2-elf/lib\libsmallc.a(lib_a-sbrkr.o)
 .debug_line    0x0000000000000cb9      0x159 c:/intelfpga_lite/18.1/nios2eds/bin/gnu/h-x86_64-mingw32/bin/../lib/gcc/nios2-elf/5.3.0/../../../../../H-x86_64-mingw32/nios2-elf/lib\libsmallc.a(lib_a-strlen.o)
 .debug_line    0x0000000000000e12      0x1ed c:/intelfpga_lite/18.1/nios2eds/bin/gnu/h-x86_64-mingw32/bin/../lib/gcc/nios2-elf/5.3.0/../../../../../H-x86_64-mingw32/nios2-elf/lib\libsmallc.a(lib_a-fvwrite_small_dev.o)
 .debug_line    0x0000000000000fff      0x153 c:/intelfpga_lite/18.1/nios2eds/bin/gnu/h-x86_64-mingw32/bin/../lib/gcc/nios2-elf/5.3.0/../../../../../H-x86_64-mingw32/nios2-elf/lib\libsmallc.a(lib_a-impure.o)
 .debug_line    0x0000000000001152       0x5c c:/intelfpga_lite/18.1/nios2eds/bin/gnu/h-x86_64-mingw32/bin/../lib/gcc/nios2-elf/5.3.0/../../../../../H-x86_64-mingw32/nios2-elf/lib\libsmallc.a(lib_a-int_errno.o)
 .debug_line    0x00000000000011ae      0x1ea c:/intelfpga_lite/18.1/nios2eds/bin/gnu/h-x86_64-mingw32/bin/../lib/gcc/nios2-elf/5.3.0/../../../../../H-x86_64-mingw32/nios2-elf/lib\libsmallc.a(lib_a-writer.o)
 .debug_line    0x0000000000001398       0x8e ../Test_39_bsp/\libhal_bsp.a(alt_load.o)
 .debug_line    0x0000000000001426       0xa4 ../Test_39_bsp/\libhal_bsp.a(alt_main.o)
 .debug_line    0x00000000000014ca       0xf3 ../Test_39_bsp/\libhal_bsp.a(alt_sbrk.o)
 .debug_line    0x00000000000015bd       0xad ../Test_39_bsp/\libhal_bsp.a(alt_usleep.o)
 .debug_line    0x000000000000166a      0x1db ../Test_39_bsp/\libhal_bsp.a(alt_write.o)
 .debug_line    0x0000000000001845      0x176 ../Test_39_bsp/\libhal_bsp.a(alt_sys_init.o)
 .debug_line    0x00000000000019bb      0x112 ../Test_39_bsp/\libhal_bsp.a(altera_avalon_jtag_uart_fd.o)
 .debug_line    0x0000000000001acd       0xfd ../Test_39_bsp/\libhal_bsp.a(altera_avalon_jtag_uart_read.o)
 .debug_line    0x0000000000001bca       0xf4 ../Test_39_bsp/\libhal_bsp.a(altera_avalon_jtag_uart_write.o)
 .debug_line    0x0000000000001cbe       0xfd ../Test_39_bsp/\libhal_bsp.a(altera_avalon_timer_sc.o)
 .debug_line    0x0000000000001dbb       0xe5 ../Test_39_bsp/\libhal_bsp.a(altera_avalon_uart_fd.o)
 .debug_line    0x0000000000001ea0       0xf6 ../Test_39_bsp/\libhal_bsp.a(altera_avalon_uart_read.o)
 .debug_line    0x0000000000001f96       0xfe ../Test_39_bsp/\libhal_bsp.a(altera_avalon_uart_write.o)
 .debug_line    0x0000000000002094       0xa0 ../Test_39_bsp/\libhal_bsp.a(alt_busy_sleep.o)
 .debug_line    0x0000000000002134      0x165 ../Test_39_bsp/\libhal_bsp.a(alt_close.o)
 .debug_line    0x0000000000002299       0x51 ../Test_39_bsp/\libhal_bsp.a(alt_dcache_flush_all.o)
 .debug_line    0x00000000000022ea       0xf8 ../Test_39_bsp/\libhal_bsp.a(alt_dev.o)
 .debug_line    0x00000000000023e2       0xcf ../Test_39_bsp/\libhal_bsp.a(alt_dev_llist_insert.o)
 .debug_line    0x00000000000024b1       0x59 ../Test_39_bsp/\libhal_bsp.a(alt_do_ctors.o)
 .debug_line    0x000000000000250a       0x59 ../Test_39_bsp/\libhal_bsp.a(alt_do_dtors.o)
 .debug_line    0x0000000000002563       0x51 ../Test_39_bsp/\libhal_bsp.a(alt_errno.o)
 .debug_line    0x00000000000025b4       0x50 ../Test_39_bsp/\libhal_bsp.a(alt_icache_flush_all.o)
 .debug_line    0x0000000000002604       0xeb ../Test_39_bsp/\libhal_bsp.a(alt_iic.o)
 .debug_line    0x00000000000026ef       0xdb ../Test_39_bsp/\libhal_bsp.a(alt_iic_isr_register.o)
 .debug_line    0x00000000000027ca      0x133 ../Test_39_bsp/\libhal_bsp.a(alt_io_redirect.o)
 .debug_line    0x00000000000028fd       0x6b ../Test_39_bsp/\libhal_bsp.a(alt_irq_entry.o)
 .debug_line    0x0000000000002968       0xaa ../Test_39_bsp/\libhal_bsp.a(alt_irq_handler.o)
 .debug_line    0x0000000000002a12       0x50 ../Test_39_bsp/\libhal_bsp.a(alt_irq_vars.o)
 .debug_line    0x0000000000002a62      0x128 ../Test_39_bsp/\libhal_bsp.a(alt_open.o)
 .debug_line    0x0000000000002b8a       0xae ../Test_39_bsp/\libhal_bsp.a(alt_release_fd.o)
 .debug_line    0x0000000000002c38       0xff ../Test_39_bsp/\libhal_bsp.a(alt_tick.o)
 .debug_line    0x0000000000002d37       0x51 ../Test_39_bsp/\libhal_bsp.a(altera_nios2_gen2_irq.o)
 .debug_line    0x0000000000002d88       0xb3 ../Test_39_bsp/\libhal_bsp.a(alt_exception_entry.o)
 .debug_line    0x0000000000002e3b       0xb5 ../Test_39_bsp/\libhal_bsp.a(alt_find_dev.o)
 .debug_line    0x0000000000002ef0       0xd1 ../Test_39_bsp/\libhal_bsp.a(alt_find_file.o)
 .debug_line    0x0000000000002fc1       0xd4 ../Test_39_bsp/\libhal_bsp.a(alt_get_fd.o)
 .debug_line    0x0000000000003095       0x81 ../Test_39_bsp/\libhal_bsp.a(alt_icache_flush.o)
 .debug_line    0x0000000000003116       0xba ../Test_39_bsp/\libhal_bsp.a(alt_instruction_exception_entry.o)
 .debug_line    0x00000000000031d0       0xe4 c:/intelfpga_lite/18.1/nios2eds/bin/gnu/h-x86_64-mingw32/bin/../lib/gcc/nios2-elf/5.3.0/../../../../../H-x86_64-mingw32/nios2-elf/lib\libsmallc.a(lib_a-atexit.o)
 .debug_line    0x00000000000032b4      0x156 c:/intelfpga_lite/18.1/nios2eds/bin/gnu/h-x86_64-mingw32/bin/../lib/gcc/nios2-elf/5.3.0/../../../../../H-x86_64-mingw32/nios2-elf/lib\libsmallc.a(lib_a-exit.o)
 .debug_line    0x000000000000340a      0x15d c:/intelfpga_lite/18.1/nios2eds/bin/gnu/h-x86_64-mingw32/bin/../lib/gcc/nios2-elf/5.3.0/../../../../../H-x86_64-mingw32/nios2-elf/lib\libsmallc.a(lib_a-memcmp.o)
 .debug_line    0x0000000000003567      0x20a c:/intelfpga_lite/18.1/nios2eds/bin/gnu/h-x86_64-mingw32/bin/../lib/gcc/nios2-elf/5.3.0/../../../../../H-x86_64-mingw32/nios2-elf/lib\libsmallc.a(lib_a-__atexit.o)
 .debug_line    0x0000000000003771      0x22f c:/intelfpga_lite/18.1/nios2eds/bin/gnu/h-x86_64-mingw32/bin/../lib/gcc/nios2-elf/5.3.0/../../../../../H-x86_64-mingw32/nios2-elf/lib\libsmallc.a(lib_a-__call_atexit.o)
 .debug_line    0x00000000000039a0      0x102 c:/intelfpga_lite/18.1/nios2eds/bin/gnu/h-x86_64-mingw32/bin/../lib/gcc/nios2-elf/5.3.0\libgcc.a(lib2-divmod.o)
 .debug_line    0x0000000000003aa2       0x71 ../Test_39_bsp/\libhal_bsp.a(alt_exit.o)

.debug_frame    0x0000000000000000      0xdb8
 *(.debug_frame)
 .debug_frame   0x0000000000000000       0x5c obj/default/hello_world.o
 .debug_frame   0x000000000000005c       0x30 c:/intelfpga_lite/18.1/nios2eds/bin/gnu/h-x86_64-mingw32/bin/../lib/gcc/nios2-elf/5.3.0/../../../../../H-x86_64-mingw32/nios2-elf/lib\libsmallc.a(lib_a-malloc.o)
 .debug_frame   0x000000000000008c       0x20 c:/intelfpga_lite/18.1/nios2eds/bin/gnu/h-x86_64-mingw32/bin/../lib/gcc/nios2-elf/5.3.0/../../../../../H-x86_64-mingw32/nios2-elf/lib\libsmallc.a(lib_a-nano-freer.o)
 .debug_frame   0x00000000000000ac       0x40 c:/intelfpga_lite/18.1/nios2eds/bin/gnu/h-x86_64-mingw32/bin/../lib/gcc/nios2-elf/5.3.0/../../../../../H-x86_64-mingw32/nios2-elf/lib\libsmallc.a(lib_a-nano-mallocr.o)
 .debug_frame   0x00000000000000ec       0x48 c:/intelfpga_lite/18.1/nios2eds/bin/gnu/h-x86_64-mingw32/bin/../lib/gcc/nios2-elf/5.3.0/../../../../../H-x86_64-mingw32/nios2-elf/lib\libsmallc.a(lib_a-puts.o)
 .debug_frame   0x0000000000000134       0x38 c:/intelfpga_lite/18.1/nios2eds/bin/gnu/h-x86_64-mingw32/bin/../lib/gcc/nios2-elf/5.3.0/../../../../../H-x86_64-mingw32/nios2-elf/lib\libsmallc.a(lib_a-sbrkr.o)
 .debug_frame   0x000000000000016c       0x20 c:/intelfpga_lite/18.1/nios2eds/bin/gnu/h-x86_64-mingw32/bin/../lib/gcc/nios2-elf/5.3.0/../../../../../H-x86_64-mingw32/nios2-elf/lib\libsmallc.a(lib_a-strlen.o)
 .debug_frame   0x000000000000018c       0x58 c:/intelfpga_lite/18.1/nios2eds/bin/gnu/h-x86_64-mingw32/bin/../lib/gcc/nios2-elf/5.3.0/../../../../../H-x86_64-mingw32/nios2-elf/lib\libsmallc.a(lib_a-fvwrite_small_dev.o)
 .debug_frame   0x00000000000001e4       0x38 c:/intelfpga_lite/18.1/nios2eds/bin/gnu/h-x86_64-mingw32/bin/../lib/gcc/nios2-elf/5.3.0/../../../../../H-x86_64-mingw32/nios2-elf/lib\libsmallc.a(lib_a-writer.o)
 .debug_frame   0x000000000000021c       0x5c ../Test_39_bsp/\libhal_bsp.a(alt_load.o)
 .debug_frame   0x0000000000000278       0x2c ../Test_39_bsp/\libhal_bsp.a(alt_main.o)
 .debug_frame   0x00000000000002a4       0x34 ../Test_39_bsp/\libhal_bsp.a(alt_sbrk.o)
 .debug_frame   0x00000000000002d8       0x38 ../Test_39_bsp/\libhal_bsp.a(alt_usleep.o)
 .debug_frame   0x0000000000000310       0x60 ../Test_39_bsp/\libhal_bsp.a(alt_write.o)
 .debug_frame   0x0000000000000370       0x88 ../Test_39_bsp/\libhal_bsp.a(alt_sys_init.o)
 .debug_frame   0x00000000000003f8       0x60 ../Test_39_bsp/\libhal_bsp.a(altera_avalon_jtag_uart_fd.o)
 .debug_frame   0x0000000000000458       0x34 ../Test_39_bsp/\libhal_bsp.a(altera_avalon_jtag_uart_read.o)
 .debug_frame   0x000000000000048c       0x34 ../Test_39_bsp/\libhal_bsp.a(altera_avalon_jtag_uart_write.o)
 .debug_frame   0x00000000000004c0       0x60 ../Test_39_bsp/\libhal_bsp.a(altera_avalon_timer_sc.o)
 .debug_frame   0x0000000000000520       0x60 ../Test_39_bsp/\libhal_bsp.a(altera_avalon_uart_fd.o)
 .debug_frame   0x0000000000000580       0x60 ../Test_39_bsp/\libhal_bsp.a(altera_avalon_uart_read.o)
 .debug_frame   0x00000000000005e0       0x60 ../Test_39_bsp/\libhal_bsp.a(altera_avalon_uart_write.o)
 .debug_frame   0x0000000000000640       0x38 ../Test_39_bsp/\libhal_bsp.a(alt_busy_sleep.o)
 .debug_frame   0x0000000000000678       0x60 ../Test_39_bsp/\libhal_bsp.a(alt_close.o)
 .debug_frame   0x00000000000006d8       0x34 ../Test_39_bsp/\libhal_bsp.a(alt_dcache_flush_all.o)
 .debug_frame   0x000000000000070c       0x34 ../Test_39_bsp/\libhal_bsp.a(alt_dev.o)
 .debug_frame   0x0000000000000740       0x60 ../Test_39_bsp/\libhal_bsp.a(alt_dev_llist_insert.o)
 .debug_frame   0x00000000000007a0       0x38 ../Test_39_bsp/\libhal_bsp.a(alt_do_ctors.o)
 .debug_frame   0x00000000000007d8       0x38 ../Test_39_bsp/\libhal_bsp.a(alt_do_dtors.o)
 .debug_frame   0x0000000000000810       0x38 ../Test_39_bsp/\libhal_bsp.a(alt_icache_flush_all.o)
 .debug_frame   0x0000000000000848       0xa4 ../Test_39_bsp/\libhal_bsp.a(alt_iic.o)
 .debug_frame   0x00000000000008ec       0x38 ../Test_39_bsp/\libhal_bsp.a(alt_iic_isr_register.o)
 .debug_frame   0x0000000000000924       0x60 ../Test_39_bsp/\libhal_bsp.a(alt_io_redirect.o)
 .debug_frame   0x0000000000000984       0x38 ../Test_39_bsp/\libhal_bsp.a(alt_irq_handler.o)
 .debug_frame   0x00000000000009bc       0x84 ../Test_39_bsp/\libhal_bsp.a(alt_open.o)
 .debug_frame   0x0000000000000a40       0x34 ../Test_39_bsp/\libhal_bsp.a(alt_release_fd.o)
 .debug_frame   0x0000000000000a74       0x5c ../Test_39_bsp/\libhal_bsp.a(alt_tick.o)
 .debug_frame   0x0000000000000ad0       0x34 ../Test_39_bsp/\libhal_bsp.a(altera_nios2_gen2_irq.o)
 .debug_frame   0x0000000000000b04       0x38 ../Test_39_bsp/\libhal_bsp.a(alt_find_dev.o)
 .debug_frame   0x0000000000000b3c       0x38 ../Test_39_bsp/\libhal_bsp.a(alt_find_file.o)
 .debug_frame   0x0000000000000b74       0x34 ../Test_39_bsp/\libhal_bsp.a(alt_get_fd.o)
 .debug_frame   0x0000000000000ba8       0x34 ../Test_39_bsp/\libhal_bsp.a(alt_icache_flush.o)
 .debug_frame   0x0000000000000bdc       0x5c ../Test_39_bsp/\libhal_bsp.a(alt_instruction_exception_entry.o)
 .debug_frame   0x0000000000000c38       0x20 c:/intelfpga_lite/18.1/nios2eds/bin/gnu/h-x86_64-mingw32/bin/../lib/gcc/nios2-elf/5.3.0/../../../../../H-x86_64-mingw32/nios2-elf/lib\libsmallc.a(lib_a-atexit.o)
 .debug_frame   0x0000000000000c58       0x28 c:/intelfpga_lite/18.1/nios2eds/bin/gnu/h-x86_64-mingw32/bin/../lib/gcc/nios2-elf/5.3.0/../../../../../H-x86_64-mingw32/nios2-elf/lib\libsmallc.a(lib_a-exit.o)
 .debug_frame   0x0000000000000c80       0x20 c:/intelfpga_lite/18.1/nios2eds/bin/gnu/h-x86_64-mingw32/bin/../lib/gcc/nios2-elf/5.3.0/../../../../../H-x86_64-mingw32/nios2-elf/lib\libsmallc.a(lib_a-memcmp.o)
 .debug_frame   0x0000000000000ca0       0x48 c:/intelfpga_lite/18.1/nios2eds/bin/gnu/h-x86_64-mingw32/bin/../lib/gcc/nios2-elf/5.3.0/../../../../../H-x86_64-mingw32/nios2-elf/lib\libsmallc.a(lib_a-__atexit.o)
 .debug_frame   0x0000000000000ce8       0x54 c:/intelfpga_lite/18.1/nios2eds/bin/gnu/h-x86_64-mingw32/bin/../lib/gcc/nios2-elf/5.3.0/../../../../../H-x86_64-mingw32/nios2-elf/lib\libsmallc.a(lib_a-__call_atexit.o)
 .debug_frame   0x0000000000000d3c       0x50 c:/intelfpga_lite/18.1/nios2eds/bin/gnu/h-x86_64-mingw32/bin/../lib/gcc/nios2-elf/5.3.0\libgcc.a(lib2-divmod.o)
 .debug_frame   0x0000000000000d8c       0x2c ../Test_39_bsp/\libhal_bsp.a(alt_exit.o)

.debug_str      0x0000000000000000     0x1f0c
 *(.debug_str)
 .debug_str     0x0000000000000000      0x216 obj/default/hello_world.o
                                        0x25e (size before relaxing)
 .debug_str     0x0000000000000216      0x3ca c:/intelfpga_lite/18.1/nios2eds/bin/gnu/h-x86_64-mingw32/bin/../lib/gcc/nios2-elf/5.3.0/../../../../../H-x86_64-mingw32/nios2-elf/lib\libsmallc.a(lib_a-malloc.o)
                                        0x4b8 (size before relaxing)
 .debug_str     0x00000000000005e0       0x9c c:/intelfpga_lite/18.1/nios2eds/bin/gnu/h-x86_64-mingw32/bin/../lib/gcc/nios2-elf/5.3.0/../../../../../H-x86_64-mingw32/nios2-elf/lib\libsmallc.a(lib_a-nano-freer.o)
                                        0x4fc (size before relaxing)
 .debug_str     0x000000000000067c       0x4d c:/intelfpga_lite/18.1/nios2eds/bin/gnu/h-x86_64-mingw32/bin/../lib/gcc/nios2-elf/5.3.0/../../../../../H-x86_64-mingw32/nios2-elf/lib\libsmallc.a(lib_a-nano-mallocr.o)
                                        0x527 (size before relaxing)
 .debug_str     0x00000000000006c9       0xe9 c:/intelfpga_lite/18.1/nios2eds/bin/gnu/h-x86_64-mingw32/bin/../lib/gcc/nios2-elf/5.3.0/../../../../../H-x86_64-mingw32/nios2-elf/lib\libsmallc.a(lib_a-puts.o)
                                        0x4b3 (size before relaxing)
 .debug_str     0x00000000000007b2       0xd5 c:/intelfpga_lite/18.1/nios2eds/bin/gnu/h-x86_64-mingw32/bin/../lib/gcc/nios2-elf/5.3.0/../../../../../H-x86_64-mingw32/nios2-elf/lib\libsmallc.a(lib_a-sbrkr.o)
                                        0x49a (size before relaxing)
 .debug_str     0x0000000000000887       0xc4 c:/intelfpga_lite/18.1/nios2eds/bin/gnu/h-x86_64-mingw32/bin/../lib/gcc/nios2-elf/5.3.0/../../../../../H-x86_64-mingw32/nios2-elf/lib\libsmallc.a(lib_a-strlen.o)
                                        0x1cb (size before relaxing)
 .debug_str     0x000000000000094b       0x60 c:/intelfpga_lite/18.1/nios2eds/bin/gnu/h-x86_64-mingw32/bin/../lib/gcc/nios2-elf/5.3.0/../../../../../H-x86_64-mingw32/nios2-elf/lib\libsmallc.a(lib_a-fvwrite_small_dev.o)
                                        0x4ba (size before relaxing)
 .debug_str     0x00000000000009ab       0x58 c:/intelfpga_lite/18.1/nios2eds/bin/gnu/h-x86_64-mingw32/bin/../lib/gcc/nios2-elf/5.3.0/../../../../../H-x86_64-mingw32/nios2-elf/lib\libsmallc.a(lib_a-impure.o)
                                        0x4a4 (size before relaxing)
 .debug_str     0x0000000000000a03       0x3c c:/intelfpga_lite/18.1/nios2eds/bin/gnu/h-x86_64-mingw32/bin/../lib/gcc/nios2-elf/5.3.0/../../../../../H-x86_64-mingw32/nios2-elf/lib\libsmallc.a(lib_a-int_errno.o)
                                        0x1be (size before relaxing)
 .debug_str     0x0000000000000a3f       0x42 c:/intelfpga_lite/18.1/nios2eds/bin/gnu/h-x86_64-mingw32/bin/../lib/gcc/nios2-elf/5.3.0/../../../../../H-x86_64-mingw32/nios2-elf/lib\libsmallc.a(lib_a-writer.o)
                                        0x49e (size before relaxing)
 .debug_str     0x0000000000000a81      0x14f ../Test_39_bsp/\libhal_bsp.a(alt_load.o)
                                        0x23b (size before relaxing)
 .debug_str     0x0000000000000bd0       0x44 ../Test_39_bsp/\libhal_bsp.a(alt_main.o)
                                        0x1c6 (size before relaxing)
 .debug_str     0x0000000000000c14       0x98 ../Test_39_bsp/\libhal_bsp.a(alt_sbrk.o)
                                        0x1fd (size before relaxing)
 .debug_str     0x0000000000000cac       0x20 ../Test_39_bsp/\libhal_bsp.a(alt_usleep.o)
                                        0x171 (size before relaxing)
 .debug_str     0x0000000000000ccc      0x15f ../Test_39_bsp/\libhal_bsp.a(alt_write.o)
                                        0x321 (size before relaxing)
 .debug_str     0x0000000000000e2b      0x16d ../Test_39_bsp/\libhal_bsp.a(alt_sys_init.o)
                                        0x39e (size before relaxing)
 .debug_str     0x0000000000000f98       0x70 ../Test_39_bsp/\libhal_bsp.a(altera_avalon_jtag_uart_fd.o)
                                        0x2fe (size before relaxing)
 .debug_str     0x0000000000001008       0x48 ../Test_39_bsp/\libhal_bsp.a(altera_avalon_jtag_uart_read.o)
                                        0x248 (size before relaxing)
 .debug_str     0x0000000000001050       0x4a ../Test_39_bsp/\libhal_bsp.a(altera_avalon_jtag_uart_write.o)
                                        0x23e (size before relaxing)
 .debug_str     0x000000000000109a       0x7f ../Test_39_bsp/\libhal_bsp.a(altera_avalon_timer_sc.o)
                                        0x274 (size before relaxing)
 .debug_str     0x0000000000001119       0x5b ../Test_39_bsp/\libhal_bsp.a(altera_avalon_uart_fd.o)
                                        0x2c1 (size before relaxing)
 .debug_str     0x0000000000001174       0x33 ../Test_39_bsp/\libhal_bsp.a(altera_avalon_uart_read.o)
                                        0x22a (size before relaxing)
 .debug_str     0x00000000000011a7       0x40 ../Test_39_bsp/\libhal_bsp.a(altera_avalon_uart_write.o)
                                        0x232 (size before relaxing)
 .debug_str     0x00000000000011e7       0x42 ../Test_39_bsp/\libhal_bsp.a(alt_busy_sleep.o)
                                        0x194 (size before relaxing)
 .debug_str     0x0000000000001229       0x1b ../Test_39_bsp/\libhal_bsp.a(alt_close.o)
                                        0x234 (size before relaxing)
 .debug_str     0x0000000000001244       0x34 ../Test_39_bsp/\libhal_bsp.a(alt_dcache_flush_all.o)
                                        0x17e (size before relaxing)
 .debug_str     0x0000000000001278       0x50 ../Test_39_bsp/\libhal_bsp.a(alt_dev.o)
                                        0x32e (size before relaxing)
 .debug_str     0x00000000000012c8       0x45 ../Test_39_bsp/\libhal_bsp.a(alt_dev_llist_insert.o)
                                        0x1f5 (size before relaxing)
 .debug_str     0x000000000000130d       0x48 ../Test_39_bsp/\libhal_bsp.a(alt_do_ctors.o)
                                         0xf9 (size before relaxing)
 .debug_str     0x0000000000001355       0x4c ../Test_39_bsp/\libhal_bsp.a(alt_do_dtors.o)
                                         0xf8 (size before relaxing)
 .debug_str     0x00000000000013a1       0x14 ../Test_39_bsp/\libhal_bsp.a(alt_errno.o)
                                        0x16e (size before relaxing)
 .debug_str     0x00000000000013b5       0x34 ../Test_39_bsp/\libhal_bsp.a(alt_icache_flush_all.o)
                                        0x17e (size before relaxing)
 .debug_str     0x00000000000013e9       0xbd ../Test_39_bsp/\libhal_bsp.a(alt_iic.o)
                                        0x267 (size before relaxing)
 .debug_str     0x00000000000014a6       0x4c ../Test_39_bsp/\libhal_bsp.a(alt_iic_isr_register.o)
                                        0x211 (size before relaxing)
 .debug_str     0x00000000000014f2       0x56 ../Test_39_bsp/\libhal_bsp.a(alt_io_redirect.o)
                                        0x33f (size before relaxing)
 .debug_str     0x0000000000001548       0x3a ../Test_39_bsp/\libhal_bsp.a(alt_irq_handler.o)
                                        0x1c0 (size before relaxing)