Archive member included to satisfy reference by file (symbol)

c:/intelfpga_lite/18.1/nios2eds/bin/gnu/h-x86_64-mingw32/bin/../lib/gcc/nios2-elf/5.3.0/../../../../../H-x86_64-mingw32/nios2-elf/lib\libsmallc.a(lib_a-malloc.o)
                              obj/default/hello_world.o (malloc)
c:/intelfpga_lite/18.1/nios2eds/bin/gnu/h-x86_64-mingw32/bin/../lib/gcc/nios2-elf/5.3.0/../../../../../H-x86_64-mingw32/nios2-elf/lib\libsmallc.a(lib_a-nano-freer.o)
                              c:/intelfpga_lite/18.1/nios2eds/bin/gnu/h-x86_64-mingw32/bin/../lib/gcc/nios2-elf/5.3.0/../../../../../H-x86_64-mingw32/nios2-elf/lib\libsmallc.a(lib_a-malloc.o) (_free_r)
c:/intelfpga_lite/18.1/nios2eds/bin/gnu/h-x86_64-mingw32/bin/../lib/gcc/nios2-elf/5.3.0/../../../../../H-x86_64-mingw32/nios2-elf/lib\libsmallc.a(lib_a-nano-mallocr.o)
                              c:/intelfpga_lite/18.1/nios2eds/bin/gnu/h-x86_64-mingw32/bin/../lib/gcc/nios2-elf/5.3.0/../../../../../H-x86_64-mingw32/nios2-elf/lib\libsmallc.a(lib_a-malloc.o) (_malloc_r)
c:/intelfpga_lite/18.1/nios2eds/bin/gnu/h-x86_64-mingw32/bin/../lib/gcc/nios2-elf/5.3.0/../../../../../H-x86_64-mingw32/nios2-elf/lib\libsmallc.a(lib_a-printf.o)
                              obj/default/hello_world.o (printf)
c:/intelfpga_lite/18.1/nios2eds/bin/gnu/h-x86_64-mingw32/bin/../lib/gcc/nios2-elf/5.3.0/../../../../../H-x86_64-mingw32/nios2-elf/lib\libsmallc.a(lib_a-puts.o)
                              obj/default/hello_world.o (puts)
c:/intelfpga_lite/18.1/nios2eds/bin/gnu/h-x86_64-mingw32/bin/../lib/gcc/nios2-elf/5.3.0/../../../../../H-x86_64-mingw32/nios2-elf/lib\libsmallc.a(lib_a-sbrkr.o)
                              c:/intelfpga_lite/18.1/nios2eds/bin/gnu/h-x86_64-mingw32/bin/../lib/gcc/nios2-elf/5.3.0/../../../../../H-x86_64-mingw32/nios2-elf/lib\libsmallc.a(lib_a-nano-mallocr.o) (_sbrk_r)
c:/intelfpga_lite/18.1/nios2eds/bin/gnu/h-x86_64-mingw32/bin/../lib/gcc/nios2-elf/5.3.0/../../../../../H-x86_64-mingw32/nios2-elf/lib\libsmallc.a(lib_a-strlen.o)
                              c:/intelfpga_lite/18.1/nios2eds/bin/gnu/h-x86_64-mingw32/bin/../lib/gcc/nios2-elf/5.3.0/../../../../../H-x86_64-mingw32/nios2-elf/lib\libsmallc.a(lib_a-puts.o) (strlen)
c:/intelfpga_lite/18.1/nios2eds/bin/gnu/h-x86_64-mingw32/bin/../lib/gcc/nios2-elf/5.3.0/../../../../../H-x86_64-mingw32/nios2-elf/lib\libsmallc.a(lib_a-vfprintf.o)
                              c:/intelfpga_lite/18.1/nios2eds/bin/gnu/h-x86_64-mingw32/bin/../lib/gcc/nios2-elf/5.3.0/../../../../../H-x86_64-mingw32/nios2-elf/lib\libsmallc.a(lib_a-printf.o) (___vfprintf_internal_r)
c:/intelfpga_lite/18.1/nios2eds/bin/gnu/h-x86_64-mingw32/bin/../lib/gcc/nios2-elf/5.3.0/../../../../../H-x86_64-mingw32/nios2-elf/lib\libsmallc.a(lib_a-fvwrite_small_dev.o)
                              c:/intelfpga_lite/18.1/nios2eds/bin/gnu/h-x86_64-mingw32/bin/../lib/gcc/nios2-elf/5.3.0/../../../../../H-x86_64-mingw32/nios2-elf/lib\libsmallc.a(lib_a-printf.o) (__sfvwrite_small_dev)
c:/intelfpga_lite/18.1/nios2eds/bin/gnu/h-x86_64-mingw32/bin/../lib/gcc/nios2-elf/5.3.0/../../../../../H-x86_64-mingw32/nios2-elf/lib\libsmallc.a(lib_a-impure.o)
                              c:/intelfpga_lite/18.1/nios2eds/bin/gnu/h-x86_64-mingw32/bin/../lib/gcc/nios2-elf/5.3.0/../../../../../H-x86_64-mingw32/nios2-elf/lib\libsmallc.a(lib_a-malloc.o) (_impure_ptr)
c:/intelfpga_lite/18.1/nios2eds/bin/gnu/h-x86_64-mingw32/bin/../lib/gcc/nios2-elf/5.3.0/../../../../../H-x86_64-mingw32/nios2-elf/lib\libsmallc.a(lib_a-int_errno.o)
                              c:/intelfpga_lite/18.1/nios2eds/bin/gnu/h-x86_64-mingw32/bin/../lib/gcc/nios2-elf/5.3.0/../../../../../H-x86_64-mingw32/nios2-elf/lib\libsmallc.a(lib_a-sbrkr.o) (errno)
c:/intelfpga_lite/18.1/nios2eds/bin/gnu/h-x86_64-mingw32/bin/../lib/gcc/nios2-elf/5.3.0/../../../../../H-x86_64-mingw32/nios2-elf/lib\libsmallc.a(lib_a-writer.o)
                              c:/intelfpga_lite/18.1/nios2eds/bin/gnu/h-x86_64-mingw32/bin/../lib/gcc/nios2-elf/5.3.0/../../../../../H-x86_64-mingw32/nios2-elf/lib\libsmallc.a(lib_a-fvwrite_small_dev.o) (_write_r)
c:/intelfpga_lite/18.1/nios2eds/bin/gnu/h-x86_64-mingw32/bin/../lib/gcc/nios2-elf/5.3.0\libgcc.a(lib2-divmod.o)
                              c:/intelfpga_lite/18.1/nios2eds/bin/gnu/h-x86_64-mingw32/bin/../lib/gcc/nios2-elf/5.3.0/../../../../../H-x86_64-mingw32/nios2-elf/lib\libsmallc.a(lib_a-vfprintf.o) (__udivsi3)
../Test_38_bsp/\libhal_bsp.a(alt_load.o)
                              ../Test_38_bsp//obj/HAL/src/crt0.o (alt_load)
../Test_38_bsp/\libhal_bsp.a(alt_main.o)
                              ../Test_38_bsp//obj/HAL/src/crt0.o (alt_main)
../Test_38_bsp/\libhal_bsp.a(alt_sbrk.o)
                              c:/intelfpga_lite/18.1/nios2eds/bin/gnu/h-x86_64-mingw32/bin/../lib/gcc/nios2-elf/5.3.0/../../../../../H-x86_64-mingw32/nios2-elf/lib\libsmallc.a(lib_a-sbrkr.o) (sbrk)
../Test_38_bsp/\libhal_bsp.a(alt_usleep.o)
                              obj/default/hello_world.o (usleep)
[...]
Memory Configuration

Name             Origin             Length             Attributes
mem_if_lpddr2_emif_0 0x0000000000000000 0x0000000010000000
reset            0x0000000010008000 0x0000000000000020
onchip_mem       0x0000000010008020 0x0000000000007fdf
*default*        0x0000000000000000 0xffffffffffffffff

Linker script and memory map

LOAD ../Test_38_bsp//obj/HAL/src/crt0.o
LOAD obj/default/hello_world.o
LOAD c:/intelfpga_lite/18.1/nios2eds/bin/gnu/h-x86_64-mingw32/bin/../lib/gcc/nios2-elf/5.3.0/../../../../../H-x86_64-mingw32/nios2-elf/lib\libstdc++.a
LOAD c:/intelfpga_lite/18.1/nios2eds/bin/gnu/h-x86_64-mingw32/bin/../lib/gcc/nios2-elf/5.3.0/../../../../../H-x86_64-mingw32/nios2-elf/lib\libm.a
LOAD c:/intelfpga_lite/18.1/nios2eds/bin/gnu/h-x86_64-mingw32/bin/../lib/gcc/nios2-elf/5.3.0\libgcc.a
START GROUP
LOAD c:/intelfpga_lite/18.1/nios2eds/bin/gnu/h-x86_64-mingw32/bin/../lib/gcc/nios2-elf/5.3.0/../../../../../H-x86_64-mingw32/nios2-elf/lib\libsmallc.a
LOAD c:/intelfpga_lite/18.1/nios2eds/bin/gnu/h-x86_64-mingw32/bin/../lib/gcc/nios2-elf/5.3.0\libgcc.a
LOAD ../Test_38_bsp/\libhal_bsp.a
LOAD c:/intelfpga_lite/18.1/nios2eds/bin/gnu/h-x86_64-mingw32/bin/../lib/gcc/nios2-elf/5.3.0/../../../../../H-x86_64-mingw32/nios2-elf/lib\libm.a
END GROUP
LOAD c:/intelfpga_lite/18.1/nios2eds/bin/gnu/h-x86_64-mingw32/bin/../lib/gcc/nios2-elf/5.3.0\libgcc.a
                0x0000000000000000                __alt_mem_mem_if_lpddr2_emif_0 = 0x0
                0x0000000010008000                __alt_mem_onchip_mem = 0x10008000

.entry          0x0000000010008000       0x20
 *(.entry)
 .entry         0x0000000010008000       0x20 ../Test_38_bsp//obj/HAL/src/crt0.o
                0x0000000010008000                __reset

.exceptions     0x0000000010008020      0x224
                0x0000000010008020                PROVIDE (__ram_exceptions_start, ABSOLUTE (.))
                0x0000000010008020                . = ALIGN (0x20)
 *(.irq)
 *(.exceptions.entry.label)
 .exceptions.entry.label
                0x0000000010008020        0x0 ../Test_38_bsp/\libhal_bsp.a(alt_irq_entry.o)
                0x0000000010008020                alt_irq_entry
 .exceptions.entry.label
                0x0000000010008020        0x0 ../Test_38_bsp/\libhal_bsp.a(alt_exception_entry.o)
                0x0000000010008020                alt_exception
 *(.exceptions.entry.user)
 *(.exceptions.entry.ecc_fatal)
 *(.exceptions.entry)
 .exceptions.entry
                0x0000000010008020       0x54 ../Test_38_bsp/\libhal_bsp.a(alt_exception_entry.o)
 *(.exceptions.irqtest.user)
 *(.exceptions.irqtest)
 .exceptions.irqtest
                0x0000000010008074       0x10 ../Test_38_bsp/\libhal_bsp.a(alt_irq_entry.o)
 *(.exceptions.irqhandler.user)
 *(.exceptions.irqhandler)
 .exceptions.irqhandler
                0x0000000010008084        0x4 ../Test_38_bsp/\libhal_bsp.a(alt_irq_entry.o)
 *(.exceptions.irqreturn.user)
 *(.exceptions.irqreturn)
 .exceptions.irqreturn
                0x0000000010008088        0x4 ../Test_38_bsp/\libhal_bsp.a(alt_irq_entry.o)
 *(.exceptions.notirq.label)
 .exceptions.notirq.label
                0x000000001000808c        0x0 ../Test_38_bsp/\libhal_bsp.a(alt_irq_entry.o)
 *(.exceptions.notirq.user)
 *(.exceptions.notirq)
 .exceptions.notirq
                0x000000001000808c        0x8 ../Test_38_bsp/\libhal_bsp.a(alt_exception_entry.o)
 *(.exceptions.soft.user)
 *(.exceptions.soft)
 *(.exceptions.unknown.user)
 *(.exceptions.unknown)
 .exceptions.unknown
                0x0000000010008094       0x14 ../Test_38_bsp/\libhal_bsp.a(alt_exception_entry.o)
 *(.exceptions.exit.label)
 .exceptions.exit.label
                0x00000000100080a8        0x0 ../Test_38_bsp/\libhal_bsp.a(alt_irq_entry.o)
 .exceptions.exit.label
                0x00000000100080a8        0x0 ../Test_38_bsp/\libhal_bsp.a(alt_exception_entry.o)
 *(.exceptions.exit.user)
 *(.exceptions.exit)
 .exceptions.exit
                0x00000000100080a8       0x54 ../Test_38_bsp/\libhal_bsp.a(alt_exception_entry.o)
 *(.exceptions)
 .exceptions    0x00000000100080fc       0xd4 ../Test_38_bsp/\libhal_bsp.a(alt_irq_handler.o)
                0x00000000100080fc                alt_irq_handler
 .exceptions    0x00000000100081d0       0x74 ../Test_38_bsp/\libhal_bsp.a(alt_instruction_exception_entry.o)
                0x00000000100081d0                alt_instruction_exception_entry
                0x0000000010008244                PROVIDE (__ram_exceptions_end, ABSOLUTE (.))
                0x0000000010008020                PROVIDE (__flash_exceptions_start, LOADADDR (.exceptions))

.text           0x0000000010008244     0x3354
                [!provide]                        PROVIDE (stext, ABSOLUTE (.))
 *(.interp)
 *(.hash)
 *(.dynsym)
 *(.dynstr)
 *(.gnu.version)
 *(.gnu.version_d)
 *(.gnu.version_r)
 *(.rel.init)
 *(.rela.init)
 *(.rel.text .rel.text.* .rel.gnu.linkonce.t.*)
 *(.rela.text .rela.text.* .rela.gnu.linkonce.t.*)
 *(.rel.fini)
 *(.rela.fini)
 *(.rel.rodata .rel.rodata.* .rel.gnu.linkonce.r.*)
 *(.rela.rodata .rela.rodata.* .rela.gnu.linkonce.r.*)
 *(.rel.data .rel.data.* .rel.gnu.linkonce.d.*)
 *(.rela.data .rela.data.* .rela.gnu.linkonce.d.*)
 *(.rel.tdata .rel.tdata.* .rel.gnu.linkonce.td.*)
 *(.rela.tdata .rela.tdata.* .rela.gnu.linkonce.td.*)
 *(.rel.tbss .rel.tbss.* .rel.gnu.linkonce.tb.*)
 *(.rela.tbss .rela.tbss.* .rela.gnu.linkonce.tb.*)
 *(.rel.ctors)
 *(.rela.ctors)
 *(.rel.dtors)
 *(.rela.dtors)
 *(.rel.got)
 *(.rela.got)
 *(.rel.sdata .rel.sdata.* .rel.gnu.linkonce.s.*)
 *(.rela.sdata .rela.sdata.* .rela.gnu.linkonce.s.*)
 *(.rel.sbss .rel.sbss.* .rel.gnu.linkonce.sb.*)
 *(.rela.sbss .rela.sbss.* .rela.gnu.linkonce.sb.*)
 *(.rel.sdata2 .rel.sdata2.* .rel.gnu.linkonce.s2.*)
 *(.rela.sdata2 .rela.sdata2.* .rela.gnu.linkonce.s2.*)
 *(.rel.sbss2 .rel.sbss2.* .rel.gnu.linkonce.sb2.*)
 *(.rela.sbss2 .rela.sbss2.* .rela.gnu.linkonce.sb2.*)
 *(.rel.bss .rel.bss.* .rel.gnu.linkonce.b.*)
 *(.rela.bss .rela.bss.* .rela.gnu.linkonce.b.*)
 *(.rel.plt)
 *(.rela.plt)
 *(.rel.dyn)
 *(.init)
 *(.plt)
 *(.text .stub .text.* .gnu.linkonce.t.*)
 .text          0x0000000010008244       0x3c ../Test_38_bsp//obj/HAL/src/crt0.o
                0x0000000010008244                _start
 .text          0x0000000010008280      0x89c obj/default/hello_world.o
                0x0000000010008280                isKthBitSet
                0x00000000100082c8                main
 .text          0x0000000010008b1c        0x0 c:/intelfpga_lite/18.1/nios2eds/bin/gnu/h-x86_64-mingw32/bin/../lib/gcc/nios2-elf/5.3.0/../../../../../H-x86_64-mingw32/nios2-elf/lib\libsmallc.a(lib_a-malloc.o)
 .text.malloc   0x0000000010008b1c       0x14 c:/intelfpga_lite/18.1/nios2eds/bin/gnu/h-x86_64-mingw32/bin/../lib/gcc/nios2-elf/5.3.0/../../../../../H-x86_64-mingw32/nios2-elf/lib\libsmallc.a(lib_a-malloc.o)
                0x0000000010008b1c                malloc
 .text.free     0x0000000010008b30       0x14 c:/intelfpga_lite/18.1/nios2eds/bin/gnu/h-x86_64-mingw32/bin/../lib/gcc/nios2-elf/5.3.0/../../../../../H-x86_64-mingw32/nios2-elf/lib\libsmallc.a(lib_a-malloc.o)
                0x0000000010008b30                free
 .text          0x0000000010008b44        0x0 c:/intelfpga_lite/18.1/nios2eds/bin/gnu/h-x86_64-mingw32/bin/../lib/gcc/nios2-elf/5.3.0/../../../../../H-x86_64-mingw32/nios2-elf/lib\libsmallc.a(lib_a-nano-freer.o)
 .text._free_r  0x0000000010008b44       0xe4 c:/intelfpga_lite/18.1/nios2eds/bin/gnu/h-x86_64-mingw32/bin/../lib/gcc/nios2-elf/5.3.0/../../../../../H-x86_64-mingw32/nios2-elf/lib\libsmallc.a(lib_a-nano-freer.o)
                0x0000000010008b44                _free_r
 .text          0x0000000010008c28        0x0 c:/intelfpga_lite/18.1/nios2eds/bin/gnu/h-x86_64-mingw32/bin/../lib/gcc/nios2-elf/5.3.0/../../../../../H-x86_64-mingw32/nios2-elf/lib\libsmallc.a(lib_a-nano-mallocr.o)
 .text._malloc_r
                0x0000000010008c28      0x158 c:/intelfpga_lite/18.1/nios2eds/bin/gnu/h-x86_64-mingw32/bin/../lib/gcc/nios2-elf/5.3.0/../../../../../H-x86_64-mingw32/nios2-elf/lib\libsmallc.a(lib_a-nano-mallocr.o)
                0x0000000010008c28                _malloc_r
 .text          0x0000000010008d80        0x0 c:/intelfpga_lite/18.1/nios2eds/bin/gnu/h-x86_64-mingw32/bin/../lib/gcc/nios2-elf/5.3.0/../../../../../H-x86_64-mingw32/nios2-elf/lib\libsmallc.a(lib_a-printf.o)
 .text._printf_r
                0x0000000010008d80       0x3c c:/intelfpga_lite/18.1/nios2eds/bin/gnu/h-x86_64-mingw32/bin/../lib/gcc/nios2-elf/5.3.0/../../../../../H-x86_64-mingw32/nios2-elf/lib\libsmallc.a(lib_a-printf.o)
                0x0000000010008d80                _printf_r
 .text.printf   0x0000000010008dbc       0x4c c:/intelfpga_lite/18.1/nios2eds/bin/gnu/h-x86_64-mingw32/bin/../lib/gcc/nios2-elf/5.3.0/../../../../../H-x86_64-mingw32/nios2-elf/lib\libsmallc.a(lib_a-printf.o)
                0x0000000010008dbc                printf
 .text          0x0000000010008e08        0x0 c:/intelfpga_lite/18.1/nios2eds/bin/gnu/h-x86_64-mingw32/bin/../lib/gcc/nios2-elf/5.3.0/../../../../../H-x86_64-mingw32/nios2-elf/lib\libsmallc.a(lib_a-puts.o)
 .text._puts_r  0x0000000010008e08       0x80 c:/intelfpga_lite/18.1/nios2eds/bin/gnu/h-x86_64-mingw32/bin/../lib/gcc/nios2-elf/5.3.0/../../../../../H-x86_64-mingw32/nios2-elf/lib\libsmallc.a(lib_a-puts.o)
                0x0000000010008e08                _puts_r
 .text.puts     0x0000000010008e88       0x14 c:/intelfpga_lite/18.1/nios2eds/bin/gnu/h-x86_64-mingw32/bin/../lib/gcc/nios2-elf/5.3.0/../../../../../H-x86_64-mingw32/nios2-elf/lib\libsmallc.a(lib_a-puts.o)
                0x0000000010008e88                puts
 .text          0x0000000010008e9c        0x0 c:/intelfpga_lite/18.1/nios2eds/bin/gnu/h-x86_64-mingw32/bin/../lib/gcc/nios2-elf/5.3.0/../../../../../H-x86_64-mingw32/nios2-elf/lib\libsmallc.a(lib_a-sbrkr.o)
 .text._sbrk_r  0x0000000010008e9c       0x50 c:/intelfpga_lite/18.1/nios2eds/bin/gnu/h-x86_64-mingw32/bin/../lib/gcc/nios2-elf/5.3.0/../../../../../H-x86_64-mingw32/nios2-elf/lib\libsmallc.a(lib_a-sbrkr.o)
                0x0000000010008e9c                _sbrk_r
 .text          0x0000000010008eec        0x0 c:/intelfpga_lite/18.1/nios2eds/bin/gnu/h-x86_64-mingw32/bin/../lib/gcc/nios2-elf/5.3.0/../../../../../H-x86_64-mingw32/nios2-elf/lib\libsmallc.a(lib_a-strlen.o)
 .text.strlen   0x0000000010008eec       0x1c c:/intelfpga_lite/18.1/nios2eds/bin/gnu/h-x86_64-mingw32/bin/../lib/gcc/nios2-elf/5.3.0/../../../../../H-x86_64-mingw32/nios2-elf/lib\libsmallc.a(lib_a-strlen.o)
                0x0000000010008eec                strlen
 .text          0x0000000010008f08        0x0 c:/intelfpga_lite/18.1/nios2eds/bin/gnu/h-x86_64-mingw32/bin/../lib/gcc/nios2-elf/5.3.0/../../../../../H-x86_64-mingw32/nios2-elf/lib\libsmallc.a(lib_a-vfprintf.o)
 .text.print_repeat
                0x0000000010008f08       0x6c c:/intelfpga_lite/18.1/nios2eds/bin/gnu/h-x86_64-mingw32/bin/../lib/gcc/nios2-elf/5.3.0/../../../../../H-x86_64-mingw32/nios2-elf/lib\libsmallc.a(lib_a-vfprintf.o)
 .text.___vfprintf_internal_r
                0x0000000010008f74      0x524 c:/intelfpga_lite/18.1/nios2eds/bin/gnu/h-x86_64-mingw32/bin/../lib/gcc/nios2-elf/5.3.0/../../../../../H-x86_64-mingw32/nios2-elf/lib\libsmallc.a(lib_a-vfprintf.o)
                0x0000000010008f74                ___vfprintf_internal_r
 .text.__vfprintf_internal
                0x0000000010009498       0x1c c:/intelfpga_lite/18.1/nios2eds/bin/gnu/h-x86_64-mingw32/bin/../lib/gcc/nios2-elf/5.3.0/../../../../../H-x86_64-mingw32/nios2-elf/lib\libsmallc.a(lib_a-vfprintf.o)
                0x0000000010009498                __vfprintf_internal
 .text          0x00000000100094b4        0x0 c:/intelfpga_lite/18.1/nios2eds/bin/gnu/h-x86_64-mingw32/bin/../lib/gcc/nios2-elf/5.3.0/../../../../../H-x86_64-mingw32/nios2-elf/lib\libsmallc.a(lib_a-fvwrite_small_dev.o)
 .text.__sfvwrite_small_dev
                0x00000000100094b4       0xb8 c:/intelfpga_lite/18.1/nios2eds/bin/gnu/h-x86_64-mingw32/bin/../lib/gcc/nios2-elf/5.3.0/../../../../../H-x86_64-mingw32/nios2-elf/lib\libsmallc.a(lib_a-fvwrite_small_dev.o)
                0x00000000100094b4                __sfvwrite_small_dev
 .text          0x000000001000956c        0x0 c:/intelfpga_lite/18.1/nios2eds/bin/gnu/h-x86_64-mingw32/bin/../lib/gcc/nios2-elf/5.3.0/../../../../../H-x86_64-mingw32/nios2-elf/lib\libsmallc.a(lib_a-impure.o)
 .text          0x000000001000956c        0x0 c:/intelfpga_lite/18.1/nios2eds/bin/gnu/h-x86_64-mingw32/bin/../lib/gcc/nios2-elf/5.3.0/../../../../../H-x86_64-mingw32/nios2-elf/lib\libsmallc.a(lib_a-int_errno.o)
 .text          0x000000001000956c        0x0 c:/intelfpga_lite/18.1/nios2eds/bin/gnu/h-x86_64-mingw32/bin/../lib/gcc/nios2-elf/5.3.0/../../../../../H-x86_64-mingw32/nios2-elf/lib\libsmallc.a(lib_a-writer.o)
 .text._write_r
                0x000000001000956c       0x58 c:/intelfpga_lite/18.1/nios2eds/bin/gnu/h-x86_64-mingw32/bin/../lib/gcc/nios2-elf/5.3.0/../../../../../H-x86_64-mingw32/nios2-elf/lib\libsmallc.a(lib_a-writer.o)
                0x000000001000956c                _write_r
 .text          0x00000000100095c4      0x1b4 c:/intelfpga_lite/18.1/nios2eds/bin/gnu/h-x86_64-mingw32/bin/../lib/gcc/nios2-elf/5.3.0\libgcc.a(lib2-divmod.o)
                0x00000000100095c4                __divsi3
                0x0000000010009648                __modsi3
                0x00000000100096bc                __udivsi3
                0x0000000010009720                __umodsi3
 .text          0x0000000010009778       0xec ../Test_38_bsp/\libhal_bsp.a(alt_load.o)
                0x00000000100097e0                alt_load
 .text          0x0000000010009864       0x7c ../Test_38_bsp/\libhal_bsp.a(alt_main.o)
                0x0000000010009864                alt_main
 .text          0x00000000100098e0       0xb0 ../Test_38_bsp/\libhal_bsp.a(alt_sbrk.o)
                0x00000000100098e0                sbrk
 .text          0x0000000010009990       0x30 ../Test_38_bsp/\libhal_bsp.a(alt_usleep.o)
                0x0000000010009990                usleep
 .text          0x00000000100099c0      0x134 ../Test_38_bsp/\libhal_bsp.a(alt_write.o)
                0x00000000100099fc                write
 .text          0x0000000010009af4       0xc8 ../Test_38_bsp/\libhal_bsp.a(alt_sys_init.o)
                0x0000000010009b28                alt_irq_init
                0x0000000010009b60                alt_sys_init
 .text          0x0000000010009bbc       0xc0 ../Test_38_bsp/\libhal_bsp.a(altera_avalon_jtag_uart_fd.o)
                0x0000000010009bbc                altera_avalon_jtag_uart_read_fd
                0x0000000010009c1c                altera_avalon_jtag_uart_write_fd
 .text          0x0000000010009c7c       0xec ../Test_38_bsp/\libhal_bsp.a(altera_avalon_jtag_uart_read.o)
                0x0000000010009c7c                altera_avalon_jtag_uart_read
 .text          0x0000000010009d68       0x94 ../Test_38_bsp/\libhal_bsp.a(altera_avalon_jtag_uart_write.o)
                0x0000000010009d68                altera_avalon_jtag_uart_write
 .text          0x0000000010009dfc       0xf4 ../Test_38_bsp/\libhal_bsp.a(altera_avalon_timer_sc.o)
                0x0000000010009e74                alt_avalon_timer_sc_init
 .text          0x0000000010009ef0       0xc0 ../Test_38_bsp/\libhal_bsp.a(altera_avalon_uart_fd.o)
                0x0000000010009ef0                altera_avalon_uart_read_fd
                0x0000000010009f50                altera_avalon_uart_write_fd
 .text          0x0000000010009fb0      0x100 ../Test_38_bsp/\libhal_bsp.a(altera_avalon_uart_read.o)
                0x0000000010009fec                altera_avalon_uart_read
 .text          0x000000001000a0b0      0x11c ../Test_38_bsp/\libhal_bsp.a(altera_avalon_uart_write.o)
                0x000000001000a0ec                altera_avalon_uart_write
 .text          0x000000001000a1cc      0x158 ../Test_38_bsp/\libhal_bsp.a(alt_busy_sleep.o)
                0x000000001000a1cc                alt_busy_sleep
 .text          0x000000001000a324      0x10c ../Test_38_bsp/\libhal_bsp.a(alt_close.o)
                0x000000001000a360                close
 .text          0x000000001000a430       0x20 ../Test_38_bsp/\libhal_bsp.a(alt_dcache_flush_all.o)
                0x000000001000a430                alt_dcache_flush_all
 .text          0x000000001000a450       0x2c ../Test_38_bsp/\libhal_bsp.a(alt_dev.o)
 .text          0x000000001000a47c       0xe0 ../Test_38_bsp/\libhal_bsp.a(alt_dev_llist_insert.o)
                0x000000001000a4b8                alt_dev_llist_insert
 .text          0x000000001000a55c       0x60 ../Test_38_bsp/\libhal_bsp.a(alt_do_ctors.o)
                0x000000001000a55c                _do_ctors
 .text          0x000000001000a5bc       0x60 ../Test_38_bsp/\libhal_bsp.a(alt_do_dtors.o)
                0x000000001000a5bc                _do_dtors
 .text          0x000000001000a61c        0x0 ../Test_38_bsp/\libhal_bsp.a(alt_errno.o)
 .text          0x000000001000a61c       0x34 ../Test_38_bsp/\libhal_bsp.a(alt_icache_flush_all.o)
                0x000000001000a61c                alt_icache_flush_all
 .text          0x000000001000a650      0x1b0 ../Test_38_bsp/\libhal_bsp.a(alt_iic.o)
                0x000000001000a650                alt_ic_isr_register
                0x000000001000a6a0                alt_ic_irq_enable
                0x000000001000a728                alt_ic_irq_disable
                0x000000001000a7b4                alt_ic_irq_enabled
 .text          0x000000001000a800       0xf0 ../Test_38_bsp/\libhal_bsp.a(alt_iic_isr_register.o)
                0x000000001000a800                alt_iic_isr_register
 .text          0x000000001000a8f0      0x140 ../Test_38_bsp/\libhal_bsp.a(alt_io_redirect.o)
                0x000000001000a9b4                alt_io_redirect
 .text          0x000000001000aa30        0x0 ../Test_38_bsp/\libhal_bsp.a(alt_irq_entry.o)
 .text          0x000000001000aa30        0x0 ../Test_38_bsp/\libhal_bsp.a(alt_irq_handler.o)
 .text          0x000000001000aa30        0x0 ../Test_38_bsp/\libhal_bsp.a(alt_irq_vars.o)
 .text          0x000000001000aa30      0x254 ../Test_38_bsp/\libhal_bsp.a(alt_open.o)
                0x000000001000ab30                open
 .text          0x000000001000ac84       0x64 ../Test_38_bsp/\libhal_bsp.a(alt_release_fd.o)
                0x000000001000ac84                alt_release_fd
 .text          0x000000001000ace8      0x1a4 ../Test_38_bsp/\libhal_bsp.a(alt_tick.o)
                0x000000001000ace8                alt_alarm_stop
                0x000000001000ad84                alt_tick
 .text          0x000000001000ae8c       0x24 ../Test_38_bsp/\libhal_bsp.a(altera_nios2_gen2_irq.o)
                0x000000001000ae8c                altera_nios2_gen2_irq_init
 .text          0x000000001000aeb0        0x0 ../Test_38_bsp/\libhal_bsp.a(alt_exception_entry.o)
 .text          0x000000001000aeb0       0x90 ../Test_38_bsp/\libhal_bsp.a(alt_find_dev.o)
                0x000000001000aeb0                alt_find_dev
 .text          0x000000001000af40      0x108 ../Test_38_bsp/\libhal_bsp.a(alt_find_file.o)
                0x000000001000af40                alt_find_file
 .text          0x000000001000b048       0xa4 ../Test_38_bsp/\libhal_bsp.a(alt_get_fd.o)
                0x000000001000b048                alt_get_fd
 .text          0x000000001000b0ec       0x90 ../Test_38_bsp/\libhal_bsp.a(alt_icache_flush.o)
                0x000000001000b0ec                alt_icache_flush
 .text          0x000000001000b17c       0x9c ../Test_38_bsp/\libhal_bsp.a(alt_instruction_exception_entry.o)
                0x000000001000b17c                alt_exception_cause_generated_bad_addr
 .text          0x000000001000b218        0x0 c:/intelfpga_lite/18.1/nios2eds/bin/gnu/h-x86_64-mingw32/bin/../lib/gcc/nios2-elf/5.3.0/../../../../../H-x86_64-mingw32/nios2-elf/lib\libsmallc.a(lib_a-atexit.o)
 .text.atexit   0x000000001000b218       0x14 c:/intelfpga_lite/18.1/nios2eds/bin/gnu/h-x86_64-mingw32/bin/../lib/gcc/nios2-elf/5.3.0/../../../../../H-x86_64-mingw32/nios2-elf/lib\libsmallc.a(lib_a-atexit.o)
                0x000000001000b218                atexit
 .text          0x000000001000b22c        0x0 c:/intelfpga_lite/18.1/nios2eds/bin/gnu/h-x86_64-mingw32/bin/../lib/gcc/nios2-elf/5.3.0/../../../../../H-x86_64-mingw32/nios2-elf/lib\libsmallc.a(lib_a-exit.o)
 .text.exit     0x000000001000b22c       0x20 c:/intelfpga_lite/18.1/nios2eds/bin/gnu/h-x86_64-mingw32/bin/../lib/gcc/nios2-elf/5.3.0/../../../../../H-x86_64-mingw32/nios2-elf/lib\libsmallc.a(lib_a-exit.o)
                0x000000001000b22c                exit
 .text          0x000000001000b24c        0x0 c:/intelfpga_lite/18.1/nios2eds/bin/gnu/h-x86_64-mingw32/bin/../lib/gcc/nios2-elf/5.3.0/../../../../../H-x86_64-mingw32/nios2-elf/lib\libsmallc.a(lib_a-memcmp.o)
 .text.memcmp   0x000000001000b24c       0x30 c:/intelfpga_lite/18.1/nios2eds/bin/gnu/h-x86_64-mingw32/bin/../lib/gcc/nios2-elf/5.3.0/../../../../../H-x86_64-mingw32/nios2-elf/lib\libsmallc.a(lib_a-memcmp.o)
                0x000000001000b24c                memcmp
 .text          0x000000001000b27c        0x0 c:/intelfpga_lite/18.1/nios2eds/bin/gnu/h-x86_64-mingw32/bin/../lib/gcc/nios2-elf/5.3.0/../../../../../H-x86_64-mingw32/nios2-elf/lib\libsmallc.a(lib_a-__atexit.o)
 .text.__register_exitproc
                0x000000001000b27c      0x158 c:/intelfpga_lite/18.1/nios2eds/bin/gnu/h-x86_64-mingw32/bin/../lib/gcc/nios2-elf/5.3.0/../../../../../H-x86_64-mingw32/nios2-elf/lib\libsmallc.a(lib_a-__atexit.o)
                0x000000001000b27c                __register_exitproc
 .text          0x000000001000b3d4        0x0 c:/intelfpga_lite/18.1/nios2eds/bin/gnu/h-x86_64-mingw32/bin/../lib/gcc/nios2-elf/5.3.0/../../../../../H-x86_64-mingw32/nios2-elf/lib\libsmallc.a(lib_a-__call_atexit.o)
 .text.__call_exitprocs
                0x000000001000b3d4      0x190 c:/intelfpga_lite/18.1/nios2eds/bin/gnu/h-x86_64-mingw32/bin/../lib/gcc/nios2-elf/5.3.0/../../../../../H-x86_64-mingw32/nios2-elf/lib\libsmallc.a(lib_a-__call_atexit.o)
                0x000000001000b3d4                __call_exitprocs
 .text          0x000000001000b564       0x34 ../Test_38_bsp/\libhal_bsp.a(alt_exit.o)
                0x000000001000b564                _exit
 *(.gnu.warning.*)
 *(.fini)
                [!provide]                        PROVIDE (__etext, ABSOLUTE (.))
                [!provide]                        PROVIDE (_etext, ABSOLUTE (.))
                [!provide]                        PROVIDE (etext, ABSOLUTE (.))
 *(.eh_frame_hdr)
                0x000000001000b598                . = ALIGN (0x4)
                [!provide]                        PROVIDE (__preinit_array_start, ABSOLUTE (.))
 *(.preinit_array)
                [!provide]                        PROVIDE (__preinit_array_end, ABSOLUTE (.))
                [!provide]                        PROVIDE (__init_array_start, ABSOLUTE (.))
 *(.init_array)
                [!provide]                        PROVIDE (__init_array_end, ABSOLUTE (.))
                [!provide]                        PROVIDE (__fini_array_start, ABSOLUTE (.))
 *(.fini_array)
                [!provide]                        PROVIDE (__fini_array_end, ABSOLUTE (.))
 *(.eh_frame)
 *(.gcc_except_table .gcc_except_table.*)
 *(.dynamic)
                0x000000001000b598                PROVIDE (__CTOR_LIST__, ABSOLUTE (.))
 *(.ctors)
 *(SORT(.ctors.*))
                0x000000001000b598                PROVIDE (__CTOR_END__, ABSOLUTE (.))
                0x000000001000b598                PROVIDE (__DTOR_LIST__, ABSOLUTE (.))
 *(.dtors)
 *(SORT(.dtors.*))
                0x000000001000b598                PROVIDE (__DTOR_END__, ABSOLUTE (.))
 *(.jcr)
                0x000000001000b598                . = ALIGN (0x4)

.rodata         0x0000000000000000      0x308 load address 0x000000001000b598
                0x0000000000000000                PROVIDE (__ram_rodata_start, ABSOLUTE (.))
                0x0000000000000000                . = ALIGN (0x4)
 *(.rodata .rodata.* .gnu.linkonce.r.*)
 .rodata        0x0000000000000000      0x2ca obj/default/hello_world.o
 *fill*         0x00000000000002ca        0x2 
 .rodata.str1.4
                0x00000000000002cc        0x4 c:/intelfpga_lite/18.1/nios2eds/bin/gnu/h-x86_64-mingw32/bin/../lib/gcc/nios2-elf/5.3.0/../../../../../H-x86_64-mingw32/nios2-elf/lib\libsmallc.a(lib_a-puts.o)
                                          0x2 (size before relaxing)
 .rodata        0x00000000000002d0        0xf ../Test_38_bsp/\libhal_bsp.a(alt_main.o)
 *fill*         0x00000000000002df        0x1 
 .rodata        0x00000000000002e0       0x1c ../Test_38_bsp/\libhal_bsp.a(alt_sys_init.o)
 .rodata        0x00000000000002fc        0xa ../Test_38_bsp/\libhal_bsp.a(alt_dev.o)
 *(.rodata1)
                0x0000000000000308                . = ALIGN (0x4)
 *fill*         0x0000000000000306        0x2 
                0x0000000000000308                PROVIDE (__ram_rodata_end, ABSOLUTE (.))
                0x000000001000b598                PROVIDE (__flash_rodata_start, LOADADDR (.rodata))

.rwdata         0x0000000000000308      0x310 load address 0x000000001000b8a0
                0x0000000000000308                PROVIDE (__ram_rwdata_start, ABSOLUTE (.))
                0x0000000000000308                . = ALIGN (0x4)
 *(.got.plt)
 *(.got)
 *(.data1)
 *(.data .data.* .gnu.linkonce.d.*)
 .data          0x0000000000000308        0x0 ../Test_38_bsp//obj/HAL/src/crt0.o
 .data          0x0000000000000308        0x0 obj/default/hello_world.o
 .data          0x0000000000000308        0x0 c:/intelfpga_lite/18.1/nios2eds/bin/gnu/h-x86_64-mingw32/bin/../lib/gcc/nios2-elf/5.3.0/../../../../../H-x86_64-mingw32/nios2-elf/lib\libsmallc.a(lib_a-malloc.o)
 .data          0x0000000000000308        0x0 c:/intelfpga_lite/18.1/nios2eds/bin/gnu/h-x86_64-mingw32/bin/../lib/gcc/nios2-elf/5.3.0/../../../../../H-x86_64-mingw32/nios2-elf/lib\libsmallc.a(lib_a-nano-freer.o)
 .data          0x0000000000000308        0x0 c:/intelfpga_lite/18.1/nios2eds/bin/gnu/h-x86_64-mingw32/bin/../lib/gcc/nios2-elf/5.3.0/../../../../../H-x86_64-mingw32/nios2-elf/lib\libsmallc.a(lib_a-nano-mallocr.o)
 .data          0x0000000000000308        0x0 c:/intelfpga_lite/18.1/nios2eds/bin/gnu/h-x86_64-mingw32/bin/../lib/gcc/nios2-elf/5.3.0/../../../../../H-x86_64-mingw32/nios2-elf/lib\libsmallc.a(lib_a-printf.o)
 .data          0x0000000000000308        0x0 c:/intelfpga_lite/18.1/nios2eds/bin/gnu/h-x86_64-mingw32/bin/../lib/gcc/nios2-elf/5.3.0/../../../../../H-x86_64-mingw32/nios2-elf/lib\libsmallc.a(lib_a-puts.o)
 .data          0x0000000000000308        0x0 c:/intelfpga_lite/18.1/nios2eds/bin/gnu/h-x86_64-mingw32/bin/../lib/gcc/nios2-elf/5.3.0/../../../../../H-x86_64-mingw32/nios2-elf/lib\libsmallc.a(lib_a-sbrkr.o)
 .data          0x0000000000000308        0x0 c:/intelfpga_lite/18.1/nios2eds/bin/gnu/h-x86_64-mingw32/bin/../lib/gcc/nios2-elf/5.3.0/../../../../../H-x86_64-mingw32/nios2-elf/lib\libsmallc.a(lib_a-strlen.o)
 .data          0x0000000000000308        0x0 c:/intelfpga_lite/18.1/nios2eds/bin/gnu/h-x86_64-mingw32/bin/../lib/gcc/nios2-elf/5.3.0/../../../../../H-x86_64-mingw32/nios2-elf/lib\libsmallc.a(lib_a-vfprintf.o)
 .data          0x0000000000000308        0x0 c:/intelfpga_lite/18.1/nios2eds/bin/gnu/h-x86_64-mingw32/bin/../lib/gcc/nios2-elf/5.3.0/../../../../../H-x86_64-mingw32/nios2-elf/lib\libsmallc.a(lib_a-fvwrite_small_dev.o)
 .data          0x0000000000000308        0x0 c:/intelfpga_lite/18.1/nios2eds/bin/gnu/h-x86_64-mingw32/bin/../lib/gcc/nios2-elf/5.3.0/../../../../../H-x86_64-mingw32/nios2-elf/lib\libsmallc.a(lib_a-impure.o)
 .data.impure_data
                0x0000000000000308       0xe0 c:/intelfpga_lite/18.1/nios2eds/bin/gnu/h-x86_64-mingw32/bin/../lib/gcc/nios2-elf/5.3.0/../../../../../H-x86_64-mingw32/nios2-elf/lib\libsmallc.a(lib_a-impure.o)
 .data          0x00000000000003e8        0x0 c:/intelfpga_lite/18.1/nios2eds/bin/gnu/h-x86_64-mingw32/bin/../lib/gcc/nios2-elf/5.3.0/../../../../../H-x86_64-mingw32/nios2-elf/lib\libsmallc.a(lib_a-int_errno.o)
 .data          0x00000000000003e8        0x0 c:/intelfpga_lite/18.1/nios2eds/bin/gnu/h-x86_64-mingw32/bin/../lib/gcc/nios2-elf/5.3.0/../../../../../H-x86_64-mingw32/nios2-elf/lib\libsmallc.a(lib_a-writer.o)
 .data          0x00000000000003e8        0x0 c:/intelfpga_lite/18.1/nios2eds/bin/gnu/h-x86_64-mingw32/bin/../lib/gcc/nios2-elf/5.3.0\libgcc.a(lib2-divmod.o)
 .data          0x00000000000003e8        0x0 ../Test_38_bsp/\libhal_bsp.a(alt_load.o)
 .data          0x00000000000003e8        0x0 ../Test_38_bsp/\libhal_bsp.a(alt_main.o)
 .data          0x00000000000003e8        0x0 ../Test_38_bsp/\libhal_bsp.a(alt_sbrk.o)
 .data          0x00000000000003e8        0x0 ../Test_38_bsp/\libhal_bsp.a(alt_usleep.o)
 .data          0x00000000000003e8        0x0 ../Test_38_bsp/\libhal_bsp.a(alt_write.o)
 .data          0x00000000000003e8       0x58 ../Test_38_bsp/\libhal_bsp.a(alt_sys_init.o)
 .data          0x0000000000000440        0x0 ../Test_38_bsp/\libhal_bsp.a(altera_avalon_jtag_uart_fd.o)
 .data          0x0000000000000440        0x0 ../Test_38_bsp/\libhal_bsp.a(altera_avalon_jtag_uart_read.o)
 .data          0x0000000000000440        0x0 ../Test_38_bsp/\libhal_bsp.a(altera_avalon_jtag_uart_write.o)
 .data          0x0000000000000440        0x0 ../Test_38_bsp/\libhal_bsp.a(altera_avalon_timer_sc.o)
 .data          0x0000000000000440        0x0 ../Test_38_bsp/\libhal_bsp.a(altera_avalon_uart_fd.o)
 .data          0x0000000000000440        0x0 ../Test_38_bsp/\libhal_bsp.a(altera_avalon_uart_read.o)
 .data          0x0000000000000440        0x0 ../Test_38_bsp/\libhal_bsp.a(altera_avalon_uart_write.o)
 .data          0x0000000000000440        0x0 ../Test_38_bsp/\libhal_bsp.a(alt_busy_sleep.o)
 .data          0x0000000000000440        0x0 ../Test_38_bsp/\libhal_bsp.a(alt_close.o)
 .data          0x0000000000000440        0x0 ../Test_38_bsp/\libhal_bsp.a(alt_dcache_flush_all.o)
 .data          0x0000000000000440      0x1a8 ../Test_38_bsp/\libhal_bsp.a(alt_dev.o)
                0x0000000000000440                alt_dev_null
                0x0000000000000468                alt_fd_list
 .data          0x00000000000005e8        0x0 ../Test_38_bsp/\libhal_bsp.a(alt_dev_llist_insert.o)
 .data          0x00000000000005e8        0x0 ../Test_38_bsp/\libhal_bsp.a(alt_do_ctors.o)
 .data          0x00000000000005e8        0x0 ../Test_38_bsp/\libhal_bsp.a(alt_do_dtors.o)
 .data          0x00000000000005e8        0x0 ../Test_38_bsp/\libhal_bsp.a(alt_errno.o)
 .data          0x00000000000005e8        0x0 ../Test_38_bsp/\libhal_bsp.a(alt_icache_flush_all.o)
 .data          0x00000000000005e8        0x0 ../Test_38_bsp/\libhal_bsp.a(alt_iic.o)
 .data          0x00000000000005e8        0x0 ../Test_38_bsp/\libhal_bsp.a(alt_iic_isr_register.o)
 .data          0x00000000000005e8        0x0 ../Test_38_bsp/\libhal_bsp.a(alt_io_redirect.o)
 .data          0x00000000000005e8        0x0 ../Test_38_bsp/\libhal_bsp.a(alt_irq_entry.o)
 .data          0x00000000000005e8        0x0 ../Test_38_bsp/\libhal_bsp.a(alt_irq_handler.o)
 .data          0x00000000000005e8        0x0 ../Test_38_bsp/\libhal_bsp.a(alt_irq_vars.o)
 .data          0x00000000000005e8        0x0 ../Test_38_bsp/\libhal_bsp.a(alt_open.o)
 .data          0x00000000000005e8        0x0 ../Test_38_bsp/\libhal_bsp.a(alt_release_fd.o)
 .data          0x00000000000005e8        0x0 ../Test_38_bsp/\libhal_bsp.a(alt_tick.o)
 .data          0x00000000000005e8        0x0 ../Test_38_bsp/\libhal_bsp.a(altera_nios2_gen2_irq.o)
 .data          0x00000000000005e8        0x0 ../Test_38_bsp/\libhal_bsp.a(alt_exception_entry.o)
 .data          0x00000000000005e8        0x0 ../Test_38_bsp/\libhal_bsp.a(alt_find_dev.o)
 .data          0x00000000000005e8        0x0 ../Test_38_bsp/\libhal_bsp.a(alt_find_file.o)
 .data          0x00000000000005e8        0x0 ../Test_38_bsp/\libhal_bsp.a(alt_get_fd.o)
 .data          0x00000000000005e8        0x0 ../Test_38_bsp/\libhal_bsp.a(alt_icache_flush.o)
 .data          0x00000000000005e8        0x0 ../Test_38_bsp/\libhal_bsp.a(alt_instruction_exception_entry.o)
 .data          0x00000000000005e8        0x0 c:/intelfpga_lite/18.1/nios2eds/bin/gnu/h-x86_64-mingw32/bin/../lib/gcc/nios2-elf/5.3.0/../../../../../H-x86_64-mingw32/nios2-elf/lib\libsmallc.a(lib_a-atexit.o)
 .data          0x00000000000005e8        0x0 c:/intelfpga_lite/18.1/nios2eds/bin/gnu/h-x86_64-mingw32/bin/../lib/gcc/nios2-elf/5.3.0/../../../../../H-x86_64-mingw32/nios2-elf/lib\libsmallc.a(lib_a-exit.o)
 .data          0x00000000000005e8        0x0 c:/intelfpga_lite/18.1/nios2eds/bin/gnu/h-x86_64-mingw32/bin/../lib/gcc/nios2-elf/5.3.0/../../../../../H-x86_64-mingw32/nios2-elf/lib\libsmallc.a(lib_a-memcmp.o)
 .data          0x00000000000005e8        0x0 c:/intelfpga_lite/18.1/nios2eds/bin/gnu/h-x86_64-mingw32/bin/../lib/gcc/nios2-elf/5.3.0/../../../../../H-x86_64-mingw32/nios2-elf/lib\libsmallc.a(lib_a-__atexit.o)
 .data          0x00000000000005e8        0x0 c:/intelfpga_lite/18.1/nios2eds/bin/gnu/h-x86_64-mingw32/bin/../lib/gcc/nios2-elf/5.3.0/../../../../../H-x86_64-mingw32/nios2-elf/lib\libsmallc.a(lib_a-__call_atexit.o)
 .data          0x00000000000005e8        0x0 ../Test_38_bsp/\libhal_bsp.a(alt_exit.o)
                0x00000000000085e8                _gp = ABSOLUTE ((. + 0x8000))
                [!provide]                        PROVIDE (gp, _gp)
 *(.rwdata .rwdata.*)
 *(.sdata .sdata.* .gnu.linkonce.s.*)
 .sdata._global_impure_ptr
                0x00000000000005e8        0x4 c:/intelfpga_lite/18.1/nios2eds/bin/gnu/h-x86_64-mingw32/bin/../lib/gcc/nios2-elf/5.3.0/../../../../../H-x86_64-mingw32/nios2-elf/lib\libsmallc.a(lib_a-impure.o)
                0x00000000000005e8                _global_impure_ptr
 .sdata._impure_ptr
                0x00000000000005ec        0x4 c:/intelfpga_lite/18.1/nios2eds/bin/gnu/h-x86_64-mingw32/bin/../lib/gcc/nios2-elf/5.3.0/../../../../../H-x86_64-mingw32/nios2-elf/lib\libsmallc.a(lib_a-impure.o)
                0x00000000000005ec                _impure_ptr
 .sdata         0x00000000000005f0        0x4 ../Test_38_bsp/\libhal_bsp.a(alt_sbrk.o)
 .sdata         0x00000000000005f4       0x14 ../Test_38_bsp/\libhal_bsp.a(alt_dev.o)
                0x00000000000005f4                alt_fs_list
                0x00000000000005fc                alt_dev_list
                0x0000000000000604                alt_max_fd
 .sdata         0x0000000000000608        0x4 ../Test_38_bsp/\libhal_bsp.a(alt_errno.o)
                0x0000000000000608                alt_errno
 .sdata         0x000000000000060c        0x4 ../Test_38_bsp/\libhal_bsp.a(alt_irq_vars.o)
                0x000000000000060c                alt_priority_mask
 .sdata         0x0000000000000610        0x8 ../Test_38_bsp/\libhal_bsp.a(alt_tick.o)
                0x0000000000000610                alt_alarm_list
 *(.sdata2 .sdata2.* .gnu.linkonce.s2.*)
                0x0000000000000618                . = ALIGN (0x4)
                0x0000000000000618                _edata = ABSOLUTE (.)
                [!provide]                        PROVIDE (edata, ABSOLUTE (.))
                0x0000000000000618                PROVIDE (__ram_rwdata_end, ABSOLUTE (.))
                0x000000001000b8a0                PROVIDE (__flash_rwdata_start, LOADADDR (.rwdata))

.bss            0x0000000000000618      0x128 load address 0x000000001000bbb0
                0x0000000000000618                __bss_start = ABSOLUTE (.)
                [!provide]                        PROVIDE (__sbss_start, ABSOLUTE (.))
                [!provide]                        PROVIDE (___sbss_start, ABSOLUTE (.))
 *(.dynsbss)
 *(.sbss .sbss.* .gnu.linkonce.sb.*)
 .sbss.__malloc_sbrk_start
                0x0000000000000618        0x4 c:/intelfpga_lite/18.1/nios2eds/bin/gnu/h-x86_64-mingw32/bin/../lib/gcc/nios2-elf/5.3.0/../../../../../H-x86_64-mingw32/nios2-elf/lib\libsmallc.a(lib_a-nano-mallocr.o)
                0x0000000000000618                __malloc_sbrk_start
 .sbss.__malloc_free_list
                0x000000000000061c        0x4 c:/intelfpga_lite/18.1/nios2eds/bin/gnu/h-x86_64-mingw32/bin/../lib/gcc/nios2-elf/5.3.0/../../../../../H-x86_64-mingw32/nios2-elf/lib\libsmallc.a(lib_a-nano-mallocr.o)
                0x000000000000061c                __malloc_free_list
 .sbss          0x0000000000000620        0x4 c:/intelfpga_lite/18.1/nios2eds/bin/gnu/h-x86_64-mingw32/bin/../lib/gcc/nios2-elf/5.3.0/../../../../../H-x86_64-mingw32/nios2-elf/lib\libsmallc.a(lib_a-int_errno.o)
                0x0000000000000620                errno
 .sbss          0x0000000000000624        0xc ../Test_38_bsp/\libhal_bsp.a(alt_main.o)
                0x0000000000000624                alt_argc
                0x0000000000000628                alt_argv
                0x000000000000062c                alt_envp
 .sbss          0x0000000000000630        0x4 ../Test_38_bsp/\libhal_bsp.a(alt_irq_vars.o)
                0x0000000000000630                alt_irq_active
 .sbss          0x0000000000000634        0x8 ../Test_38_bsp/\libhal_bsp.a(alt_tick.o)
                0x0000000000000634                _alt_tick_rate
                0x0000000000000638                _alt_nticks
 .sbss          0x000000000000063c        0x4 ../Test_38_bsp/\libhal_bsp.a(alt_instruction_exception_entry.o)
                0x000000000000063c                alt_instruction_exception_handler
 *(.sbss2 .sbss2.* .gnu.linkonce.sb2.*)
 *(.scommon)
                [!provide]                        PROVIDE (__sbss_end, ABSOLUTE (.))
                [!provide]                        PROVIDE (___sbss_end, ABSOLUTE (.))
 *(.dynbss)
 *(.bss .bss.* .gnu.linkonce.b.*)
 .bss           0x0000000000000640        0x0 ../Test_38_bsp//obj/HAL/src/crt0.o
 .bss           0x0000000000000640        0x0 obj/default/hello_world.o
 .bss           0x0000000000000640        0x0 c:/intelfpga_lite/18.1/nios2eds/bin/gnu/h-x86_64-mingw32/bin/../lib/gcc/nios2-elf/5.3.0/../../../../../H-x86_64-mingw32/nios2-elf/lib\libsmallc.a(lib_a-malloc.o)
 .bss           0x0000000000000640        0x0 c:/intelfpga_lite/18.1/nios2eds/bin/gnu/h-x86_64-mingw32/bin/../lib/gcc/nios2-elf/5.3.0/../../../../../H-x86_64-mingw32/nios2-elf/lib\libsmallc.a(lib_a-nano-freer.o)
 .bss           0x0000000000000640        0x0 c:/intelfpga_lite/18.1/nios2eds/bin/gnu/h-x86_64-mingw32/bin/../lib/gcc/nios2-elf/5.3.0/../../../../../H-x86_64-mingw32/nios2-elf/lib\libsmallc.a(lib_a-nano-mallocr.o)
 .bss           0x0000000000000640        0x0 c:/intelfpga_lite/18.1/nios2eds/bin/gnu/h-x86_64-mingw32/bin/../lib/gcc/nios2-elf/5.3.0/../../../../../H-x86_64-mingw32/nios2-elf/lib\libsmallc.a(lib_a-printf.o)
 .bss           0x0000000000000640        0x0 c:/intelfpga_lite/18.1/nios2eds/bin/gnu/h-x86_64-mingw32/bin/../lib/gcc/nios2-elf/5.3.0/../../../../../H-x86_64-mingw32/nios2-elf/lib\libsmallc.a(lib_a-puts.o)
 .bss           0x0000000000000640        0x0 c:/intelfpga_lite/18.1/nios2eds/bin/gnu/h-x86_64-mingw32/bin/../lib/gcc/nios2-elf/5.3.0/../../../../../H-x86_64-mingw32/nios2-elf/lib\libsmallc.a(lib_a-sbrkr.o)
 .bss           0x0000000000000640        0x0 c:/intelfpga_lite/18.1/nios2eds/bin/gnu/h-x86_64-mingw32/bin/../lib/gcc/nios2-elf/5.3.0/../../../../../H-x86_64-mingw32/nios2-elf/lib\libsmallc.a(lib_a-strlen.o)
 .bss           0x0000000000000640        0x0 c:/intelfpga_lite/18.1/nios2eds/bin/gnu/h-x86_64-mingw32/bin/../lib/gcc/nios2-elf/5.3.0/../../../../../H-x86_64-mingw32/nios2-elf/lib\libsmallc.a(lib_a-vfprintf.o)
 .bss           0x0000000000000640        0x0 c:/intelfpga_lite/18.1/nios2eds/bin/gnu/h-x86_64-mingw32/bin/../lib/gcc/nios2-elf/5.3.0/../../../../../H-x86_64-mingw32/nios2-elf/lib\libsmallc.a(lib_a-fvwrite_small_dev.o)
 .bss           0x0000000000000640        0x0 c:/intelfpga_lite/18.1/nios2eds/bin/gnu/h-x86_64-mingw32/bin/../lib/gcc/nios2-elf/5.3.0/../../../../../H-x86_64-mingw32/nios2-elf/lib\libsmallc.a(lib_a-impure.o)
 .bss           0x0000000000000640        0x0 c:/intelfpga_lite/18.1/nios2eds/bin/gnu/h-x86_64-mingw32/bin/../lib/gcc/nios2-elf/5.3.0/../../../../../H-x86_64-mingw32/nios2-elf/lib\libsmallc.a(lib_a-int_errno.o)
 .bss           0x0000000000000640        0x0 c:/intelfpga_lite/18.1/nios2eds/bin/gnu/h-x86_64-mingw32/bin/../lib/gcc/nios2-elf/5.3.0/../../../../../H-x86_64-mingw32/nios2-elf/lib\libsmallc.a(lib_a-writer.o)
 .bss           0x0000000000000640        0x0 c:/intelfpga_lite/18.1/nios2eds/bin/gnu/h-x86_64-mingw32/bin/../lib/gcc/nios2-elf/5.3.0\libgcc.a(lib2-divmod.o)
 .bss           0x0000000000000640        0x0 ../Test_38_bsp/\libhal_bsp.a(alt_load.o)
 .bss           0x0000000000000640        0x0 ../Test_38_bsp/\libhal_bsp.a(alt_main.o)
 .bss           0x0000000000000640        0x0 ../Test_38_bsp/\libhal_bsp.a(alt_sbrk.o)
 .bss           0x0000000000000640        0x0 ../Test_38_bsp/\libhal_bsp.a(alt_usleep.o)
 .bss           0x0000000000000640        0x0 ../Test_38_bsp/\libhal_bsp.a(alt_write.o)
 .bss           0x0000000000000640        0x0 ../Test_38_bsp/\libhal_bsp.a(alt_sys_init.o)
 .bss           0x0000000000000640        0x0 ../Test_38_bsp/\libhal_bsp.a(altera_avalon_jtag_uart_fd.o)
 .bss           0x0000000000000640        0x0 ../Test_38_bsp/\libhal_bsp.a(altera_avalon_jtag_uart_read.o)
 .bss           0x0000000000000640        0x0 ../Test_38_bsp/\libhal_bsp.a(altera_avalon_jtag_uart_write.o)
 .bss           0x0000000000000640        0x0 ../Test_38_bsp/\libhal_bsp.a(altera_avalon_timer_sc.o)
 .bss           0x0000000000000640        0x0 ../Test_38_bsp/\libhal_bsp.a(altera_avalon_uart_fd.o)
 .bss           0x0000000000000640        0x0 ../Test_38_bsp/\libhal_bsp.a(altera_avalon_uart_read.o)
 .bss           0x0000000000000640        0x0 ../Test_38_bsp/\libhal_bsp.a(altera_avalon_uart_write.o)
 .bss           0x0000000000000640        0x0 ../Test_38_bsp/\libhal_bsp.a(alt_busy_sleep.o)
 .bss           0x0000000000000640        0x0 ../Test_38_bsp/\libhal_bsp.a(alt_close.o)
 .bss           0x0000000000000640        0x0 ../Test_38_bsp/\libhal_bsp.a(alt_dcache_flush_all.o)
 .bss           0x0000000000000640        0x0 ../Test_38_bsp/\libhal_bsp.a(alt_dev.o)
 .bss           0x0000000000000640        0x0 ../Test_38_bsp/\libhal_bsp.a(alt_dev_llist_insert.o)
 .bss           0x0000000000000640        0x0 ../Test_38_bsp/\libhal_bsp.a(alt_do_ctors.o)
 .bss           0x0000000000000640        0x0 ../Test_38_bsp/\libhal_bsp.a(alt_do_dtors.o)
 .bss           0x0000000000000640        0x0 ../Test_38_bsp/\libhal_bsp.a(alt_errno.o)
 .bss           0x0000000000000640        0x0 ../Test_38_bsp/\libhal_bsp.a(alt_icache_flush_all.o)
 .bss           0x0000000000000640        0x0 ../Test_38_bsp/\libhal_bsp.a(alt_iic.o)
 .bss           0x0000000000000640        0x0 ../Test_38_bsp/\libhal_bsp.a(alt_iic_isr_register.o)
 .bss           0x0000000000000640        0x0 ../Test_38_bsp/\libhal_bsp.a(alt_io_redirect.o)
 .bss           0x0000000000000640        0x0 ../Test_38_bsp/\libhal_bsp.a(alt_irq_entry.o)
 .bss           0x0000000000000640        0x0 ../Test_38_bsp/\libhal_bsp.a(alt_irq_handler.o)
 .bss           0x0000000000000640        0x0 ../Test_38_bsp/\libhal_bsp.a(alt_irq_vars.o)
 .bss           0x0000000000000640        0x0 ../Test_38_bsp/\libhal_bsp.a(alt_open.o)
 .bss           0x0000000000000640        0x0 ../Test_38_bsp/\libhal_bsp.a(alt_release_fd.o)
 .bss           0x0000000000000640        0x0 ../Test_38_bsp/\libhal_bsp.a(alt_tick.o)
 .bss           0x0000000000000640        0x0 ../Test_38_bsp/\libhal_bsp.a(altera_nios2_gen2_irq.o)
 .bss           0x0000000000000640        0x0 ../Test_38_bsp/\libhal_bsp.a(alt_exception_entry.o)
 .bss           0x0000000000000640        0x0 ../Test_38_bsp/\libhal_bsp.a(alt_find_dev.o)
 .bss           0x0000000000000640        0x0 ../Test_38_bsp/\libhal_bsp.a(alt_find_file.o)
 .bss           0x0000000000000640        0x0 ../Test_38_bsp/\libhal_bsp.a(alt_get_fd.o)
 .bss           0x0000000000000640        0x0 ../Test_38_bsp/\libhal_bsp.a(alt_icache_flush.o)
 .bss           0x0000000000000640        0x0 ../Test_38_bsp/\libhal_bsp.a(alt_instruction_exception_entry.o)
 .bss           0x0000000000000640        0x0 c:/intelfpga_lite/18.1/nios2eds/bin/gnu/h-x86_64-mingw32/bin/../lib/gcc/nios2-elf/5.3.0/../../../../../H-x86_64-mingw32/nios2-elf/lib\libsmallc.a(lib_a-atexit.o)
 .bss           0x0000000000000640        0x0 c:/intelfpga_lite/18.1/nios2eds/bin/gnu/h-x86_64-mingw32/bin/../lib/gcc/nios2-elf/5.3.0/../../../../../H-x86_64-mingw32/nios2-elf/lib\libsmallc.a(lib_a-exit.o)
 .bss           0x0000000000000640        0x0 c:/intelfpga_lite/18.1/nios2eds/bin/gnu/h-x86_64-mingw32/bin/../lib/gcc/nios2-elf/5.3.0/../../../../../H-x86_64-mingw32/nios2-elf/lib\libsmallc.a(lib_a-memcmp.o)
 .bss           0x0000000000000640        0x0 c:/intelfpga_lite/18.1/nios2eds/bin/gnu/h-x86_64-mingw32/bin/../lib/gcc/nios2-elf/5.3.0/../../../../../H-x86_64-mingw32/nios2-elf/lib\libsmallc.a(lib_a-__atexit.o)
 .bss           0x0000000000000640        0x0 c:/intelfpga_lite/18.1/nios2eds/bin/gnu/h-x86_64-mingw32/bin/../lib/gcc/nios2-elf/5.3.0/../../../../../H-x86_64-mingw32/nios2-elf/lib\libsmallc.a(lib_a-__call_atexit.o)
 .bss           0x0000000000000640        0x0 ../Test_38_bsp/\libhal_bsp.a(alt_exit.o)
 *(COMMON)
 COMMON         0x0000000000000640      0x100 ../Test_38_bsp/\libhal_bsp.a(alt_irq_handler.o)
                0x0000000000000640                alt_irq
                0x0000000000000740                . = ALIGN (0x4)
                0x0000000000000740                __bss_end = ABSOLUTE (.)

.mem_if_lpddr2_emif_0
                0x0000000000000740        0x0 load address 0x000000001000bbb0
                [!provide]                        PROVIDE (_alt_partition_mem_if_lpddr2_emif_0_start, ABSOLUTE (.))
 *(.mem_if_lpddr2_emif_0 .mem_if_lpddr2_emif_0. mem_if_lpddr2_emif_0.*)
                0x0000000000000740                . = ALIGN (0x4)
                [!provide]                        PROVIDE (_alt_partition_mem_if_lpddr2_emif_0_end, ABSOLUTE (.))
                0x0000000000000740                _end = ABSOLUTE (.)
                0x0000000000000740                end = ABSOLUTE (.)
                0x0000000000000740                __alt_stack_base = ABSOLUTE (.)
                [!provide]                        PROVIDE (_alt_partition_mem_if_lpddr2_emif_0_load_addr, LOADADDR (.mem_if_lpddr2_emif_0))

.onchip_mem     0x000000001000bbb0        0x0
                [!provide]                        PROVIDE (_alt_partition_onchip_mem_start, ABSOLUTE (.))
 *(.onchip_mem .onchip_mem. onchip_mem.*)
                0x000000001000bbb0                . = ALIGN (0x4)
                [!provide]                        PROVIDE (_alt_partition_onchip_mem_end, ABSOLUTE (.))
                [!provide]                        PROVIDE (_alt_partition_onchip_mem_load_addr, LOADADDR (.onchip_mem))

.stab
 *(.stab)

.stabstr
 *(.stabstr)

.stab.excl
 *(.stab.excl)

.stab.exclstr
 *(.stab.exclstr)

.stab.index
 *(.stab.index)

.stab.indexstr
 *(.stab.indexstr)

.comment        0x0000000000000000       0x23
 *(.comment)
 .comment       0x0000000000000000       0x23 obj/default/hello_world.o
                                         0x24 (size before relaxing)
 .comment       0x0000000000000023       0x24 c:/intelfpga_lite/18.1/nios2eds/bin/gnu/h-x86_64-mingw32/bin/../lib/gcc/nios2-elf/5.3.0/../../../../../H-x86_64-mingw32/nios2-elf/lib\libsmallc.a(lib_a-malloc.o)
 .comment       0x0000000000000023       0x24 c:/intelfpga_lite/18.1/nios2eds/bin/gnu/h-x86_64-mingw32/bin/../lib/gcc/nios2-elf/5.3.0/../../../../../H-x86_64-mingw32/nios2-elf/lib\libsmallc.a(lib_a-nano-freer.o)
 .comment       0x0000000000000023       0x24 c:/intelfpga_lite/18.1/nios2eds/bin/gnu/h-x86_64-mingw32/bin/../lib/gcc/nios2-elf/5.3.0/../../../../../H-x86_64-mingw32/nios2-elf/lib\libsmallc.a(lib_a-nano-mallocr.o)
 .comment       0x0000000000000023       0x24 c:/intelfpga_lite/18.1/nios2eds/bin/gnu/h-x86_64-mingw32/bin/../lib/gcc/nios2-elf/5.3.0/../../../../../H-x86_64-mingw32/nios2-elf/lib\libsmallc.a(lib_a-printf.o)
 .comment       0x0000000000000023       0x24 c:/intelfpga_lite/18.1/nios2eds/bin/gnu/h-x86_64-mingw32/bin/../lib/gcc/nios2-elf/5.3.0/../../../../../H-x86_64-mingw32/nios2-elf/lib\libsmallc.a(lib_a-puts.o)
 .comment       0x0000000000000023       0x24 c:/intelfpga_lite/18.1/nios2eds/bin/gnu/h-x86_64-mingw32/bin/../lib/gcc/nios2-elf/5.3.0/../../../../../H-x86_64-mingw32/nios2-elf/lib\libsmallc.a(lib_a-sbrkr.o)
 .comment       0x0000000000000023       0x24 c:/intelfpga_lite/18.1/nios2eds/bin/gnu/h-x86_64-mingw32/bin/../lib/gcc/nios2-elf/5.3.0/../../../../../H-x86_64-mingw32/nios2-elf/lib\libsmallc.a(lib_a-strlen.o)
 .comment       0x0000000000000023       0x24 c:/intelfpga_lite/18.1/nios2eds/bin/gnu/h-x86_64-mingw32/bin/../lib/gcc/nios2-elf/5.3.0/../../../../../H-x86_64-mingw32/nios2-elf/lib\libsmallc.a(lib_a-vfprintf.o)
 .comment       0x0000000000000023       0x24 c:/intelfpga_lite/18.1/nios2eds/bin/gnu/h-x86_64-mingw32/bin/../lib/gcc/nios2-elf/5.3.0/../../../../../H-x86_64-mingw32/nios2-elf/lib\libsmallc.a(lib_a-fvwrite_small_dev.o)
 .comment       0x0000000000000023       0x24 c:/intelfpga_lite/18.1/nios2eds/bin/gnu/h-x86_64-mingw32/bin/../lib/gcc/nios2-elf/5.3.0/../../../../../H-x86_64-mingw32/nios2-elf/lib\libsmallc.a(lib_a-impure.o)
 .comment       0x0000000000000023       0x24 c:/intelfpga_lite/18.1/nios2eds/bin/gnu/h-x86_64-mingw32/bin/../lib/gcc/nios2-elf/5.3.0/../../../../../H-x86_64-mingw32/nios2-elf/lib\libsmallc.a(lib_a-int_errno.o)
 .comment       0x0000000000000023       0x24 c:/intelfpga_lite/18.1/nios2eds/bin/gnu/h-x86_64-mingw32/bin/../lib/gcc/nios2-elf/5.3.0/../../../../../H-x86_64-mingw32/nios2-elf/lib\libsmallc.a(lib_a-writer.o)
 .comment       0x0000000000000023       0x24 c:/intelfpga_lite/18.1/nios2eds/bin/gnu/h-x86_64-mingw32/bin/../lib/gcc/nios2-elf/5.3.0\libgcc.a(lib2-divmod.o)
 .comment       0x0000000000000023       0x24 ../Test_38_bsp/\libhal_bsp.a(alt_load.o)
 .comment       0x0000000000000023       0x24 ../Test_38_bsp/\libhal_bsp.a(alt_main.o)
 .comment       0x0000000000000023       0x24 ../Test_38_bsp/\libhal_bsp.a(alt_sbrk.o)
 .comment       0x0000000000000023       0x24 ../Test_38_bsp/\libhal_bsp.a(alt_usleep.o)
 .comment       0x0000000000000023       0x24 ../Test_38_bsp/\libhal_bsp.a(alt_write.o)
 .comment       0x0000000000000023       0x24 ../Test_38_bsp/\libhal_bsp.a(alt_sys_init.o)
 .comment       0x0000000000000023       0x24 ../Test_38_bsp/\libhal_bsp.a(altera_avalon_jtag_uart_fd.o)
 .comment       0x0000000000000023       0x24 ../Test_38_bsp/\libhal_bsp.a(altera_avalon_jtag_uart_read.o)
 .comment       0x0000000000000023       0x24 ../Test_38_bsp/\libhal_bsp.a(altera_avalon_jtag_uart_write.o)
 .comment       0x0000000000000023       0x24 ../Test_38_bsp/\libhal_bsp.a(altera_avalon_timer_sc.o)
 .comment       0x0000000000000023       0x24 ../Test_38_bsp/\libhal_bsp.a(altera_avalon_uart_fd.o)
 .comment       0x0000000000000023       0x24 ../Test_38_bsp/\libhal_bsp.a(altera_avalon_uart_read.o)
 .comment       0x0000000000000023       0x24 ../Test_38_bsp/\libhal_bsp.a(altera_avalon_uart_write.o)
 .comment       0x0000000000000023       0x24 ../Test_38_bsp/\libhal_bsp.a(alt_busy_sleep.o)
 .comment       0x0000000000000023       0x24 ../Test_38_bsp/\libhal_bsp.a(alt_close.o)
 .comment       0x0000000000000023       0x24 ../Test_38_bsp/\libhal_bsp.a(alt_dcache_flush_all.o)
 .comment       0x0000000000000023       0x24 ../Test_38_bsp/\libhal_bsp.a(alt_dev.o)
 .comment       0x0000000000000023       0x24 ../Test_38_bsp/\libhal_bsp.a(alt_dev_llist_insert.o)
 .comment       0x0000000000000023       0x24 ../Test_38_bsp/\libhal_bsp.a(alt_do_ctors.o)
 .comment       0x0000000000000023       0x24 ../Test_38_bsp/\libhal_bsp.a(alt_do_dtors.o)
 .comment       0x0000000000000023       0x24 ../Test_38_bsp/\libhal_bsp.a(alt_errno.o)
 .comment       0x0000000000000023       0x24 ../Test_38_bsp/\libhal_bsp.a(alt_icache_flush_all.o)
 .comment       0x0000000000000023       0x24 ../Test_38_bsp/\libhal_bsp.a(alt_iic.o)
 .comment       0x0000000000000023       0x24 ../Test_38_bsp/\libhal_bsp.a(alt_iic_isr_register.o)
 .comment       0x0000000000000023       0x24 ../Test_38_bsp/\libhal_bsp.a(alt_io_redirect.o)
 .comment       0x0000000000000023       0x24 ../Test_38_bsp/\libhal_bsp.a(alt_irq_handler.o)
 .comment       0x0000000000000023       0x24 ../Test_38_bsp/\libhal_bsp.a(alt_irq_vars.o)
 .comment       0x0000000000000023       0x24 ../Test_38_bsp/\libhal_bsp.a(alt_open.o)
 .comment       0x0000000000000023       0x24 ../Test_38_bsp/\libhal_bsp.a(alt_release_fd.o)
 .comment       0x0000000000000023       0x24 ../Test_38_bsp/\libhal_bsp.a(alt_tick.o)
 .comment       0x0000000000000023       0x24 ../Test_38_bsp/\libhal_bsp.a(altera_nios2_gen2_irq.o)
 .comment       0x0000000000000023       0x24 ../Test_38_bsp/\libhal_bsp.a(alt_find_dev.o)
 .comment       0x0000000000000023       0x24 ../Test_38_bsp/\libhal_bsp.a(alt_find_file.o)
 .comment       0x0000000000000023       0x24 ../Test_38_bsp/\libhal_bsp.a(alt_get_fd.o)
 .comment       0x0000000000000023       0x24 ../Test_38_bsp/\libhal_bsp.a(alt_icache_flush.o)
 .comment       0x0000000000000023       0x24 ../Test_38_bsp/\libhal_bsp.a(alt_instruction_exception_entry.o)
 .comment       0x0000000000000023       0x24 c:/intelfpga_lite/18.1/nios2eds/bin/gnu/h-x86_64-mingw32/bin/../lib/gcc/nios2-elf/5.3.0/../../../../../H-x86_64-mingw32/nios2-elf/lib\libsmallc.a(lib_a-atexit.o)
 .comment       0x0000000000000023       0x24 c:/intelfpga_lite/18.1/nios2eds/bin/gnu/h-x86_64-mingw32/bin/../lib/gcc/nios2-elf/5.3.0/../../../../../H-x86_64-mingw32/nios2-elf/lib\libsmallc.a(lib_a-exit.o)
 .comment       0x0000000000000023       0x24 c:/intelfpga_lite/18.1/nios2eds/bin/gnu/h-x86_64-mingw32/bin/../lib/gcc/nios2-elf/5.3.0/../../../../../H-x86_64-mingw32/nios2-elf/lib\libsmallc.a(lib_a-memcmp.o)
 .comment       0x0000000000000023       0x24 c:/intelfpga_lite/18.1/nios2eds/bin/gnu/h-x86_64-mingw32/bin/../lib/gcc/nios2-elf/5.3.0/../../../../../H-x86_64-mingw32/nios2-elf/lib\libsmallc.a(lib_a-__atexit.o)
 .comment       0x0000000000000023       0x24 c:/intelfpga_lite/18.1/nios2eds/bin/gnu/h-x86_64-mingw32/bin/../lib/gcc/nios2-elf/5.3.0/../../../../../H-x86_64-mingw32/nios2-elf/lib\libsmallc.a(lib_a-__call_atexit.o)
 .comment       0x0000000000000023       0x24 ../Test_38_bsp/\libhal_bsp.a(alt_exit.o)

.debug
 *(.debug)

.line
 *(.line)

.debug_srcinfo
 *(.debug_srcinfo)

.debug_sfnames
 *(.debug_sfnames)

.debug_aranges  0x0000000000000000      0x7a0
 *(.debug_aranges)
 .debug_aranges
                0x0000000000000000       0x28 ../Test_38_bsp//obj/HAL/src/crt0.o
 .debug_aranges
                0x0000000000000028       0x20 obj/default/hello_world.o
 .debug_aranges
                0x0000000000000048       0x28 c:/intelfpga_lite/18.1/nios2eds/bin/gnu/h-x86_64-mingw32/bin/../lib/gcc/nios2-elf/5.3.0/../../../../../H-x86_64-mingw32/nios2-elf/lib\libsmallc.a(lib_a-malloc.o)
 .debug_aranges
                0x0000000000000070       0x20 c:/intelfpga_lite/18.1/nios2eds/bin/gnu/h-x86_64-mingw32/bin/../lib/gcc/nios2-elf/5.3.0/../../../../../H-x86_64-mingw32/nios2-elf/lib\libsmallc.a(lib_a-nano-freer.o)
 .debug_aranges
                0x0000000000000090       0x20 c:/intelfpga_lite/18.1/nios2eds/bin/gnu/h-x86_64-mingw32/bin/../lib/gcc/nios2-elf/5.3.0/../../../../../H-x86_64-mingw32/nios2-elf/lib\libsmallc.a(lib_a-nano-mallocr.o)
 .debug_aranges
                0x00000000000000b0       0x28 c:/intelfpga_lite/18.1/nios2eds/bin/gnu/h-x86_64-mingw32/bin/../lib/gcc/nios2-elf/5.3.0/../../../../../H-x86_64-mingw32/nios2-elf/lib\libsmallc.a(lib_a-printf.o)
 .debug_aranges
                0x00000000000000d8       0x28 c:/intelfpga_lite/18.1/nios2eds/bin/gnu/h-x86_64-mingw32/bin/../lib/gcc/nios2-elf/5.3.0/../../../../../H-x86_64-mingw32/nios2-elf/lib\libsmallc.a(lib_a-puts.o)
 .debug_aranges
                0x0000000000000100       0x20 c:/intelfpga_lite/18.1/nios2eds/bin/gnu/h-x86_64-mingw32/bin/../lib/gcc/nios2-elf/5.3.0/../../../../../H-x86_64-mingw32/nios2-elf/lib\libsmallc.a(lib_a-sbrkr.o)
 .debug_aranges
                0x0000000000000120       0x20 c:/intelfpga_lite/18.1/nios2eds/bin/gnu/h-x86_64-mingw32/bin/../lib/gcc/nios2-elf/5.3.0/../../../../../H-x86_64-mingw32/nios2-elf/lib\libsmallc.a(lib_a-strlen.o)
 .debug_aranges
                0x0000000000000140       0x30 c:/intelfpga_lite/18.1/nios2eds/bin/gnu/h-x86_64-mingw32/bin/../lib/gcc/nios2-elf/5.3.0/../../../../../H-x86_64-mingw32/nios2-elf/lib\libsmallc.a(lib_a-vfprintf.o)
 .debug_aranges
                0x0000000000000170       0x20 c:/intelfpga_lite/18.1/nios2eds/bin/gnu/h-x86_64-mingw32/bin/../lib/gcc/nios2-elf/5.3.0/../../../../../H-x86_64-mingw32/nios2-elf/lib\libsmallc.a(lib_a-fvwrite_small_dev.o)
 .debug_aranges
                0x0000000000000190       0x18 c:/intelfpga_lite/18.1/nios2eds/bin/gnu/h-x86_64-mingw32/bin/../lib/gcc/nios2-elf/5.3.0/../../../../../H-x86_64-mingw32/nios2-elf/lib\libsmallc.a(lib_a-impure.o)
 .debug_aranges
                0x00000000000001a8       0x18 c:/intelfpga_lite/18.1/nios2eds/bin/gnu/h-x86_64-mingw32/bin/../lib/gcc/nios2-elf/5.3.0/../../../../../H-x86_64-mingw32/nios2-elf/lib\libsmallc.a(lib_a-int_errno.o)
 .debug_aranges
                0x00000000000001c0       0x20 c:/intelfpga_lite/18.1/nios2eds/bin/gnu/h-x86_64-mingw32/bin/../lib/gcc/nios2-elf/5.3.0/../../../../../H-x86_64-mingw32/nios2-elf/lib\libsmallc.a(lib_a-writer.o)
 .debug_aranges
                0x00000000000001e0       0x20 c:/intelfpga_lite/18.1/nios2eds/bin/gnu/h-x86_64-mingw32/bin/../lib/gcc/nios2-elf/5.3.0\libgcc.a(lib2-divmod.o)
 .debug_aranges
                0x0000000000000200       0x20 ../Test_38_bsp/\libhal_bsp.a(alt_load.o)
 .debug_aranges
                0x0000000000000220       0x20 ../Test_38_bsp/\libhal_bsp.a(alt_main.o)
 .debug_aranges
                0x0000000000000240       0x20 ../Test_38_bsp/\libhal_bsp.a(alt_sbrk.o)
 .debug_aranges
                0x0000000000000260       0x20 ../Test_38_bsp/\libhal_bsp.a(alt_usleep.o)
 .debug_aranges
                0x0000000000000280       0x20 ../Test_38_bsp/\libhal_bsp.a(alt_write.o)
 .debug_aranges
                0x00000000000002a0       0x20 ../Test_38_bsp/\libhal_bsp.a(alt_sys_init.o)
 .debug_aranges
                0x00000000000002c0       0x20 ../Test_38_bsp/\libhal_bsp.a(altera_avalon_jtag_uart_fd.o)
 .debug_aranges
                0x00000000000002e0       0x20 ../Test_38_bsp/\libhal_bsp.a(altera_avalon_jtag_uart_read.o)
 .debug_aranges
                0x0000000000000300       0x20 ../Test_38_bsp/\libhal_bsp.a(altera_avalon_jtag_uart_write.o)
 .debug_aranges
                0x0000000000000320       0x20 ../Test_38_bsp/\libhal_bsp.a(altera_avalon_timer_sc.o)
 .debug_aranges
                0x0000000000000340       0x20 ../Test_38_bsp/\libhal_bsp.a(altera_avalon_uart_fd.o)
 .debug_aranges
                0x0000000000000360       0x20 ../Test_38_bsp/\libhal_bsp.a(altera_avalon_uart_read.o)
 .debug_aranges
                0x0000000000000380       0x20 ../Test_38_bsp/\libhal_bsp.a(altera_avalon_uart_write.o)
 .debug_aranges
                0x00000000000003a0       0x20 ../Test_38_bsp/\libhal_bsp.a(alt_busy_sleep.o)
 .debug_aranges
                0x00000000000003c0       0x20 ../Test_38_bsp/\libhal_bsp.a(alt_close.o)
 .debug_aranges
                0x00000000000003e0       0x20 ../Test_38_bsp/\libhal_bsp.a(alt_dcache_flush_all.o)
 .debug_aranges
                0x0000000000000400       0x20 ../Test_38_bsp/\libhal_bsp.a(alt_dev.o)
 .debug_aranges
                0x0000000000000420       0x20 ../Test_38_bsp/\libhal_bsp.a(alt_dev_llist_insert.o)
 .debug_aranges
                0x0000000000000440       0x20 ../Test_38_bsp/\libhal_bsp.a(alt_do_ctors.o)
 .debug_aranges
                0x0000000000000460       0x20 ../Test_38_bsp/\libhal_bsp.a(alt_do_dtors.o)
 .debug_aranges
                0x0000000000000480       0x18 ../Test_38_bsp/\libhal_bsp.a(alt_errno.o)
 .debug_aranges
                0x0000000000000498       0x20 ../Test_38_bsp/\libhal_bsp.a(alt_icache_flush_all.o)
 .debug_aranges
                0x00000000000004b8       0x20 ../Test_38_bsp/\libhal_bsp.a(alt_iic.o)
 .debug_aranges
                0x00000000000004d8       0x20 ../Test_38_bsp/\libhal_bsp.a(alt_iic_isr_register.o)
 .debug_aranges
                0x00000000000004f8       0x20 ../Test_38_bsp/\libhal_bsp.a(alt_io_redirect.o)
 .debug_aranges
                0x0000000000000518       0x30 ../Test_38_bsp/\libhal_bsp.a(alt_irq_entry.o)
 .debug_aranges
                0x0000000000000548       0x20 ../Test_38_bsp/\libhal_bsp.a(alt_irq_handler.o)
 .debug_aranges
                0x0000000000000568       0x18 ../Test_38_bsp/\libhal_bsp.a(alt_irq_vars.o)
 .debug_aranges
                0x0000000000000580       0x20 ../Test_38_bsp/\libhal_bsp.a(alt_open.o)
 .debug_aranges
                0x00000000000005a0       0x20 ../Test_38_bsp/\libhal_bsp.a(alt_release_fd.o)
 .debug_aranges
                0x00000000000005c0       0x20 ../Test_38_bsp/\libhal_bsp.a(alt_tick.o)
 .debug_aranges
                0x00000000000005e0       0x20 ../Test_38_bsp/\libhal_bsp.a(altera_nios2_gen2_irq.o)
 .debug_aranges
                0x0000000000000600       0x38 ../Test_38_bsp/\libhal_bsp.a(alt_exception_entry.o)
 .debug_aranges
                0x0000000000000638       0x20 ../Test_38_bsp/\libhal_bsp.a(alt_find_dev.o)
 .debug_aranges
                0x0000000000000658       0x20 ../Test_38_bsp/\libhal_bsp.a(alt_find_file.o)
 .debug_aranges
                0x0000000000000678       0x20 ../Test_38_bsp/\libhal_bsp.a(alt_get_fd.o)
 .debug_aranges
                0x0000000000000698       0x20 ../Test_38_bsp/\libhal_bsp.a(alt_icache_flush.o)
 .debug_aranges
                0x00000000000006b8       0x28 ../Test_38_bsp/\libhal_bsp.a(alt_instruction_exception_entry.o)
 .debug_aranges
                0x00000000000006e0       0x20 c:/intelfpga_lite/18.1/nios2eds/bin/gnu/h-x86_64-mingw32/bin/../lib/gcc/nios2-elf/5.3.0/../../../../../H-x86_64-mingw32/nios2-elf/lib\libsmallc.a(lib_a-atexit.o)
 .debug_aranges
                0x0000000000000700       0x20 c:/intelfpga_lite/18.1/nios2eds/bin/gnu/h-x86_64-mingw32/bin/../lib/gcc/nios2-elf/5.3.0/../../../../../H-x86_64-mingw32/nios2-elf/lib\libsmallc.a(lib_a-exit.o)
 .debug_aranges
                0x0000000000000720       0x20 c:/intelfpga_lite/18.1/nios2eds/bin/gnu/h-x86_64-mingw32/bin/../lib/gcc/nios2-elf/5.3.0/../../../../../H-x86_64-mingw32/nios2-elf/lib\libsmallc.a(lib_a-memcmp.o)
 .debug_aranges
                0x0000000000000740       0x20 c:/intelfpga_lite/18.1/nios2eds/bin/gnu/h-x86_64-mingw32/bin/../lib/gcc/nios2-elf/5.3.0/../../../../../H-x86_64-mingw32/nios2-elf/lib\libsmallc.a(lib_a-__atexit.o)
 .debug_aranges
                0x0000000000000760       0x20 c:/intelfpga_lite/18.1/nios2eds/bin/gnu/h-x86_64-mingw32/bin/../lib/gcc/nios2-elf/5.3.0/../../../../../H-x86_64-mingw32/nios2-elf/lib\libsmallc.a(lib_a-__call_atexit.o)
 .debug_aranges
                0x0000000000000780       0x20 ../Test_38_bsp/\libhal_bsp.a(alt_exit.o)

.debug_pubnames
 *(.debug_pubnames)

.debug_info     0x0000000000000000     0xaa16
 *(.debug_info .gnu.linkonce.wi.*)
 .debug_info    0x0000000000000000       0x9a ../Test_38_bsp//obj/HAL/src/crt0.o
 .debug_info    0x000000000000009a      0x35b obj/default/hello_world.o
 .debug_info    0x00000000000003f5      0x619 c:/intelfpga_lite/18.1/nios2eds/bin/gnu/h-x86_64-mingw32/bin/../lib/gcc/nios2-elf/5.3.0/../../../../../H-x86_64-mingw32/nios2-elf/lib\libsmallc.a(lib_a-malloc.o)
 .debug_info    0x0000000000000a0e      0x68c c:/intelfpga_lite/18.1/nios2eds/bin/gnu/h-x86_64-mingw32/bin/../lib/gcc/nios2-elf/5.3.0/../../../../../H-x86_64-mingw32/nios2-elf/lib\libsmallc.a(lib_a-nano-freer.o)
 .debug_info    0x000000000000109a      0x752 c:/intelfpga_lite/18.1/nios2eds/bin/gnu/h-x86_64-mingw32/bin/../lib/gcc/nios2-elf/5.3.0/../../../../../H-x86_64-mingw32/nios2-elf/lib\libsmallc.a(lib_a-nano-mallocr.o)
 .debug_info    0x00000000000017ec      0x699 c:/intelfpga_lite/18.1/nios2eds/bin/gnu/h-x86_64-mingw32/bin/../lib/gcc/nios2-elf/5.3.0/../../../../../H-x86_64-mingw32/nios2-elf/lib\libsmallc.a(lib_a-printf.o)
 .debug_info    0x0000000000001e85      0x66d c:/intelfpga_lite/18.1/nios2eds/bin/gnu/h-x86_64-mingw32/bin/../lib/gcc/nios2-elf/5.3.0/../../../../../H-x86_64-mingw32/nios2-elf/lib\libsmallc.a(lib_a-puts.o)
 .debug_info    0x00000000000024f2      0x608 c:/intelfpga_lite/18.1/nios2eds/bin/gnu/h-x86_64-mingw32/bin/../lib/gcc/nios2-elf/5.3.0/../../../../../H-x86_64-mingw32/nios2-elf/lib\libsmallc.a(lib_a-sbrkr.o)
 .debug_info    0x0000000000002afa       0xc9 c:/intelfpga_lite/18.1/nios2eds/bin/gnu/h-x86_64-mingw32/bin/../lib/gcc/nios2-elf/5.3.0/../../../../../H-x86_64-mingw32/nios2-elf/lib\libsmallc.a(lib_a-strlen.o)
 .debug_info    0x0000000000002bc3      0xb2b c:/intelfpga_lite/18.1/nios2eds/bin/gnu/h-x86_64-mingw32/bin/../lib/gcc/nios2-elf/5.3.0/../../../../../H-x86_64-mingw32/nios2-elf/lib\libsmallc.a(lib_a-vfprintf.o)
 .debug_info    0x00000000000036ee      0x62b c:/intelfpga_lite/18.1/nios2eds/bin/gnu/h-x86_64-mingw32/bin/../lib/gcc/nios2-elf/5.3.0/../../../../../H-x86_64-mingw32/nios2-elf/lib\libsmallc.a(lib_a-fvwrite_small_dev.o)
 .debug_info    0x0000000000003d19      0x5a9 c:/intelfpga_lite/18.1/nios2eds/bin/gnu/h-x86_64-mingw32/bin/../lib/gcc/nios2-elf/5.3.0/../../../../../H-x86_64-mingw32/nios2-elf/lib\libsmallc.a(lib_a-impure.o)
 .debug_info    0x00000000000042c2       0x8a c:/intelfpga_lite/18.1/nios2eds/bin/gnu/h-x86_64-mingw32/bin/../lib/gcc/nios2-elf/5.3.0/../../../../../H-x86_64-mingw32/nios2-elf/lib\libsmallc.a(lib_a-int_errno.o)
 .debug_info    0x000000000000434c      0x630 c:/intelfpga_lite/18.1/nios2eds/bin/gnu/h-x86_64-mingw32/bin/../lib/gcc/nios2-elf/5.3.0/../../../../../H-x86_64-mingw32/nios2-elf/lib\libsmallc.a(lib_a-writer.o)
 .debug_info    0x000000000000497c      0x2c6 c:/intelfpga_lite/18.1/nios2eds/bin/gnu/h-x86_64-mingw32/bin/../lib/gcc/nios2-elf/5.3.0\libgcc.a(lib2-divmod.o)
 .debug_info    0x0000000000004c42      0x145 ../Test_38_bsp/\libhal_bsp.a(alt_load.o)
 .debug_info    0x0000000000004d87      0x131 ../Test_38_bsp/\libhal_bsp.a(alt_main.o)
 .debug_info    0x0000000000004eb8      0x1ac ../Test_38_bsp/\libhal_bsp.a(alt_sbrk.o)
 .debug_info    0x0000000000005064       0xb0 ../Test_38_bsp/\libhal_bsp.a(alt_usleep.o)
 .debug_info    0x0000000000005114      0x4b7 ../Test_38_bsp/\libhal_bsp.a(alt_write.o)
 .debug_info    0x00000000000055cb      0x444 ../Test_38_bsp/\libhal_bsp.a(alt_sys_init.o)
 .debug_info    0x0000000000005a0f      0x3a7 ../Test_38_bsp/\libhal_bsp.a(altera_avalon_jtag_uart_fd.o)
 .debug_info    0x0000000000005db6      0x1b2 ../Test_38_bsp/\libhal_bsp.a(altera_avalon_jtag_uart_read.o)
 .debug_info    0x0000000000005f68      0x195 ../Test_38_bsp/\libhal_bsp.a(altera_avalon_jtag_uart_write.o)
 .debug_info    0x00000000000060fd      0x226 ../Test_38_bsp/\libhal_bsp.a(altera_avalon_timer_sc.o)
 .debug_info    0x0000000000006323      0x388 ../Test_38_bsp/\libhal_bsp.a(altera_avalon_uart_fd.o)
 .debug_info    0x00000000000066ab      0x1a6 ../Test_38_bsp/\libhal_bsp.a(altera_avalon_uart_read.o)
 .debug_info    0x0000000000006851      0x1b9 ../Test_38_bsp/\libhal_bsp.a(altera_avalon_uart_write.o)
 .debug_info    0x0000000000006a0a       0xd7 ../Test_38_bsp/\libhal_bsp.a(alt_busy_sleep.o)
 .debug_info    0x0000000000006ae1      0x321 ../Test_38_bsp/\libhal_bsp.a(alt_close.o)
 .debug_info    0x0000000000006e02       0x92 ../Test_38_bsp/\libhal_bsp.a(alt_dcache_flush_all.o)
 .debug_info    0x0000000000006e94      0x49c ../Test_38_bsp/\libhal_bsp.a(alt_dev.o)
 .debug_info    0x0000000000007330      0x1a9 ../Test_38_bsp/\libhal_bsp.a(alt_dev_llist_insert.o)
 .debug_info    0x00000000000074d9       0x83 ../Test_38_bsp/\libhal_bsp.a(alt_do_ctors.o)
 .debug_info    0x000000000000755c       0x83 ../Test_38_bsp/\libhal_bsp.a(alt_do_dtors.o)
 .debug_info    0x00000000000075df       0xa6 ../Test_38_bsp/\libhal_bsp.a(alt_errno.o)
 .debug_info    0x0000000000007685       0x92 ../Test_38_bsp/\libhal_bsp.a(alt_icache_flush_all.o)
 .debug_info    0x0000000000007717      0x350 ../Test_38_bsp/\libhal_bsp.a(alt_iic.o)
 .debug_info    0x0000000000007a67      0x1ef ../Test_38_bsp/\libhal_bsp.a(alt_iic_isr_register.o)
 .debug_info    0x0000000000007c56      0x4a5 ../Test_38_bsp/\libhal_bsp.a(alt_io_redirect.o)
 .debug_info    0x00000000000080fb       0xa3 ../Test_38_bsp/\libhal_bsp.a(alt_irq_entry.o)
 .debug_info    0x000000000000819e      0x187 ../Test_38_bsp/\libhal_bsp.a(alt_irq_handler.o)
 .debug_info    0x0000000000008325       0x88 ../Test_38_bsp/\libhal_bsp.a(alt_irq_vars.o)
 .debug_info    0x00000000000083ad      0x3bb ../Test_38_bsp/\libhal_bsp.a(alt_open.o)
 .debug_info    0x0000000000008768      0x2b0 ../Test_38_bsp/\libhal_bsp.a(alt_release_fd.o)
 .debug_info    0x0000000000008a18      0x299 ../Test_38_bsp/\libhal_bsp.a(alt_tick.o)
 .debug_info    0x0000000000008cb1       0x92 ../Test_38_bsp/\libhal_bsp.a(altera_nios2_gen2_irq.o)
 .debug_info    0x0000000000008d43       0xa9 ../Test_38_bsp/\libhal_bsp.a(alt_exception_entry.o)
 .debug_info    0x0000000000008dec      0x2e9 ../Test_38_bsp/\libhal_bsp.a(alt_find_dev.o)
 .debug_info    0x00000000000090d5      0x2e6 ../Test_38_bsp/\libhal_bsp.a(alt_find_file.o)
 .debug_info    0x00000000000093bb      0x310 ../Test_38_bsp/\libhal_bsp.a(alt_get_fd.o)
 .debug_info    0x00000000000096cb       0xdc ../Test_38_bsp/\libhal_bsp.a(alt_icache_flush.o)
 .debug_info    0x00000000000097a7      0x1e7 ../Test_38_bsp/\libhal_bsp.a(alt_instruction_exception_entry.o)
 .debug_info    0x000000000000998e       0xfe c:/intelfpga_lite/18.1/nios2eds/bin/gnu/h-x86_64-mingw32/bin/../lib/gcc/nios2-elf/5.3.0/../../../../../H-x86_64-mingw32/nios2-elf/lib\libsmallc.a(lib_a-atexit.o)
 .debug_info    0x0000000000009a8c       0xe5 c:/intelfpga_lite/18.1/nios2eds/bin/gnu/h-x86_64-mingw32/bin/../lib/gcc/nios2-elf/5.3.0/../../../../../H-x86_64-mingw32/nios2-elf/lib\libsmallc.a(lib_a-exit.o)
 .debug_info    0x0000000000009b71       0xf4 c:/intelfpga_lite/18.1/nios2eds/bin/gnu/h-x86_64-mingw32/bin/../lib/gcc/nios2-elf/5.3.0/../../../../../H-x86_64-mingw32/nios2-elf/lib\libsmallc.a(lib_a-memcmp.o)
 .debug_info    0x0000000000009c65      0x64a c:/intelfpga_lite/18.1/nios2eds/bin/gnu/h-x86_64-mingw32/bin/../lib/gcc/nios2-elf/5.3.0/../../../../../H-x86_64-mingw32/nios2-elf/lib\libsmallc.a(lib_a-__atexit.o)
 .debug_info    0x000000000000a2af      0x67b c:/intelfpga_lite/18.1/nios2eds/bin/gnu/h-x86_64-mingw32/bin/../lib/gcc/nios2-elf/5.3.0/../../../../../H-x86_64-mingw32/nios2-elf/lib\libsmallc.a(lib_a-__call_atexit.o)
 .debug_info    0x000000000000a92a       0xec ../Test_38_bsp/\libhal_bsp.a(alt_exit.o)

.debug_abbrev   0x0000000000000000     0x3ae9
 *(.debug_abbrev)
 .debug_abbrev  0x0000000000000000       0x12 ../Test_38_bsp//obj/HAL/src/crt0.o
 .debug_abbrev  0x0000000000000012      0x144 obj/default/hello_world.o
 .debug_abbrev  0x0000000000000156      0x1af c:/intelfpga_lite/18.1/nios2eds/bin/gnu/h-x86_64-mingw32/bin/../lib/gcc/nios2-elf/5.3.0/../../../../../H-x86_64-mingw32/nios2-elf/lib\libsmallc.a(lib_a-malloc.o)
 .debug_abbrev  0x0000000000000305      0x1dd c:/intelfpga_lite/18.1/nios2eds/bin/gnu/h-x86_64-mingw32/bin/../lib/gcc/nios2-elf/5.3.0/../../../../../H-x86_64-mingw32/nios2-elf/lib\libsmallc.a(lib_a-nano-freer.o)
 .debug_abbrev  0x00000000000004e2      0x269 c:/intelfpga_lite/18.1/nios2eds/bin/gnu/h-x86_64-mingw32/bin/../lib/gcc/nios2-elf/5.3.0/../../../../../H-x86_64-mingw32/nios2-elf/lib\libsmallc.a(lib_a-nano-mallocr.o)
 .debug_abbrev  0x000000000000074b      0x1ee c:/intelfpga_lite/18.1/nios2eds/bin/gnu/h-x86_64-mingw32/bin/../lib/gcc/nios2-elf/5.3.0/../../../../../H-x86_64-mingw32/nios2-elf/lib\libsmallc.a(lib_a-printf.o)
 .debug_abbrev  0x0000000000000939      0x1d6 c:/intelfpga_lite/18.1/nios2eds/bin/gnu/h-x86_64-mingw32/bin/../lib/gcc/nios2-elf/5.3.0/../../../../../H-x86_64-mingw32/nios2-elf/lib\libsmallc.a(lib_a-puts.o)
 .debug_abbrev  0x0000000000000b0f      0x1c5 c:/intelfpga_lite/18.1/nios2eds/bin/gnu/h-x86_64-mingw32/bin/../lib/gcc/nios2-elf/5.3.0/../../../../../H-x86_64-mingw32/nios2-elf/lib\libsmallc.a(lib_a-sbrkr.o)
 .debug_abbrev  0x0000000000000cd4       0x7f c:/intelfpga_lite/18.1/nios2eds/bin/gnu/h-x86_64-mingw32/bin/../lib/gcc/nios2-elf/5.3.0/../../../../../H-x86_64-mingw32/nios2-elf/lib\libsmallc.a(lib_a-strlen.o)
 .debug_abbrev  0x0000000000000d53      0x2a1 c:/intelfpga_lite/18.1/nios2eds/bin/gnu/h-x86_64-mingw32/bin/../lib/gcc/nios2-elf/5.3.0/../../../../../H-x86_64-mingw32/nios2-elf/lib\libsmallc.a(lib_a-vfprintf.o)
 .debug_abbrev  0x0000000000000ff4      0x1bc c:/intelfpga_lite/18.1/nios2eds/bin/gnu/h-x86_64-mingw32/bin/../lib/gcc/nios2-elf/5.3.0/../../../../../H-x86_64-mingw32/nios2-elf/lib\libsmallc.a(lib_a-fvwrite_small_dev.o)
 .debug_abbrev  0x00000000000011b0      0x14a c:/intelfpga_lite/18.1/nios2eds/bin/gnu/h-x86_64-mingw32/bin/../lib/gcc/nios2-elf/5.3.0/../../../../../H-x86_64-mingw32/nios2-elf/lib\libsmallc.a(lib_a-impure.o)
 .debug_abbrev  0x00000000000012fa       0x37 c:/intelfpga_lite/18.1/nios2eds/bin/gnu/h-x86_64-mingw32/bin/../lib/gcc/nios2-elf/5.3.0/../../../../../H-x86_64-mingw32/nios2-elf/lib\libsmallc.a(lib_a-int_errno.o)
 .debug_abbrev  0x0000000000001331      0x1a6 c:/intelfpga_lite/18.1/nios2eds/bin/gnu/h-x86_64-mingw32/bin/../lib/gcc/nios2-elf/5.3.0/../../../../../H-x86_64-mingw32/nios2-elf/lib\libsmallc.a(lib_a-writer.o)
 .debug_abbrev  0x00000000000014d7      0x10e c:/intelfpga_lite/18.1/nios2eds/bin/gnu/h-x86_64-mingw32/bin/../lib/gcc/nios2-elf/5.3.0\libgcc.a(lib2-divmod.o)
 .debug_abbrev  0x00000000000015e5       0x9f ../Test_38_bsp/\libhal_bsp.a(alt_load.o)
 .debug_abbrev  0x0000000000001684       0xba ../Test_38_bsp/\libhal_bsp.a(alt_main.o)
 .debug_abbrev  0x000000000000173e      0x112 ../Test_38_bsp/\libhal_bsp.a(alt_sbrk.o)
 .debug_abbrev  0x0000000000001850       0x60 ../Test_38_bsp/\libhal_bsp.a(alt_usleep.o)
 .debug_abbrev  0x00000000000018b0      0x133 ../Test_38_bsp/\libhal_bsp.a(alt_write.o)
 .debug_abbrev  0x00000000000019e3      0x157 ../Test_38_bsp/\libhal_bsp.a(alt_sys_init.o)
 .debug_abbrev  0x0000000000001b3a       0xf7 ../Test_38_bsp/\libhal_bsp.a(altera_avalon_jtag_uart_fd.o)
 .debug_abbrev  0x0000000000001c31       0xd5 ../Test_38_bsp/\libhal_bsp.a(altera_avalon_jtag_uart_read.o)
 .debug_abbrev  0x0000000000001d06       0xd5 ../Test_38_bsp/\libhal_bsp.a(altera_avalon_jtag_uart_write.o)
 .debug_abbrev  0x0000000000001ddb      0x155 ../Test_38_bsp/\libhal_bsp.a(altera_avalon_timer_sc.o)
 .debug_abbrev  0x0000000000001f30       0xf0 ../Test_38_bsp/\libhal_bsp.a(altera_avalon_uart_fd.o)
 .debug_abbrev  0x0000000000002020       0xd9 ../Test_38_bsp/\libhal_bsp.a(altera_avalon_uart_read.o)
 .debug_abbrev  0x00000000000020f9       0xe0 ../Test_38_bsp/\libhal_bsp.a(altera_avalon_uart_write.o)
 .debug_abbrev  0x00000000000021d9       0x7e ../Test_38_bsp/\libhal_bsp.a(alt_busy_sleep.o)
 .debug_abbrev  0x0000000000002257      0x11f ../Test_38_bsp/\libhal_bsp.a(alt_close.o)
 .debug_abbrev  0x0000000000002376       0x42 ../Test_38_bsp/\libhal_bsp.a(alt_dcache_flush_all.o)
 .debug_abbrev  0x00000000000023b8       0xd9 ../Test_38_bsp/\libhal_bsp.a(alt_dev.o)
 .debug_abbrev  0x0000000000002491      0x114 ../Test_38_bsp/\libhal_bsp.a(alt_dev_llist_insert.o)
 .debug_abbrev  0x00000000000025a5       0x79 ../Test_38_bsp/\libhal_bsp.a(alt_do_ctors.o)
 .debug_abbrev  0x000000000000261e       0x79 ../Test_38_bsp/\libhal_bsp.a(alt_do_dtors.o)
 .debug_abbrev  0x0000000000002697       0x5a ../Test_38_bsp/\libhal_bsp.a(alt_errno.o)
 .debug_abbrev  0x00000000000026f1       0x42 ../Test_38_bsp/\libhal_bsp.a(alt_icache_flush_all.o)
 .debug_abbrev  0x0000000000002733      0x163 ../Test_38_bsp/\libhal_bsp.a(alt_iic.o)
 .debug_abbrev  0x0000000000002896      0x169 ../Test_38_bsp/\libhal_bsp.a(alt_iic_isr_register.o)
 .debug_abbrev  0x00000000000029ff      0x114 ../Test_38_bsp/\libhal_bsp.a(alt_io_redirect.o)
 .debug_abbrev  0x0000000000002b13       0x12 ../Test_38_bsp/\libhal_bsp.a(alt_irq_entry.o)
 .debug_abbrev  0x0000000000002b25      0x122 ../Test_38_bsp/\libhal_bsp.a(alt_irq_handler.o)
 .debug_abbrev  0x0000000000002c47       0x40 ../Test_38_bsp/\libhal_bsp.a(alt_irq_vars.o)
 .debug_abbrev  0x0000000000002c87      0x148 ../Test_38_bsp/\libhal_bsp.a(alt_open.o)
 .debug_abbrev  0x0000000000002dcf       0xde ../Test_38_bsp/\libhal_bsp.a(alt_release_fd.o)
 .debug_abbrev  0x0000000000002ead      0x15a ../Test_38_bsp/\libhal_bsp.a(alt_tick.o)
 .debug_abbrev  0x0000000000003007       0x42 ../Test_38_bsp/\libhal_bsp.a(altera_nios2_gen2_irq.o)
 .debug_abbrev  0x0000000000003049       0x12 ../Test_38_bsp/\libhal_bsp.a(alt_exception_entry.o)
 .debug_abbrev  0x000000000000305b       0xf0 ../Test_38_bsp/\libhal_bsp.a(alt_find_dev.o)
 .debug_abbrev  0x000000000000314b       0xf0 ../Test_38_bsp/\libhal_bsp.a(alt_find_file.o)
 .debug_abbrev  0x000000000000323b      0x10d ../Test_38_bsp/\libhal_bsp.a(alt_get_fd.o)
 .debug_abbrev  0x0000000000003348       0x8c ../Test_38_bsp/\libhal_bsp.a(alt_icache_flush.o)
 .debug_abbrev  0x00000000000033d4       0xdc ../Test_38_bsp/\libhal_bsp.a(alt_instruction_exception_entry.o)
 .debug_abbrev  0x00000000000034b0       0xaa c:/intelfpga_lite/18.1/nios2eds/bin/gnu/h-x86_64-mingw32/bin/../lib/gcc/nios2-elf/5.3.0/../../../../../H-x86_64-mingw32/nios2-elf/lib\libsmallc.a(lib_a-atexit.o)
 .debug_abbrev  0x000000000000355a       0x8b c:/intelfpga_lite/18.1/nios2eds/bin/gnu/h-x86_64-mingw32/bin/../lib/gcc/nios2-elf/5.3.0/../../../../../H-x86_64-mingw32/nios2-elf/lib\libsmallc.a(lib_a-exit.o)
 .debug_abbrev  0x00000000000035e5       0x7f c:/intelfpga_lite/18.1/nios2eds/bin/gnu/h-x86_64-mingw32/bin/../lib/gcc/nios2-elf/5.3.0/../../../../../H-x86_64-mingw32/nios2-elf/lib\libsmallc.a(lib_a-memcmp.o)
 .debug_abbrev  0x0000000000003664      0x1e6 c:/intelfpga_lite/18.1/nios2eds/bin/gnu/h-x86_64-mingw32/bin/../lib/gcc/nios2-elf/5.3.0/../../../../../H-x86_64-mingw32/nios2-elf/lib\libsmallc.a(lib_a-__atexit.o)
 .debug_abbrev  0x000000000000384a      0x1f6 c:/intelfpga_lite/18.1/nios2eds/bin/gnu/h-x86_64-mingw32/bin/../lib/gcc/nios2-elf/5.3.0/../../../../../H-x86_64-mingw32/nios2-elf/lib\libsmallc.a(lib_a-__call_atexit.o)
 .debug_abbrev  0x0000000000003a40       0xa9 ../Test_38_bsp/\libhal_bsp.a(alt_exit.o)

.debug_line     0x0000000000000000     0x4088
 *(.debug_line)
 .debug_line    0x0000000000000000       0x6c ../Test_38_bsp//obj/HAL/src/crt0.o
 .debug_line    0x000000000000006c      0x2ec obj/default/hello_world.o
 .debug_line    0x0000000000000358      0x1e6 c:/intelfpga_lite/18.1/nios2eds/bin/gnu/h-x86_64-mingw32/bin/../lib/gcc/nios2-elf/5.3.0/../../../../../H-x86_64-mingw32/nios2-elf/lib\libsmallc.a(lib_a-malloc.o)
 .debug_line    0x000000000000053e      0x19f c:/intelfpga_lite/18.1/nios2eds/bin/gnu/h-x86_64-mingw32/bin/../lib/gcc/nios2-elf/5.3.0/../../../../../H-x86_64-mingw32/nios2-elf/lib\libsmallc.a(lib_a-nano-freer.o)
 .debug_line    0x00000000000006dd      0x222 c:/intelfpga_lite/18.1/nios2eds/bin/gnu/h-x86_64-mingw32/bin/../lib/gcc/nios2-elf/5.3.0/../../../../../H-x86_64-mingw32/nios2-elf/lib\libsmallc.a(lib_a-nano-mallocr.o)
 .debug_line    0x00000000000008ff      0x200 c:/intelfpga_lite/18.1/nios2eds/bin/gnu/h-x86_64-mingw32/bin/../lib/gcc/nios2-elf/5.3.0/../../../../../H-x86_64-mingw32/nios2-elf/lib\libsmallc.a(lib_a-printf.o)
 .debug_line    0x0000000000000aff      0x203 c:/intelfpga_lite/18.1/nios2eds/bin/gnu/h-x86_64-mingw32/bin/../lib/gcc/nios2-elf/5.3.0/../../../../../H-x86_64-mingw32/nios2-elf/lib\libsmallc.a(lib_a-puts.o)
 .debug_line    0x0000000000000d02      0x1dd c:/intelfpga_lite/18.1/nios2eds/bin/gnu/h-x86_64-mingw32/bin/../lib/gcc/nios2-elf/5.3.0/../../../../../H-x86_64-mingw32/nios2-elf/lib\libsmallc.a(lib_a-sbrkr.o)
 .debug_line    0x0000000000000edf      0x159 c:/intelfpga_lite/18.1/nios2eds/bin/gnu/h-x86_64-mingw32/bin/../lib/gcc/nios2-elf/5.3.0/../../../../../H-x86_64-mingw32/nios2-elf/lib\libsmallc.a(lib_a-strlen.o)
 .debug_line    0x0000000000001038      0x34f c:/intelfpga_lite/18.1/nios2eds/bin/gnu/h-x86_64-mingw32/bin/../lib/gcc/nios2-elf/5.3.0/../../../../../H-x86_64-mingw32/nios2-elf/lib\libsmallc.a(lib_a-vfprintf.o)
 .debug_line    0x0000000000001387      0x1ed c:/intelfpga_lite/18.1/nios2eds/bin/gnu/h-x86_64-mingw32/bin/../lib/gcc/nios2-elf/5.3.0/../../../../../H-x86_64-mingw32/nios2-elf/lib\libsmallc.a(lib_a-fvwrite_small_dev.o)
 .debug_line    0x0000000000001574      0x153 c:/intelfpga_lite/18.1/nios2eds/bin/gnu/h-x86_64-mingw32/bin/../lib/gcc/nios2-elf/5.3.0/../../../../../H-x86_64-mingw32/nios2-elf/lib\libsmallc.a(lib_a-impure.o)
 .debug_line    0x00000000000016c7       0x5c c:/intelfpga_lite/18.1/nios2eds/bin/gnu/h-x86_64-mingw32/bin/../lib/gcc/nios2-elf/5.3.0/../../../../../H-x86_64-mingw32/nios2-elf/lib\libsmallc.a(lib_a-int_errno.o)
 .debug_line    0x0000000000001723      0x1ea c:/intelfpga_lite/18.1/nios2eds/bin/gnu/h-x86_64-mingw32/bin/../lib/gcc/nios2-elf/5.3.0/../../../../../H-x86_64-mingw32/nios2-elf/lib\libsmallc.a(lib_a-writer.o)
 .debug_line    0x000000000000190d      0x102 c:/intelfpga_lite/18.1/nios2eds/bin/gnu/h-x86_64-mingw32/bin/../lib/gcc/nios2-elf/5.3.0\libgcc.a(lib2-divmod.o)
 .debug_line    0x0000000000001a0f       0x8e ../Test_38_bsp/\libhal_bsp.a(alt_load.o)
 .debug_line    0x0000000000001a9d       0xa4 ../Test_38_bsp/\libhal_bsp.a(alt_main.o)
 .debug_line    0x0000000000001b41       0xf3 ../Test_38_bsp/\libhal_bsp.a(alt_sbrk.o)
 .debug_line    0x0000000000001c34       0xad ../Test_38_bsp/\libhal_bsp.a(alt_usleep.o)
 .debug_line    0x0000000000001ce1      0x1db ../Test_38_bsp/\libhal_bsp.a(alt_write.o)
 .debug_line    0x0000000000001ebc      0x176 ../Test_38_bsp/\libhal_bsp.a(alt_sys_init.o)
 .debug_line    0x0000000000002032      0x112 ../Test_38_bsp/\libhal_bsp.a(altera_avalon_jtag_uart_fd.o)
 .debug_line    0x0000000000002144       0xfd ../Test_38_bsp/\libhal_bsp.a(altera_avalon_jtag_uart_read.o)
 .debug_line    0x0000000000002241       0xf4 ../Test_38_bsp/\libhal_bsp.a(altera_avalon_jtag_uart_write.o)
 .debug_line    0x0000000000002335       0xfd ../Test_38_bsp/\libhal_bsp.a(altera_avalon_timer_sc.o)
 .debug_line    0x0000000000002432       0xe5 ../Test_38_bsp/\libhal_bsp.a(altera_avalon_uart_fd.o)
 .debug_line    0x0000000000002517       0xf6 ../Test_38_bsp/\libhal_bsp.a(altera_avalon_uart_read.o)
 .debug_line    0x000000000000260d       0xfe ../Test_38_bsp/\libhal_bsp.a(altera_avalon_uart_write.o)
 .debug_line    0x000000000000270b       0xa0 ../Test_38_bsp/\libhal_bsp.a(alt_busy_sleep.o)
 .debug_line    0x00000000000027ab      0x165 ../Test_38_bsp/\libhal_bsp.a(alt_close.o)
 .debug_line    0x0000000000002910       0x51 ../Test_38_bsp/\libhal_bsp.a(alt_dcache_flush_all.o)
 .debug_line    0x0000000000002961       0xf8 ../Test_38_bsp/\libhal_bsp.a(alt_dev.o)
 .debug_line    0x0000000000002a59       0xcf ../Test_38_bsp/\libhal_bsp.a(alt_dev_llist_insert.o)
 .debug_line    0x0000000000002b28       0x59 ../Test_38_bsp/\libhal_bsp.a(alt_do_ctors.o)
 .debug_line    0x0000000000002b81       0x59 ../Test_38_bsp/\libhal_bsp.a(alt_do_dtors.o)
 .debug_line    0x0000000000002bda       0x51 ../Test_38_bsp/\libhal_bsp.a(alt_errno.o)
 .debug_line    0x0000000000002c2b       0x50 ../Test_38_bsp/\libhal_bsp.a(alt_icache_flush_all.o)
 .debug_line    0x0000000000002c7b       0xeb ../Test_38_bsp/\libhal_bsp.a(alt_iic.o)
 .debug_line    0x0000000000002d66       0xdb ../Test_38_bsp/\libhal_bsp.a(alt_iic_isr_register.o)
 .debug_line    0x0000000000002e41      0x133 ../Test_38_bsp/\libhal_bsp.a(alt_io_redirect.o)
 .debug_line    0x0000000000002f74       0x6b ../Test_38_bsp/\libhal_bsp.a(alt_irq_entry.o)
 .debug_line    0x0000000000002fdf       0xaa ../Test_38_bsp/\libhal_bsp.a(alt_irq_handler.o)
 .debug_line    0x0000000000003089       0x50 ../Test_38_bsp/\libhal_bsp.a(alt_irq_vars.o)
 .debug_line    0x00000000000030d9      0x128 ../Test_38_bsp/\libhal_bsp.a(alt_open.o)
 .debug_line    0x0000000000003201       0xae ../Test_38_bsp/\libhal_bsp.a(alt_release_fd.o)
 .debug_line    0x00000000000032af       0xff ../Test_38_bsp/\libhal_bsp.a(alt_tick.o)
 .debug_line    0x00000000000033ae       0x51 ../Test_38_bsp/\libhal_bsp.a(altera_nios2_gen2_irq.o)
 .debug_line    0x00000000000033ff       0xb3 ../Test_38_bsp/\libhal_bsp.a(alt_exception_entry.o)
 .debug_line    0x00000000000034b2       0xb5 ../Test_38_bsp/\libhal_bsp.a(alt_find_dev.o)
 .debug_line    0x0000000000003567       0xd1 ../Test_38_bsp/\libhal_bsp.a(alt_find_file.o)
 .debug_line    0x0000000000003638       0xd4 ../Test_38_bsp/\libhal_bsp.a(alt_get_fd.o)
 .debug_line    0x000000000000370c       0x81 ../Test_38_bsp/\libhal_bsp.a(alt_icache_flush.o)
 .debug_line    0x000000000000378d       0xba ../Test_38_bsp/\libhal_bsp.a(alt_instruction_exception_entry.o)
 .debug_line    0x0000000000003847       0xe4 c:/intelfpga_lite/18.1/nios2eds/bin/gnu/h-x86_64-mingw32/bin/../lib/gcc/nios2-elf/5.3.0/../../../../../H-x86_64-mingw32/nios2-elf/lib\libsmallc.a(lib_a-atexit.o)
 .debug_line    0x000000000000392b      0x156 c:/intelfpga_lite/18.1/nios2eds/bin/gnu/h-x86_64-mingw32/bin/../lib/gcc/nios2-elf/5.3.0/../../../../../H-x86_64-mingw32/nios2-elf/lib\libsmallc.a(lib_a-exit.o)
 .debug_line    0x0000000000003a81      0x15d c:/intelfpga_lite/18.1/nios2eds/bin/gnu/h-x86_64-mingw32/bin/../lib/gcc/nios2-elf/5.3.0/../../../../../H-x86_64-mingw32/nios2-elf/lib\libsmallc.a(lib_a-memcmp.o)
 .debug_line    0x0000000000003bde      0x20a c:/intelfpga_lite/18.1/nios2eds/bin/gnu/h-x86_64-mingw32/bin/../lib/gcc/nios2-elf/5.3.0/../../../../../H-x86_64-mingw32/nios2-elf/lib\libsmallc.a(lib_a-__atexit.o)
 .debug_line    0x0000000000003de8      0x22f c:/intelfpga_lite/18.1/nios2eds/bin/gnu/h-x86_64-mingw32/bin/../lib/gcc/nios2-elf/5.3.0/../../../../../H-x86_64-mingw32/nios2-elf/lib\libsmallc.a(lib_a-__call_atexit.o)
 .debug_line    0x0000000000004017       0x71 ../Test_38_bsp/\libhal_bsp.a(alt_exit.o)

.debug_frame    0x0000000000000000      0xe90
 *(.debug_frame)
 .debug_frame   0x0000000000000000       0x60 obj/default/hello_world.o
 .debug_frame   0x0000000000000060       0x30 c:/intelfpga_lite/18.1/nios2eds/bin/gnu/h-x86_64-mingw32/bin/../lib/gcc/nios2-elf/5.3.0/../../../../../H-x86_64-mingw32/nios2-elf/lib\libsmallc.a(lib_a-malloc.o)
 .debug_frame   0x0000000000000090       0x20 c:/intelfpga_lite/18.1/nios2eds/bin/gnu/h-x86_64-mingw32/bin/../lib/gcc/nios2-elf/5.3.0/../../../../../H-x86_64-mingw32/nios2-elf/lib\libsmallc.a(lib_a-nano-freer.o)
 .debug_frame   0x00000000000000b0       0x40 c:/intelfpga_lite/18.1/nios2eds/bin/gnu/h-x86_64-mingw32/bin/../lib/gcc/nios2-elf/5.3.0/../../../../../H-x86_64-mingw32/nios2-elf/lib\libsmallc.a(lib_a-nano-mallocr.o)
 .debug_frame   0x00000000000000f0       0x48 c:/intelfpga_lite/18.1/nios2eds/bin/gnu/h-x86_64-mingw32/bin/../lib/gcc/nios2-elf/5.3.0/../../../../../H-x86_64-mingw32/nios2-elf/lib\libsmallc.a(lib_a-printf.o)
 .debug_frame   0x0000000000000138       0x48 c:/intelfpga_lite/18.1/nios2eds/bin/gnu/h-x86_64-mingw32/bin/../lib/gcc/nios2-elf/5.3.0/../../../../../H-x86_64-mingw32/nios2-elf/lib\libsmallc.a(lib_a-puts.o)
 .debug_frame   0x0000000000000180       0x38 c:/intelfpga_lite/18.1/nios2eds/bin/gnu/h-x86_64-mingw32/bin/../lib/gcc/nios2-elf/5.3.0/../../../../../H-x86_64-mingw32/nios2-elf/lib\libsmallc.a(lib_a-sbrkr.o)
 .debug_frame   0x00000000000001b8       0x20 c:/intelfpga_lite/18.1/nios2eds/bin/gnu/h-x86_64-mingw32/bin/../lib/gcc/nios2-elf/5.3.0/../../../../../H-x86_64-mingw32/nios2-elf/lib\libsmallc.a(lib_a-strlen.o)
 .debug_frame   0x00000000000001d8       0x8c c:/intelfpga_lite/18.1/nios2eds/bin/gnu/h-x86_64-mingw32/bin/../lib/gcc/nios2-elf/5.3.0/../../../../../H-x86_64-mingw32/nios2-elf/lib\libsmallc.a(lib_a-vfprintf.o)
 .debug_frame   0x0000000000000264       0x58 c:/intelfpga_lite/18.1/nios2eds/bin/gnu/h-x86_64-mingw32/bin/../lib/gcc/nios2-elf/5.3.0/../../../../../H-x86_64-mingw32/nios2-elf/lib\libsmallc.a(lib_a-fvwrite_small_dev.o)
 .debug_frame   0x00000000000002bc       0x38 c:/intelfpga_lite/18.1/nios2eds/bin/gnu/h-x86_64-mingw32/bin/../lib/gcc/nios2-elf/5.3.0/../../../../../H-x86_64-mingw32/nios2-elf/lib\libsmallc.a(lib_a-writer.o)
 .debug_frame   0x00000000000002f4       0x50 c:/intelfpga_lite/18.1/nios2eds/bin/gnu/h-x86_64-mingw32/bin/../lib/gcc/nios2-elf/5.3.0\libgcc.a(lib2-divmod.o)
 .debug_frame   0x0000000000000344       0x5c ../Test_38_bsp/\libhal_bsp.a(alt_load.o)
 .debug_frame   0x00000000000003a0       0x2c ../Test_38_bsp/\libhal_bsp.a(alt_main.o)
 .debug_frame   0x00000000000003cc       0x34 ../Test_38_bsp/\libhal_bsp.a(alt_sbrk.o)
 .debug_frame   0x0000000000000400       0x38 ../Test_38_bsp/\libhal_bsp.a(alt_usleep.o)
 .debug_frame   0x0000000000000438       0x60 ../Test_38_bsp/\libhal_bsp.a(alt_write.o)
 .debug_frame   0x0000000000000498       0x88 ../Test_38_bsp/\libhal_bsp.a(alt_sys_init.o)
 .debug_frame   0x0000000000000520       0x60 ../Test_38_bsp/\libhal_bsp.a(altera_avalon_jtag_uart_fd.o)
 .debug_frame   0x0000000000000580       0x34 ../Test_38_bsp/\libhal_bsp.a(altera_avalon_jtag_uart_read.o)
 .debug_frame   0x00000000000005b4       0x34 ../Test_38_bsp/\libhal_bsp.a(altera_avalon_jtag_uart_write.o)
 .debug_frame   0x00000000000005e8       0x60 ../Test_38_bsp/\libhal_bsp.a(altera_avalon_timer_sc.o)
 .debug_frame   0x0000000000000648       0x60 ../Test_38_bsp/\libhal_bsp.a(altera_avalon_uart_fd.o)
 .debug_frame   0x00000000000006a8       0x60 ../Test_38_bsp/\libhal_bsp.a(altera_avalon_uart_read.o)
 .debug_frame   0x0000000000000708       0x60 ../Test_38_bsp/\libhal_bsp.a(altera_avalon_uart_write.o)
 .debug_frame   0x0000000000000768       0x38 ../Test_38_bsp/\libhal_bsp.a(alt_busy_sleep.o)
 .debug_frame   0x00000000000007a0       0x60 ../Test_38_bsp/\libhal_bsp.a(alt_close.o)
 .debug_frame   0x0000000000000800       0x34 ../Test_38_bsp/\libhal_bsp.a(alt_dcache_flush_all.o)
 .debug_frame   0x0000000000000834       0x34 ../Test_38_bsp/\libhal_bsp.a(alt_dev.o)
 .debug_frame   0x0000000000000868       0x60 ../Test_38_bsp/\libhal_bsp.a(alt_dev_llist_insert.o)
 .debug_frame   0x00000000000008c8       0x38 ../Test_38_bsp/\libhal_bsp.a(alt_do_ctors.o)
 .debug_frame   0x0000000000000900       0x38 ../Test_38_bsp/\libhal_bsp.a(alt_do_dtors.o)
 .debug_frame   0x0000000000000938       0x38 ../Test_38_bsp/\libhal_bsp.a(alt_icache_flush_all.o)
 .debug_frame   0x0000000000000970       0xa4 ../Test_38_bsp/\libhal_bsp.a(alt_iic.o)
 .debug_frame   0x0000000000000a14       0x38 ../Test_38_bsp/\libhal_bsp.a(alt_iic_isr_register.o)
 .debug_frame   0x0000000000000a4c       0x60 ../Test_38_bsp/\libhal_bsp.a(alt_io_redirect.o)
 .debug_frame   0x0000000000000aac       0x38 ../Test_38_bsp/\libhal_bsp.a(alt_irq_handler.o)
 .debug_frame   0x0000000000000ae4       0x84 ../Test_38_bsp/\libhal_bsp.a(alt_open.o)
 .debug_frame   0x0000000000000b68       0x34 ../Test_38_bsp/\libhal_bsp.a(alt_release_fd.o)
 .debug_frame   0x0000000000000b9c       0x5c ../Test_38_bsp/\libhal_bsp.a(alt_tick.o)
 .debug_frame   0x0000000000000bf8       0x34 ../Test_38_bsp/\libhal_bsp.a(altera_nios2_gen2_irq.o)
 .debug_frame   0x0000000000000c2c       0x38 ../Test_38_bsp/\libhal_bsp.a(alt_find_dev.o)
 .debug_frame   0x0000000000000c64       0x38 ../Test_38_bsp/\libhal_bsp.a(alt_find_file.o)
 .debug_frame   0x0000000000000c9c       0x34 ../Test_38_bsp/\libhal_bsp.a(alt_get_fd.o)
 .debug_frame   0x0000000000000cd0       0x34 ../Test_38_bsp/\libhal_bsp.a(alt_icache_flush.o)
 .debug_frame   0x0000000000000d04       0x5c ../Test_38_bsp/\libhal_bsp.a(alt_instruction_exception_entry.o)
 .debug_frame   0x0000000000000d60       0x20 c:/intelfpga_lite/18.1/nios2eds/bin/gnu/h-x86_64-mingw32/bin/../lib/gcc/nios2-elf/5.3.0/../../../../../H-x86_64-mingw32/nios2-elf/lib\libsmallc.a(lib_a-atexit.o)
 .debug_frame   0x0000000000000d80       0x28 c:/intelfpga_lite/18.1/nios2eds/bin/gnu/h-x86_64-mingw32/bin/../lib/gcc/nios2-elf/5.3.0/../../../../../H-x86_64-mingw32/nios2-elf/lib\libsmallc.a(lib_a-exit.o)
 .debug_frame   0x0000000000000da8       0x20 c:/intelfpga_lite/18.1/nios2eds/bin/gnu/h-x86_64-mingw32/bin/../lib/gcc/nios2-elf/5.3.0/../../../../../H-x86_64-mingw32/nios2-elf/lib\libsmallc.a(lib_a-memcmp.o)
 .debug_frame   0x0000000000000dc8       0x48 c:/intelfpga_lite/18.1/nios2eds/bin/gnu/h-x86_64-mingw32/bin/../lib/gcc/nios2-elf/5.3.0/../../../../../H-x86_64-mingw32/nios2-elf/lib\libsmallc.a(lib_a-__atexit.o)
 .debug_frame   0x0000000000000e10       0x54 c:/intelfpga_lite/18.1/nios2eds/bin/gnu/h-x86_64-mingw32/bin/../lib/gcc/nios2-elf/5.3.0/../../../../../H-x86_64-mingw32/nios2-elf/lib\libsmallc.a(lib_a-__call_atexit.o)
 .debug_frame   0x0000000000000e64       0x2c ../Test_38_bsp/\libhal_bsp.a(alt_exit.o)

.debug_str      0x0000000000000000     0x21ef
 *(.debug_str)
 .debug_str     0x0000000000000000      0x280 obj/default/hello_world.o
                                        0x2de (size before relaxing)
 .debug_str     0x0000000000000280      0x3ca c:/intelfpga_lite/18.1/nios2eds/bin/gnu/h-x86_64-mingw32/bin/../lib/gcc/nios2-elf/5.3.0/../../../../../H-x86_64-mingw32/nios2-elf/lib\libsmallc.a(lib_a-malloc.o)
                                        0x4b8 (size before relaxing)
 .debug_str     0x000000000000064a       0x9c c:/intelfpga_lite/18.1/nios2eds/bin/gnu/h-x86_64-mingw32/bin/../lib/gcc/nios2-elf/5.3.0/../../../../../H-x86_64-mingw32/nios2-elf/lib\libsmallc.a(lib_a-nano-freer.o)
                                        0x4fc (size before relaxing)
 .debug_str     0x00000000000006e6       0x4d c:/intelfpga_lite/18.1/nios2eds/bin/gnu/h-x86_64-mingw32/bin/../lib/gcc/nios2-elf/5.3.0/../../../../../H-x86_64-mingw32/nios2-elf/lib\libsmallc.a(lib_a-nano-mallocr.o)
                                        0x527 (size before relaxing)
 .debug_str     0x0000000000000733      0x11f c:/intelfpga_lite/18.1/nios2eds/bin/gnu/h-x86_64-mingw32/bin/../lib/gcc/nios2-elf/5.3.0/../../../../../H-x86_64-mingw32/nios2-elf/lib\libsmallc.a(lib_a-printf.o)
                                        0x4ea (size before relaxing)
 .debug_str     0x0000000000000852       0x60 c:/intelfpga_lite/18.1/nios2eds/bin/gnu/h-x86_64-mingw32/bin/../lib/gcc/nios2-elf/5.3.0/../../../../../H-x86_64-mingw32/nios2-elf/lib\libsmallc.a(lib_a-puts.o)
                                        0x4b3 (size before relaxing)
 .debug_str     0x00000000000008b2       0xd5 c:/intelfpga_lite/18.1/nios2eds/bin/gnu/h-x86_64-mingw32/bin/../lib/gcc/nios2-elf/5.3.0/../../../../../H-x86_64-mingw32/nios2-elf/lib\libsmallc.a(lib_a-sbrkr.o)
                                        0x49a (size before relaxing)
 .debug_str     0x0000000000000987       0xc4 c:/intelfpga_lite/18.1/nios2eds/bin/gnu/h-x86_64-mingw32/bin/../lib/gcc/nios2-elf/5.3.0/../../../../../H-x86_64-mingw32/nios2-elf/lib\libsmallc.a(lib_a-strlen.o)